
============================================================
  Adding hard Voronoi no-class-balance fixed-10k kmedian++ run
  Strategy:       kmedianpp with dedicated query RNG
  Reweighting:    hard Voronoi
  Class balance:  none
  Weight sum:     fixed 10000.0
  Output:         xgb_kmedianpp_noclassbalance_fixed10k_fullheldout_150q_5seeds/al_xgb_kmedianpp_hard_150_lambda_0
============================================================
/usr/lib/python3/dist-packages/scipy/__init__.py:146: UserWarning: A NumPy version >=1.17.3 and <1.25.0 is required for this version of SciPy (detected version 1.26.4
  warnings.warn(f"A NumPy version >={np_minversion} and <{np_maxversion}"
  [Torch] CUDA detected; TF32 matmul enabled where supported.
Loading warm-start data from bp_rp_lamost_normalized_low_teff.h5 ...
Loading full population from bp_rp_lamost_normalized.h5 ...
  Data loaded in 19.4s
  Warm-start: 384396 (MP=1347, MR=383049)
  Pool: 4042878 (MP=7375, MR=4035503)
  Eval set: 500000 (MP=971, MR=499029)
  Eval source: full_heldout
  Eval original warm-start membership: 43666/500000 (8.7332%)
  Eval/final warm-start overlap: 0
  Eval/query pool overlap: 0
  Train weight-sum mode: fixed; initial labeled count=384396; initial target sum=10000

============================================================
Trial 1 / 5  (seed=42)
============================================================
  [Query RNG] kmedianpp uses a dedicated RNG stream; reweighting/training RNG draws cannot change the query plan.
  [Voronoi-Hard] Computing sample weights (384396 labeled vs 4042878 pool)...
  [Timing] Voronoi-hard weights: 82.17s
  [TrainWeights] class_balance=none mode=fixed target=10000 total=10000 MP=1047.23 MR=8952.77
/home/bgg7950/.local/lib/python3.10/site-packages/xgboost/training.py:200: UserWarning: [21:31:44] WARNING: /__w/xgboost/xgboost/src/learner.cc:782: 
Parameters: { "use_label_encoder" } are not used.

  bst.update(dtrain, iteration=i, fobj=obj)
  [Timing] Classifier train: 2.25s
/home/bgg7950/.local/lib/python3.10/site-packages/xgboost/core.py:751: UserWarning: [21:31:46] WARNING: /__w/xgboost/xgboost/src/common/error_msg.cc:62: Falling back to prediction using DMatrix due to mismatched devices. This might lead to higher memory usage and slower performance. XGBoost is running on: cuda:0, while the input data is on: cpu.
Potential solutions:
- Use a data structure that matches the device ordinal in the booster.
- Set the device for booster before call to inplace_predict.

This warning will only be shown once.

  return func(**kwargs)
  [Timing] Evaluation: 1.27s
[Query    0] Acc=0.9844  Loss(test MP=1.2781 MR=0.0480 avg=0.6630)  labeled=384396 (MP=1347, MR=383049)
  [GPU] Initializing k-Median++ distances (Dynamic Chunks: 87323x10000)...
    [GPU] Initialized 87323 / 4042878 stars...
    [GPU] Initialized 523938 / 4042878 stars...
    [GPU] Initialized 960553 / 4042878 stars...
    [GPU] Initialized 1397168 / 4042878 stars...
    [GPU] Initialized 1833783 / 4042878 stars...
    [GPU] Initialized 2270398 / 4042878 stars...
    [GPU] Initialized 2707013 / 4042878 stars...
    [GPU] Initialized 3143628 / 4042878 stars...
    [GPU] Initialized 3580243 / 4042878 stars...
    [GPU] Initialized 4016858 / 4042878 stars...
  [Timing] kmedianpp query selection: 82.66s
  [Voronoi-Hard] Computing sample weights (384406 labeled vs 4042878 pool)...
  [Timing] Voronoi-hard weights: 0.15s
  [TrainWeights] class_balance=none mode=fixed target=10000 total=10000 MP=1028.45 MR=8971.55
/home/bgg7950/.local/lib/python3.10/site-packages/xgboost/training.py:200: UserWarning: [21:33:10] WARNING: /__w/xgboost/xgboost/src/learner.cc:782: 
Parameters: { "use_label_encoder" } are not used.

  bst.update(dtrain, iteration=i, fobj=obj)
  [Timing] Classifier train: 2.13s
  [Timing] Evaluation: 1.24s
[Query   10] Acc=0.9858  Loss(test MP=1.2629 MR=0.0455 avg=0.6542)  labeled=384406 (MP=1347, MR=383059)
  >> AUC snapshot at 10 queries: PR-AUC(trapz) = 0.1435; AP = 0.1444
  [Timing] kmedianpp query selection: 0.73s
  [Voronoi-Hard] Computing sample weights (384416 labeled vs 4042878 pool)...
  [Timing] Voronoi-hard weights: 0.13s
  [TrainWeights] class_balance=none mode=fixed target=10000 total=10000 MP=1014.19 MR=8985.81
/home/bgg7950/.local/lib/python3.10/site-packages/xgboost/training.py:200: UserWarning: [21:33:15] WARNING: /__w/xgboost/xgboost/src/learner.cc:782: 
Parameters: { "use_label_encoder" } are not used.

  bst.update(dtrain, iteration=i, fobj=obj)
  [Timing] Classifier train: 2.10s
  [Timing] Evaluation: 1.19s
[Query   20] Acc=0.9895  Loss(test MP=1.2768 MR=0.0387 avg=0.6578)  labeled=384416 (MP=1347, MR=383069)
  >> AUC snapshot at 20 queries: PR-AUC(trapz) = 0.1766; AP = 0.1782
  [Timing] kmedianpp query selection: 0.75s
  [Voronoi-Hard] Computing sample weights (384426 labeled vs 4042878 pool)...
  [Timing] Voronoi-hard weights: 0.14s
  [TrainWeights] class_balance=none mode=fixed target=10000 total=10000 MP=1009 MR=8991
/home/bgg7950/.local/lib/python3.10/site-packages/xgboost/training.py:200: UserWarning: [21:33:21] WARNING: /__w/xgboost/xgboost/src/learner.cc:782: 
Parameters: { "use_label_encoder" } are not used.

  bst.update(dtrain, iteration=i, fobj=obj)
  [Timing] Classifier train: 2.12s
  [Timing] Evaluation: 1.23s
[Query   30] Acc=0.9905  Loss(test MP=1.2978 MR=0.0348 avg=0.6663)  labeled=384426 (MP=1347, MR=383079)
  >> AUC snapshot at 30 queries: PR-AUC(trapz) = 0.1744; AP = 0.1761
  [Timing] kmedianpp query selection: 0.68s
  [Voronoi-Hard] Computing sample weights (384436 labeled vs 4042878 pool)...
  [Timing] Voronoi-hard weights: 0.13s
  [TrainWeights] class_balance=none mode=fixed target=10000 total=10000 MP=1003.78 MR=8996.22
/home/bgg7950/.local/lib/python3.10/site-packages/xgboost/training.py:200: UserWarning: [21:33:26] WARNING: /__w/xgboost/xgboost/src/learner.cc:782: 
Parameters: { "use_label_encoder" } are not used.

  bst.update(dtrain, iteration=i, fobj=obj)
  [Timing] Classifier train: 2.10s
  [Timing] Evaluation: 1.19s
[Query   40] Acc=0.9909  Loss(test MP=1.3372 MR=0.0343 avg=0.6857)  labeled=384436 (MP=1347, MR=383089)
  >> AUC snapshot at 40 queries: PR-AUC(trapz) = 0.1766; AP = 0.1782
  [Timing] kmedianpp query selection: 0.79s
  [Voronoi-Hard] Computing sample weights (384446 labeled vs 4042878 pool)...
  [Timing] Voronoi-hard weights: 0.14s
  [TrainWeights] class_balance=none mode=fixed target=10000 total=10000 MP=989.825 MR=9010.18
/home/bgg7950/.local/lib/python3.10/site-packages/xgboost/training.py:200: UserWarning: [21:33:31] WARNING: /__w/xgboost/xgboost/src/learner.cc:782: 
Parameters: { "use_label_encoder" } are not used.

  bst.update(dtrain, iteration=i, fobj=obj)
  [Timing] Classifier train: 2.09s
  [Timing] Evaluation: 1.19s
[Query   50] Acc=0.9914  Loss(test MP=1.3585 MR=0.0326 avg=0.6956)  labeled=384446 (MP=1347, MR=383099)
  >> AUC snapshot at 50 queries: PR-AUC(trapz) = 0.1871; AP = 0.1886
  [Timing] kmedianpp query selection: 0.70s
  [Voronoi-Hard] Computing sample weights (384456 labeled vs 4042878 pool)...
  [Timing] Voronoi-hard weights: 0.13s
  [TrainWeights] class_balance=none mode=fixed target=10000 total=10000 MP=973.304 MR=9026.7
/home/bgg7950/.local/lib/python3.10/site-packages/xgboost/training.py:200: UserWarning: [21:33:36] WARNING: /__w/xgboost/xgboost/src/learner.cc:782: 
Parameters: { "use_label_encoder" } are not used.

  bst.update(dtrain, iteration=i, fobj=obj)
  [Timing] Classifier train: 2.11s
  [Timing] Evaluation: 1.22s
[Query   60] Acc=0.9921  Loss(test MP=1.3389 MR=0.0313 avg=0.6851)  labeled=384456 (MP=1347, MR=383109)
  >> AUC snapshot at 60 queries: PR-AUC(trapz) = 0.1954; AP = 0.1969
  [Timing] kmedianpp query selection: 0.79s
  [Voronoi-Hard] Computing sample weights (384466 labeled vs 4042878 pool)...
  [Timing] Voronoi-hard weights: 0.14s
  [TrainWeights] class_balance=none mode=fixed target=10000 total=10000 MP=959.952 MR=9040.05
/home/bgg7950/.local/lib/python3.10/site-packages/xgboost/training.py:200: UserWarning: [21:33:42] WARNING: /__w/xgboost/xgboost/src/learner.cc:782: 
Parameters: { "use_label_encoder" } are not used.

  bst.update(dtrain, iteration=i, fobj=obj)
  [Timing] Classifier train: 2.11s
  [Timing] Evaluation: 1.25s
[Query   70] Acc=0.9928  Loss(test MP=1.3898 MR=0.0301 avg=0.7100)  labeled=384466 (MP=1347, MR=383119)
  >> AUC snapshot at 70 queries: PR-AUC(trapz) = 0.1993; AP = 0.2009
  [Timing] kmedianpp query selection: 0.75s
  [Voronoi-Hard] Computing sample weights (384476 labeled vs 4042878 pool)...
  [Timing] Voronoi-hard weights: 0.14s
  [TrainWeights] class_balance=none mode=fixed target=10000 total=10000 MP=945.752 MR=9054.25
/home/bgg7950/.local/lib/python3.10/site-packages/xgboost/training.py:200: UserWarning: [21:33:47] WARNING: /__w/xgboost/xgboost/src/learner.cc:782: 
Parameters: { "use_label_encoder" } are not used.

  bst.update(dtrain, iteration=i, fobj=obj)
  [Timing] Classifier train: 2.11s
  [Timing] Evaluation: 1.23s
[Query   80] Acc=0.9928  Loss(test MP=1.3599 MR=0.0302 avg=0.6951)  labeled=384476 (MP=1347, MR=383129)
  >> AUC snapshot at 80 queries: PR-AUC(trapz) = 0.2036; AP = 0.2052
  [Timing] kmedianpp query selection: 0.71s
  [Voronoi-Hard] Computing sample weights (384486 labeled vs 4042878 pool)...
  [Timing] Voronoi-hard weights: 0.13s
  [TrainWeights] class_balance=none mode=fixed target=10000 total=10000 MP=943.105 MR=9056.89
/home/bgg7950/.local/lib/python3.10/site-packages/xgboost/training.py:200: UserWarning: [21:33:52] WARNING: /__w/xgboost/xgboost/src/learner.cc:782: 
Parameters: { "use_label_encoder" } are not used.

  bst.update(dtrain, iteration=i, fobj=obj)
  [Timing] Classifier train: 2.10s
  [Timing] Evaluation: 1.23s
[Query   90] Acc=0.9931  Loss(test MP=1.3593 MR=0.0290 avg=0.6941)  labeled=384486 (MP=1347, MR=383139)
  >> AUC snapshot at 90 queries: PR-AUC(trapz) = 0.2061; AP = 0.2077
  [Timing] kmedianpp query selection: 0.79s
  [Voronoi-Hard] Computing sample weights (384496 labeled vs 4042878 pool)...
  [Timing] Voronoi-hard weights: 0.14s
  [TrainWeights] class_balance=none mode=fixed target=10000 total=10000 MP=937.3 MR=9062.7
/home/bgg7950/.local/lib/python3.10/site-packages/xgboost/training.py:200: UserWarning: [21:33:58] WARNING: /__w/xgboost/xgboost/src/learner.cc:782: 
Parameters: { "use_label_encoder" } are not used.

  bst.update(dtrain, iteration=i, fobj=obj)
  [Timing] Classifier train: 2.11s
  [Timing] Evaluation: 1.23s
[Query  100] Acc=0.9931  Loss(test MP=1.3123 MR=0.0288 avg=0.6706)  labeled=384496 (MP=1347, MR=383149)
  >> AUC snapshot at 100 queries: PR-AUC(trapz) = 0.2074; AP = 0.2090
  [Timing] kmedianpp query selection: 0.72s
  [Voronoi-Hard] Computing sample weights (384506 labeled vs 4042878 pool)...
  [Timing] Voronoi-hard weights: 0.14s
  [TrainWeights] class_balance=none mode=fixed target=10000 total=10000 MP=934.978 MR=9065.02
/home/bgg7950/.local/lib/python3.10/site-packages/xgboost/training.py:200: UserWarning: [21:34:03] WARNING: /__w/xgboost/xgboost/src/learner.cc:782: 
Parameters: { "use_label_encoder" } are not used.

  bst.update(dtrain, iteration=i, fobj=obj)
  [Timing] Classifier train: 2.11s
  [Timing] Evaluation: 1.22s
[Query  110] Acc=0.9932  Loss(test MP=1.3401 MR=0.0286 avg=0.6843)  labeled=384506 (MP=1347, MR=383159)
  >> AUC snapshot at 110 queries: PR-AUC(trapz) = 0.2060; AP = 0.2076
  [Timing] kmedianpp query selection: 0.78s
  [Voronoi-Hard] Computing sample weights (384516 labeled vs 4042878 pool)...
  [Timing] Voronoi-hard weights: 0.14s
  [TrainWeights] class_balance=none mode=fixed target=10000 total=10000 MP=922.734 MR=9077.27
/home/bgg7950/.local/lib/python3.10/site-packages/xgboost/training.py:200: UserWarning: [21:34:08] WARNING: /__w/xgboost/xgboost/src/learner.cc:782: 
Parameters: { "use_label_encoder" } are not used.

  bst.update(dtrain, iteration=i, fobj=obj)
  [Timing] Classifier train: 2.10s
  [Timing] Evaluation: 1.18s
[Query  120] Acc=0.9931  Loss(test MP=1.3011 MR=0.0285 avg=0.6648)  labeled=384516 (MP=1347, MR=383169)
  >> AUC snapshot at 120 queries: PR-AUC(trapz) = 0.2025; AP = 0.2041
  [Timing] kmedianpp query selection: 0.71s
  [Voronoi-Hard] Computing sample weights (384526 labeled vs 4042878 pool)...
  [Timing] Voronoi-hard weights: 0.14s
  [TrainWeights] class_balance=none mode=fixed target=10000 total=10000 MP=920.179 MR=9079.82
/home/bgg7950/.local/lib/python3.10/site-packages/xgboost/training.py:200: UserWarning: [21:34:13] WARNING: /__w/xgboost/xgboost/src/learner.cc:782: 
Parameters: { "use_label_encoder" } are not used.

  bst.update(dtrain, iteration=i, fobj=obj)
  [Timing] Classifier train: 2.10s
  [Timing] Evaluation: 1.17s
[Query  130] Acc=0.9940  Loss(test MP=1.3538 MR=0.0260 avg=0.6899)  labeled=384526 (MP=1347, MR=383179)
  >> AUC snapshot at 130 queries: PR-AUC(trapz) = 0.2137; AP = 0.2153
  [Timing] kmedianpp query selection: 0.76s
  [Voronoi-Hard] Computing sample weights (384536 labeled vs 4042878 pool)...
  [Timing] Voronoi-hard weights: 0.13s
  [TrainWeights] class_balance=none mode=fixed target=10000 total=10000 MP=917.502 MR=9082.5
/home/bgg7950/.local/lib/python3.10/site-packages/xgboost/training.py:200: UserWarning: [21:34:19] WARNING: /__w/xgboost/xgboost/src/learner.cc:782: 
Parameters: { "use_label_encoder" } are not used.

  bst.update(dtrain, iteration=i, fobj=obj)
  [Timing] Classifier train: 2.09s
  [Timing] Evaluation: 1.18s
[Query  140] Acc=0.9939  Loss(test MP=1.3161 MR=0.0264 avg=0.6713)  labeled=384536 (MP=1347, MR=383189)
  >> AUC snapshot at 140 queries: PR-AUC(trapz) = 0.2221; AP = 0.2237
  [Timing] kmedianpp query selection: 0.74s
  [Voronoi-Hard] Computing sample weights (384546 labeled vs 4042878 pool)...
  [Timing] Voronoi-hard weights: 0.13s
  [TrainWeights] class_balance=none mode=fixed target=10000 total=10000 MP=914.052 MR=9085.95
/home/bgg7950/.local/lib/python3.10/site-packages/xgboost/training.py:200: UserWarning: [21:34:24] WARNING: /__w/xgboost/xgboost/src/learner.cc:782: 
Parameters: { "use_label_encoder" } are not used.

  bst.update(dtrain, iteration=i, fobj=obj)
  [Timing] Classifier train: 2.10s
  [Timing] Evaluation: 1.19s
[Query  150] Acc=0.9937  Loss(test MP=1.3061 MR=0.0270 avg=0.6666)  labeled=384546 (MP=1347, MR=383199)
  >> AUC snapshot at 150 queries: PR-AUC(trapz) = 0.2099; AP = 0.2116

Trial 1 runtime: 267.9s  (data loading: 19.4s)

Saved weight distribution plot to xgb_kmedianpp_noclassbalance_fixed10k_fullheldout_150q_5seeds/al_xgb_kmedianpp_hard_150_lambda_0/weight_distribution.png
Saved PR curve plot to xgb_kmedianpp_noclassbalance_fixed10k_fullheldout_150q_5seeds/al_xgb_kmedianpp_hard_150_lambda_0/pr_curve_mp.png.

============================================================
Trial 2 / 5  (seed=43)
============================================================
  [Query RNG] kmedianpp uses a dedicated RNG stream; reweighting/training RNG draws cannot change the query plan.
  [Voronoi-Hard] Computing sample weights (384396 labeled vs 4042878 pool)...
  [Timing] Voronoi-hard weights: 82.59s
  [TrainWeights] class_balance=none mode=fixed target=10000 total=10000 MP=1047.23 MR=8952.77
/home/bgg7950/.local/lib/python3.10/site-packages/xgboost/training.py:200: UserWarning: [21:36:00] WARNING: /__w/xgboost/xgboost/src/learner.cc:782: 
Parameters: { "use_label_encoder" } are not used.

  bst.update(dtrain, iteration=i, fobj=obj)
  [Timing] Classifier train: 2.14s
  [Timing] Evaluation: 1.21s
[Query    0] Acc=0.9857  Loss(test MP=1.2790 MR=0.0458 avg=0.6624)  labeled=384396 (MP=1347, MR=383049)
  [GPU] Initializing k-Median++ distances (Dynamic Chunks: 87323x10000)...
    [GPU] Initialized 87323 / 4042878 stars...
    [GPU] Initialized 523938 / 4042878 stars...
    [GPU] Initialized 960553 / 4042878 stars...
    [GPU] Initialized 1397168 / 4042878 stars...
    [GPU] Initialized 1833783 / 4042878 stars...
    [GPU] Initialized 2270398 / 4042878 stars...
    [GPU] Initialized 2707013 / 4042878 stars...
    [GPU] Initialized 3143628 / 4042878 stars...
    [GPU] Initialized 3580243 / 4042878 stars...
    [GPU] Initialized 4016858 / 4042878 stars...
  [Timing] kmedianpp query selection: 82.83s
  [Voronoi-Hard] Computing sample weights (384406 labeled vs 4042878 pool)...
  [Timing] Voronoi-hard weights: 0.14s
  [TrainWeights] class_balance=none mode=fixed target=10000 total=10000 MP=1032.07 MR=8967.93
/home/bgg7950/.local/lib/python3.10/site-packages/xgboost/training.py:200: UserWarning: [21:37:27] WARNING: /__w/xgboost/xgboost/src/learner.cc:782: 
Parameters: { "use_label_encoder" } are not used.

  bst.update(dtrain, iteration=i, fobj=obj)
  [Timing] Classifier train: 2.10s
  [Timing] Evaluation: 1.26s
[Query   10] Acc=0.9886  Loss(test MP=1.2827 MR=0.0402 avg=0.6614)  labeled=384406 (MP=1347, MR=383059)
  >> AUC snapshot at 10 queries: PR-AUC(trapz) = 0.1583; AP = 0.1592
  [Timing] kmedianpp query selection: 0.76s
  [Voronoi-Hard] Computing sample weights (384416 labeled vs 4042878 pool)...
  [Timing] Voronoi-hard weights: 0.14s
  [TrainWeights] class_balance=none mode=fixed target=10000 total=10000 MP=1027.15 MR=8972.85
/home/bgg7950/.local/lib/python3.10/site-packages/xgboost/training.py:200: UserWarning: [21:37:32] WARNING: /__w/xgboost/xgboost/src/learner.cc:782: 
Parameters: { "use_label_encoder" } are not used.

  bst.update(dtrain, iteration=i, fobj=obj)
  [Timing] Classifier train: 2.12s
  [Timing] Evaluation: 1.21s
[Query   20] Acc=0.9889  Loss(test MP=1.2664 MR=0.0392 avg=0.6528)  labeled=384416 (MP=1347, MR=383069)
  >> AUC snapshot at 20 queries: PR-AUC(trapz) = 0.1684; AP = 0.1693
  [Timing] kmedianpp query selection: 0.78s
  [Voronoi-Hard] Computing sample weights (384426 labeled vs 4042878 pool)...
  [Timing] Voronoi-hard weights: 0.15s
  [TrainWeights] class_balance=none mode=fixed target=10000 total=10000 MP=1015.44 MR=8984.56
/home/bgg7950/.local/lib/python3.10/site-packages/xgboost/training.py:200: UserWarning: [21:37:37] WARNING: /__w/xgboost/xgboost/src/learner.cc:782: 
Parameters: { "use_label_encoder" } are not used.

  bst.update(dtrain, iteration=i, fobj=obj)
  [Timing] Classifier train: 2.09s
  [Timing] Evaluation: 1.20s
[Query   30] Acc=0.9895  Loss(test MP=1.2822 MR=0.0379 avg=0.6600)  labeled=384426 (MP=1347, MR=383079)
  >> AUC snapshot at 30 queries: PR-AUC(trapz) = 0.1673; AP = 0.1682
  [Timing] kmedianpp query selection: 0.75s
  [Voronoi-Hard] Computing sample weights (384436 labeled vs 4042878 pool)...
  [Timing] Voronoi-hard weights: 0.14s
  [TrainWeights] class_balance=none mode=fixed target=10000 total=10000 MP=1008.88 MR=8991.12
/home/bgg7950/.local/lib/python3.10/site-packages/xgboost/training.py:200: UserWarning: [21:37:43] WARNING: /__w/xgboost/xgboost/src/learner.cc:782: 
Parameters: { "use_label_encoder" } are not used.

  bst.update(dtrain, iteration=i, fobj=obj)
  [Timing] Classifier train: 2.12s
  [Timing] Evaluation: 1.20s
[Query   40] Acc=0.9903  Loss(test MP=1.2303 MR=0.0358 avg=0.6331)  labeled=384436 (MP=1347, MR=383089)
  >> AUC snapshot at 40 queries: PR-AUC(trapz) = 0.1762; AP = 0.1778
  [Timing] kmedianpp query selection: 0.79s
  [Voronoi-Hard] Computing sample weights (384446 labeled vs 4042878 pool)...
  [Timing] Voronoi-hard weights: 0.14s
  [TrainWeights] class_balance=none mode=fixed target=10000 total=10000 MP=1002.03 MR=8997.97
/home/bgg7950/.local/lib/python3.10/site-packages/xgboost/training.py:200: UserWarning: [21:37:48] WARNING: /__w/xgboost/xgboost/src/learner.cc:782: 
Parameters: { "use_label_encoder" } are not used.

  bst.update(dtrain, iteration=i, fobj=obj)
  [Timing] Classifier train: 2.10s
  [Timing] Evaluation: 1.24s
[Query   50] Acc=0.9901  Loss(test MP=1.2902 MR=0.0363 avg=0.6632)  labeled=384446 (MP=1347, MR=383099)
  >> AUC snapshot at 50 queries: PR-AUC(trapz) = 0.1768; AP = 0.1784
  [Timing] kmedianpp query selection: 0.75s
  [Voronoi-Hard] Computing sample weights (384456 labeled vs 4042878 pool)...
  [Timing] Voronoi-hard weights: 0.13s
  [TrainWeights] class_balance=none mode=fixed target=10000 total=10000 MP=999.34 MR=9000.66
/home/bgg7950/.local/lib/python3.10/site-packages/xgboost/training.py:200: UserWarning: [21:37:53] WARNING: /__w/xgboost/xgboost/src/learner.cc:782: 
Parameters: { "use_label_encoder" } are not used.

  bst.update(dtrain, iteration=i, fobj=obj)
  [Timing] Classifier train: 2.10s
  [Timing] Evaluation: 1.24s
[Query   60] Acc=0.9904  Loss(test MP=1.2598 MR=0.0354 avg=0.6476)  labeled=384456 (MP=1347, MR=383109)
  >> AUC snapshot at 60 queries: PR-AUC(trapz) = 0.1815; AP = 0.1830
  [Timing] kmedianpp query selection: 0.77s
  [Voronoi-Hard] Computing sample weights (384466 labeled vs 4042878 pool)...
  [Timing] Voronoi-hard weights: 0.14s
  [TrainWeights] class_balance=none mode=fixed target=10000 total=10000 MP=980.94 MR=9019.06
/home/bgg7950/.local/lib/python3.10/site-packages/xgboost/training.py:200: UserWarning: [21:37:58] WARNING: /__w/xgboost/xgboost/src/learner.cc:782: 
Parameters: { "use_label_encoder" } are not used.

  bst.update(dtrain, iteration=i, fobj=obj)
  [Timing] Classifier train: 2.11s
  [Timing] Evaluation: 1.24s
[Query   70] Acc=0.9916  Loss(test MP=1.2304 MR=0.0326 avg=0.6315)  labeled=384466 (MP=1347, MR=383119)
  >> AUC snapshot at 70 queries: PR-AUC(trapz) = 0.1944; AP = 0.1961
  [Timing] kmedianpp query selection: 0.76s
  [Voronoi-Hard] Computing sample weights (384476 labeled vs 4042878 pool)...
  [Timing] Voronoi-hard weights: 0.14s
  [TrainWeights] class_balance=none mode=fixed target=10000 total=10000 MP=972.75 MR=9027.25
/home/bgg7950/.local/lib/python3.10/site-packages/xgboost/training.py:200: UserWarning: [21:38:04] WARNING: /__w/xgboost/xgboost/src/learner.cc:782: 
Parameters: { "use_label_encoder" } are not used.

  bst.update(dtrain, iteration=i, fobj=obj)
  [Timing] Classifier train: 2.10s
  [Timing] Evaluation: 1.20s
[Query   80] Acc=0.9927  Loss(test MP=1.3248 MR=0.0299 avg=0.6773)  labeled=384476 (MP=1347, MR=383129)
  >> AUC snapshot at 80 queries: PR-AUC(trapz) = 0.2002; AP = 0.2018
  [Timing] kmedianpp query selection: 0.76s
  [Voronoi-Hard] Computing sample weights (384486 labeled vs 4042878 pool)...
  [Timing] Voronoi-hard weights: 0.14s
  [TrainWeights] class_balance=none mode=fixed target=10000 total=10000 MP=964.6 MR=9035.4
/home/bgg7950/.local/lib/python3.10/site-packages/xgboost/training.py:200: UserWarning: [21:38:09] WARNING: /__w/xgboost/xgboost/src/learner.cc:782: 
Parameters: { "use_label_encoder" } are not used.

  bst.update(dtrain, iteration=i, fobj=obj)
  [Timing] Classifier train: 2.09s
  [Timing] Evaluation: 1.22s
[Query   90] Acc=0.9930  Loss(test MP=1.3301 MR=0.0295 avg=0.6798)  labeled=384486 (MP=1347, MR=383139)
  >> AUC snapshot at 90 queries: PR-AUC(trapz) = 0.2044; AP = 0.2059
  [Timing] kmedianpp query selection: 0.76s
  [Voronoi-Hard] Computing sample weights (384496 labeled vs 4042878 pool)...
  [Timing] Voronoi-hard weights: 0.13s
  [TrainWeights] class_balance=none mode=fixed target=10000 total=10000 MP=956.87 MR=9043.13
/home/bgg7950/.local/lib/python3.10/site-packages/xgboost/training.py:200: UserWarning: [21:38:14] WARNING: /__w/xgboost/xgboost/src/learner.cc:782: 
Parameters: { "use_label_encoder" } are not used.

  bst.update(dtrain, iteration=i, fobj=obj)
  [Timing] Classifier train: 2.11s
  [Timing] Evaluation: 1.19s
[Query  100] Acc=0.9927  Loss(test MP=1.3005 MR=0.0292 avg=0.6648)  labeled=384496 (MP=1347, MR=383149)
  >> AUC snapshot at 100 queries: PR-AUC(trapz) = 0.2058; AP = 0.2074
  [Timing] kmedianpp query selection: 0.77s
  [Voronoi-Hard] Computing sample weights (384506 labeled vs 4042878 pool)...
  [Timing] Voronoi-hard weights: 0.14s
  [TrainWeights] class_balance=none mode=fixed target=10000 total=10000 MP=946.024 MR=9053.98
/home/bgg7950/.local/lib/python3.10/site-packages/xgboost/training.py:200: UserWarning: [21:38:20] WARNING: /__w/xgboost/xgboost/src/learner.cc:782: 
Parameters: { "use_label_encoder" } are not used.

  bst.update(dtrain, iteration=i, fobj=obj)
  [Timing] Classifier train: 2.11s
  [Timing] Evaluation: 1.25s
[Query  110] Acc=0.9932  Loss(test MP=1.3304 MR=0.0284 avg=0.6794)  labeled=384506 (MP=1347, MR=383159)
  >> AUC snapshot at 110 queries: PR-AUC(trapz) = 0.1963; AP = 0.1979
  [Timing] kmedianpp query selection: 0.74s
  [Voronoi-Hard] Computing sample weights (384516 labeled vs 4042878 pool)...
  [Timing] Voronoi-hard weights: 0.15s
  [TrainWeights] class_balance=none mode=fixed target=10000 total=10000 MP=930.223 MR=9069.78
/home/bgg7950/.local/lib/python3.10/site-packages/xgboost/training.py:200: UserWarning: [21:38:25] WARNING: /__w/xgboost/xgboost/src/learner.cc:782: 
Parameters: { "use_label_encoder" } are not used.

  bst.update(dtrain, iteration=i, fobj=obj)
  [Timing] Classifier train: 2.09s
  [Timing] Evaluation: 1.23s
[Query  120] Acc=0.9935  Loss(test MP=1.3264 MR=0.0278 avg=0.6771)  labeled=384516 (MP=1347, MR=383169)
  >> AUC snapshot at 120 queries: PR-AUC(trapz) = 0.2094; AP = 0.2110
  [Timing] kmedianpp query selection: 0.78s
  [Voronoi-Hard] Computing sample weights (384526 labeled vs 4042878 pool)...
  [Timing] Voronoi-hard weights: 0.15s
  [TrainWeights] class_balance=none mode=fixed target=10000 total=10000 MP=912.573 MR=9087.43
/home/bgg7950/.local/lib/python3.10/site-packages/xgboost/training.py:200: UserWarning: [21:38:30] WARNING: /__w/xgboost/xgboost/src/learner.cc:782: 
Parameters: { "use_label_encoder" } are not used.

  bst.update(dtrain, iteration=i, fobj=obj)
  [Timing] Classifier train: 2.10s
  [Timing] Evaluation: 1.23s
[Query  130] Acc=0.9934  Loss(test MP=1.3540 MR=0.0277 avg=0.6909)  labeled=384526 (MP=1347, MR=383179)
  >> AUC snapshot at 130 queries: PR-AUC(trapz) = 0.2002; AP = 0.2017
  [Timing] kmedianpp query selection: 0.72s
  [Voronoi-Hard] Computing sample weights (384536 labeled vs 4042878 pool)...
  [Timing] Voronoi-hard weights: 0.13s
  [TrainWeights] class_balance=none mode=fixed target=10000 total=10000 MP=912.385 MR=9087.62
/home/bgg7950/.local/lib/python3.10/site-packages/xgboost/training.py:200: UserWarning: [21:38:35] WARNING: /__w/xgboost/xgboost/src/learner.cc:782: 
Parameters: { "use_label_encoder" } are not used.

  bst.update(dtrain, iteration=i, fobj=obj)
  [Timing] Classifier train: 2.12s
  [Timing] Evaluation: 1.19s
[Query  140] Acc=0.9937  Loss(test MP=1.3495 MR=0.0271 avg=0.6883)  labeled=384536 (MP=1347, MR=383189)
  >> AUC snapshot at 140 queries: PR-AUC(trapz) = 0.2143; AP = 0.2158
  [Timing] kmedianpp query selection: 0.76s
  [Voronoi-Hard] Computing sample weights (384546 labeled vs 4042878 pool)...
  [Timing] Voronoi-hard weights: 0.14s
  [TrainWeights] class_balance=none mode=fixed target=10000 total=10000 MP=903 MR=9097
/home/bgg7950/.local/lib/python3.10/site-packages/xgboost/training.py:200: UserWarning: [21:38:41] WARNING: /__w/xgboost/xgboost/src/learner.cc:782: 
Parameters: { "use_label_encoder" } are not used.

  bst.update(dtrain, iteration=i, fobj=obj)
  [Timing] Classifier train: 2.10s
  [Timing] Evaluation: 1.20s
[Query  150] Acc=0.9941  Loss(test MP=1.3471 MR=0.0256 avg=0.6863)  labeled=384546 (MP=1347, MR=383199)
  >> AUC snapshot at 150 queries: PR-AUC(trapz) = 0.2178; AP = 0.2194

============================================================
Trial 3 / 5  (seed=44)
============================================================
  [Query RNG] kmedianpp uses a dedicated RNG stream; reweighting/training RNG draws cannot change the query plan.
  [Voronoi-Hard] Computing sample weights (384396 labeled vs 4042878 pool)...
  [Timing] Voronoi-hard weights: 82.65s
  [TrainWeights] class_balance=none mode=fixed target=10000 total=10000 MP=1047.23 MR=8952.77
/home/bgg7950/.local/lib/python3.10/site-packages/xgboost/training.py:200: UserWarning: [21:40:08] WARNING: /__w/xgboost/xgboost/src/learner.cc:782: 
Parameters: { "use_label_encoder" } are not used.

  bst.update(dtrain, iteration=i, fobj=obj)
  [Timing] Classifier train: 2.16s
  [Timing] Evaluation: 1.25s
[Query    0] Acc=0.9853  Loss(test MP=1.2663 MR=0.0465 avg=0.6564)  labeled=384396 (MP=1347, MR=383049)
  [GPU] Initializing k-Median++ distances (Dynamic Chunks: 87323x10000)...
    [GPU] Initialized 87323 / 4042878 stars...
    [GPU] Initialized 523938 / 4042878 stars...
    [GPU] Initialized 960553 / 4042878 stars...
    [GPU] Initialized 1397168 / 4042878 stars...
    [GPU] Initialized 1833783 / 4042878 stars...
    [GPU] Initialized 2270398 / 4042878 stars...
    [GPU] Initialized 2707013 / 4042878 stars...
    [GPU] Initialized 3143628 / 4042878 stars...
    [GPU] Initialized 3580243 / 4042878 stars...
    [GPU] Initialized 4016858 / 4042878 stars...
  [Timing] kmedianpp query selection: 82.85s
  [Voronoi-Hard] Computing sample weights (384406 labeled vs 4042878 pool)...
  [Timing] Voronoi-hard weights: 0.14s
  [TrainWeights] class_balance=none mode=fixed target=10000 total=10000 MP=1030.3 MR=8969.7
/home/bgg7950/.local/lib/python3.10/site-packages/xgboost/training.py:200: UserWarning: [21:41:34] WARNING: /__w/xgboost/xgboost/src/learner.cc:782: 
Parameters: { "use_label_encoder" } are not used.

  bst.update(dtrain, iteration=i, fobj=obj)
  [Timing] Classifier train: 2.13s
  [Timing] Evaluation: 1.20s
[Query   10] Acc=0.9866  Loss(test MP=1.2819 MR=0.0439 avg=0.6629)  labeled=384406 (MP=1347, MR=383059)
  >> AUC snapshot at 10 queries: PR-AUC(trapz) = 0.1604; AP = 0.1621
  [Timing] kmedianpp query selection: 0.75s
  [Voronoi-Hard] Computing sample weights (384416 labeled vs 4042878 pool)...
  [Timing] Voronoi-hard weights: 0.14s
  [TrainWeights] class_balance=none mode=fixed target=10000 total=10000 MP=1025.96 MR=8974.04
/home/bgg7950/.local/lib/python3.10/site-packages/xgboost/training.py:200: UserWarning: [21:41:39] WARNING: /__w/xgboost/xgboost/src/learner.cc:782: 
Parameters: { "use_label_encoder" } are not used.

  bst.update(dtrain, iteration=i, fobj=obj)
  [Timing] Classifier train: 2.12s
  [Timing] Evaluation: 1.25s
[Query   20] Acc=0.9870  Loss(test MP=1.3097 MR=0.0423 avg=0.6760)  labeled=384416 (MP=1347, MR=383069)
  >> AUC snapshot at 20 queries: PR-AUC(trapz) = 0.1603; AP = 0.1620
  [Timing] kmedianpp query selection: 0.78s
  [Voronoi-Hard] Computing sample weights (384426 labeled vs 4042878 pool)...
  [Timing] Voronoi-hard weights: 0.14s
  [TrainWeights] class_balance=none mode=fixed target=10000 total=10000 MP=1006.76 MR=8993.24
/home/bgg7950/.local/lib/python3.10/site-packages/xgboost/training.py:200: UserWarning: [21:41:45] WARNING: /__w/xgboost/xgboost/src/learner.cc:782: 
Parameters: { "use_label_encoder" } are not used.

  bst.update(dtrain, iteration=i, fobj=obj)
  [Timing] Classifier train: 2.12s
  [Timing] Evaluation: 1.25s
[Query   30] Acc=0.9883  Loss(test MP=1.3273 MR=0.0404 avg=0.6839)  labeled=384426 (MP=1347, MR=383079)
  >> AUC snapshot at 30 queries: PR-AUC(trapz) = 0.1691; AP = 0.1705
  [Timing] kmedianpp query selection: 0.76s
  [Voronoi-Hard] Computing sample weights (384436 labeled vs 4042878 pool)...
  [Timing] Voronoi-hard weights: 0.13s
  [TrainWeights] class_balance=none mode=fixed target=10000 total=10000 MP=992.625 MR=9007.38
/home/bgg7950/.local/lib/python3.10/site-packages/xgboost/training.py:200: UserWarning: [21:41:50] WARNING: /__w/xgboost/xgboost/src/learner.cc:782: 
Parameters: { "use_label_encoder" } are not used.

  bst.update(dtrain, iteration=i, fobj=obj)
  [Timing] Classifier train: 2.11s
  [Timing] Evaluation: 1.26s
[Query   40] Acc=0.9900  Loss(test MP=1.3105 MR=0.0360 avg=0.6733)  labeled=384436 (MP=1347, MR=383089)
  >> AUC snapshot at 40 queries: PR-AUC(trapz) = 0.1834; AP = 0.1849
  [Timing] kmedianpp query selection: 0.77s
  [Voronoi-Hard] Computing sample weights (384446 labeled vs 4042878 pool)...
  [Timing] Voronoi-hard weights: 0.13s
  [TrainWeights] class_balance=none mode=fixed target=10000 total=10000 MP=972.592 MR=9027.41
/home/bgg7950/.local/lib/python3.10/site-packages/xgboost/training.py:200: UserWarning: [21:41:56] WARNING: /__w/xgboost/xgboost/src/learner.cc:782: 
Parameters: { "use_label_encoder" } are not used.

  bst.update(dtrain, iteration=i, fobj=obj)
  [Timing] Classifier train: 2.11s
  [Timing] Evaluation: 1.20s
[Query   50] Acc=0.9909  Loss(test MP=1.3736 MR=0.0350 avg=0.7043)  labeled=384446 (MP=1347, MR=383099)
  >> AUC snapshot at 50 queries: PR-AUC(trapz) = 0.1731; AP = 0.1746
  [Timing] kmedianpp query selection: 0.76s
  [Voronoi-Hard] Computing sample weights (384456 labeled vs 4042878 pool)...
  [Timing] Voronoi-hard weights: 0.13s
  [TrainWeights] class_balance=none mode=fixed target=10000 total=10000 MP=949.309 MR=9050.69
/home/bgg7950/.local/lib/python3.10/site-packages/xgboost/training.py:200: UserWarning: [21:42:01] WARNING: /__w/xgboost/xgboost/src/learner.cc:782: 
Parameters: { "use_label_encoder" } are not used.

  bst.update(dtrain, iteration=i, fobj=obj)
  [Timing] Classifier train: 2.11s
  [Timing] Evaluation: 1.23s
[Query   60] Acc=0.9907  Loss(test MP=1.2829 MR=0.0347 avg=0.6588)  labeled=384456 (MP=1347, MR=383109)
  >> AUC snapshot at 60 queries: PR-AUC(trapz) = 0.1845; AP = 0.1862
  [Timing] kmedianpp query selection: 0.78s
  [Voronoi-Hard] Computing sample weights (384466 labeled vs 4042878 pool)...
  [Timing] Voronoi-hard weights: 0.13s
  [TrainWeights] class_balance=none mode=fixed target=10000 total=10000 MP=948.401 MR=9051.6
/home/bgg7950/.local/lib/python3.10/site-packages/xgboost/training.py:200: UserWarning: [21:42:06] WARNING: /__w/xgboost/xgboost/src/learner.cc:782: 
Parameters: { "use_label_encoder" } are not used.

  bst.update(dtrain, iteration=i, fobj=obj)
  [Timing] Classifier train: 2.11s
  [Timing] Evaluation: 1.22s
[Query   70] Acc=0.9915  Loss(test MP=1.3257 MR=0.0327 avg=0.6792)  labeled=384466 (MP=1347, MR=383119)
  >> AUC snapshot at 70 queries: PR-AUC(trapz) = 0.1905; AP = 0.1919
  [Timing] kmedianpp query selection: 0.73s
  [Voronoi-Hard] Computing sample weights (384476 labeled vs 4042878 pool)...
  [Timing] Voronoi-hard weights: 0.14s
  [TrainWeights] class_balance=none mode=fixed target=10000 total=10000 MP=940.145 MR=9059.86
/home/bgg7950/.local/lib/python3.10/site-packages/xgboost/training.py:200: UserWarning: [21:42:11] WARNING: /__w/xgboost/xgboost/src/learner.cc:782: 
Parameters: { "use_label_encoder" } are not used.

  bst.update(dtrain, iteration=i, fobj=obj)
  [Timing] Classifier train: 2.11s
  [Timing] Evaluation: 1.25s
[Query   80] Acc=0.9918  Loss(test MP=1.2899 MR=0.0317 avg=0.6608)  labeled=384476 (MP=1347, MR=383129)
  >> AUC snapshot at 80 queries: PR-AUC(trapz) = 0.2008; AP = 0.2022
  [Timing] kmedianpp query selection: 0.68s
  [Voronoi-Hard] Computing sample weights (384486 labeled vs 4042878 pool)...
  [Timing] Voronoi-hard weights: 0.13s
  [TrainWeights] class_balance=none mode=fixed target=10000 total=10000 MP=937.565 MR=9062.44
/home/bgg7950/.local/lib/python3.10/site-packages/xgboost/training.py:200: UserWarning: [21:42:17] WARNING: /__w/xgboost/xgboost/src/learner.cc:782: 
Parameters: { "use_label_encoder" } are not used.

  bst.update(dtrain, iteration=i, fobj=obj)
  [Timing] Classifier train: 2.12s
  [Timing] Evaluation: 1.20s
[Query   90] Acc=0.9922  Loss(test MP=1.3396 MR=0.0306 avg=0.6851)  labeled=384486 (MP=1347, MR=383139)
  >> AUC snapshot at 90 queries: PR-AUC(trapz) = 0.1923; AP = 0.1938
  [Timing] kmedianpp query selection: 0.78s
  [Voronoi-Hard] Computing sample weights (384496 labeled vs 4042878 pool)...
  [Timing] Voronoi-hard weights: 0.14s
  [TrainWeights] class_balance=none mode=fixed target=10000 total=10000 MP=937.048 MR=9062.95
/home/bgg7950/.local/lib/python3.10/site-packages/xgboost/training.py:200: UserWarning: [21:42:22] WARNING: /__w/xgboost/xgboost/src/learner.cc:782: 
Parameters: { "use_label_encoder" } are not used.

  bst.update(dtrain, iteration=i, fobj=obj)
  [Timing] Classifier train: 2.11s
  [Timing] Evaluation: 1.25s
[Query  100] Acc=0.9923  Loss(test MP=1.3114 MR=0.0300 avg=0.6707)  labeled=384496 (MP=1347, MR=383149)
  >> AUC snapshot at 100 queries: PR-AUC(trapz) = 0.1916; AP = 0.1931
  [Timing] kmedianpp query selection: 0.74s
  [Voronoi-Hard] Computing sample weights (384506 labeled vs 4042878 pool)...
  [Timing] Voronoi-hard weights: 0.13s
  [TrainWeights] class_balance=none mode=fixed target=10000 total=10000 MP=931.391 MR=9068.61
/home/bgg7950/.local/lib/python3.10/site-packages/xgboost/training.py:200: UserWarning: [21:42:27] WARNING: /__w/xgboost/xgboost/src/learner.cc:782: 
Parameters: { "use_label_encoder" } are not used.

  bst.update(dtrain, iteration=i, fobj=obj)
  [Timing] Classifier train: 2.11s
  [Timing] Evaluation: 1.22s
[Query  110] Acc=0.9928  Loss(test MP=1.3526 MR=0.0290 avg=0.6908)  labeled=384506 (MP=1347, MR=383159)
  >> AUC snapshot at 110 queries: PR-AUC(trapz) = 0.1998; AP = 0.2014
  [Timing] kmedianpp query selection: 0.71s
  [Voronoi-Hard] Computing sample weights (384516 labeled vs 4042878 pool)...
  [Timing] Voronoi-hard weights: 0.13s
  [TrainWeights] class_balance=none mode=fixed target=10000 total=10000 MP=925.45 MR=9074.55
/home/bgg7950/.local/lib/python3.10/site-packages/xgboost/training.py:200: UserWarning: [21:42:32] WARNING: /__w/xgboost/xgboost/src/learner.cc:782: 
Parameters: { "use_label_encoder" } are not used.

  bst.update(dtrain, iteration=i, fobj=obj)
  [Timing] Classifier train: 2.11s
  [Timing] Evaluation: 1.23s
[Query  120] Acc=0.9929  Loss(test MP=1.4403 MR=0.0283 avg=0.7343)  labeled=384516 (MP=1347, MR=383169)
  >> AUC snapshot at 120 queries: PR-AUC(trapz) = 0.1949; AP = 0.1963
  [Timing] kmedianpp query selection: 0.77s
  [Voronoi-Hard] Computing sample weights (384526 labeled vs 4042878 pool)...
  [Timing] Voronoi-hard weights: 0.14s
  [TrainWeights] class_balance=none mode=fixed target=10000 total=10000 MP=918.897 MR=9081.1
/home/bgg7950/.local/lib/python3.10/site-packages/xgboost/training.py:200: UserWarning: [21:42:38] WARNING: /__w/xgboost/xgboost/src/learner.cc:782: 
Parameters: { "use_label_encoder" } are not used.

  bst.update(dtrain, iteration=i, fobj=obj)
  [Timing] Classifier train: 2.10s
  [Timing] Evaluation: 1.22s
[Query  130] Acc=0.9929  Loss(test MP=1.4266 MR=0.0278 avg=0.7272)  labeled=384526 (MP=1347, MR=383179)
  >> AUC snapshot at 130 queries: PR-AUC(trapz) = 0.1929; AP = 0.1944
  [Timing] kmedianpp query selection: 0.68s
  [Voronoi-Hard] Computing sample weights (384536 labeled vs 4042878 pool)...
  [Timing] Voronoi-hard weights: 0.13s
  [TrainWeights] class_balance=none mode=fixed target=10000 total=10000 MP=911.912 MR=9088.09
/home/bgg7950/.local/lib/python3.10/site-packages/xgboost/training.py:200: UserWarning: [21:42:43] WARNING: /__w/xgboost/xgboost/src/learner.cc:782: 
Parameters: { "use_label_encoder" } are not used.

  bst.update(dtrain, iteration=i, fobj=obj)
  [Timing] Classifier train: 2.11s
  [Timing] Evaluation: 1.19s
[Query  140] Acc=0.9931  Loss(test MP=1.4142 MR=0.0277 avg=0.7209)  labeled=384536 (MP=1347, MR=383189)
  >> AUC snapshot at 140 queries: PR-AUC(trapz) = 0.1981; AP = 0.1996
  [Timing] kmedianpp query selection: 0.80s
  [Voronoi-Hard] Computing sample weights (384546 labeled vs 4042878 pool)...
  [Timing] Voronoi-hard weights: 0.14s
  [TrainWeights] class_balance=none mode=fixed target=10000 total=10000 MP=904.052 MR=9095.95
/home/bgg7950/.local/lib/python3.10/site-packages/xgboost/training.py:200: UserWarning: [21:42:48] WARNING: /__w/xgboost/xgboost/src/learner.cc:782: 
Parameters: { "use_label_encoder" } are not used.

  bst.update(dtrain, iteration=i, fobj=obj)
  [Timing] Classifier train: 2.11s
  [Timing] Evaluation: 1.18s
[Query  150] Acc=0.9935  Loss(test MP=1.4403 MR=0.0262 avg=0.7333)  labeled=384546 (MP=1347, MR=383199)
  >> AUC snapshot at 150 queries: PR-AUC(trapz) = 0.2030; AP = 0.2044

============================================================
Trial 4 / 5  (seed=45)
============================================================
  [Query RNG] kmedianpp uses a dedicated RNG stream; reweighting/training RNG draws cannot change the query plan.
  [Voronoi-Hard] Computing sample weights (384396 labeled vs 4042878 pool)...
  [Timing] Voronoi-hard weights: 82.66s
  [TrainWeights] class_balance=none mode=fixed target=10000 total=10000 MP=1047.23 MR=8952.77
/home/bgg7950/.local/lib/python3.10/site-packages/xgboost/training.py:200: UserWarning: [21:44:15] WARNING: /__w/xgboost/xgboost/src/learner.cc:782: 
Parameters: { "use_label_encoder" } are not used.

  bst.update(dtrain, iteration=i, fobj=obj)
  [Timing] Classifier train: 2.12s
  [Timing] Evaluation: 1.24s
[Query    0] Acc=0.9860  Loss(test MP=1.2931 MR=0.0455 avg=0.6693)  labeled=384396 (MP=1347, MR=383049)
  [GPU] Initializing k-Median++ distances (Dynamic Chunks: 87323x10000)...
    [GPU] Initialized 87323 / 4042878 stars...
    [GPU] Initialized 523938 / 4042878 stars...
    [GPU] Initialized 960553 / 4042878 stars...
    [GPU] Initialized 1397168 / 4042878 stars...
    [GPU] Initialized 1833783 / 4042878 stars...
    [GPU] Initialized 2270398 / 4042878 stars...
    [GPU] Initialized 2707013 / 4042878 stars...
    [GPU] Initialized 3143628 / 4042878 stars...
    [GPU] Initialized 3580243 / 4042878 stars...
    [GPU] Initialized 4016858 / 4042878 stars...
  [Timing] kmedianpp query selection: 82.86s
  [Voronoi-Hard] Computing sample weights (384406 labeled vs 4042878 pool)...
  [Timing] Voronoi-hard weights: 0.15s
  [TrainWeights] class_balance=none mode=fixed target=10000 total=10000 MP=1020.25 MR=8979.75
/home/bgg7950/.local/lib/python3.10/site-packages/xgboost/training.py:200: UserWarning: [21:45:42] WARNING: /__w/xgboost/xgboost/src/learner.cc:782: 
Parameters: { "use_label_encoder" } are not used.

  bst.update(dtrain, iteration=i, fobj=obj)
  [Timing] Classifier train: 2.09s
  [Timing] Evaluation: 1.25s
[Query   10] Acc=0.9879  Loss(test MP=1.2814 MR=0.0417 avg=0.6616)  labeled=384406 (MP=1347, MR=383059)
  >> AUC snapshot at 10 queries: PR-AUC(trapz) = 0.1629; AP = 0.1645
  [Timing] kmedianpp query selection: 0.75s
  [Voronoi-Hard] Computing sample weights (384416 labeled vs 4042878 pool)...
  [Timing] Voronoi-hard weights: 0.13s
  [TrainWeights] class_balance=none mode=fixed target=10000 total=10000 MP=1005.67 MR=8994.33
/home/bgg7950/.local/lib/python3.10/site-packages/xgboost/training.py:200: UserWarning: [21:45:47] WARNING: /__w/xgboost/xgboost/src/learner.cc:782: 
Parameters: { "use_label_encoder" } are not used.

  bst.update(dtrain, iteration=i, fobj=obj)
  [Timing] Classifier train: 2.09s
  [Timing] Evaluation: 1.20s
[Query   20] Acc=0.9894  Loss(test MP=1.2924 MR=0.0383 avg=0.6654)  labeled=384416 (MP=1347, MR=383069)
  >> AUC snapshot at 20 queries: PR-AUC(trapz) = 0.1713; AP = 0.1728
  [Timing] kmedianpp query selection: 0.77s
  [Voronoi-Hard] Computing sample weights (384426 labeled vs 4042878 pool)...
  [Timing] Voronoi-hard weights: 0.13s
  [TrainWeights] class_balance=none mode=fixed target=10000 total=10000 MP=998.657 MR=9001.34
/home/bgg7950/.local/lib/python3.10/site-packages/xgboost/training.py:200: UserWarning: [21:45:52] WARNING: /__w/xgboost/xgboost/src/learner.cc:782: 
Parameters: { "use_label_encoder" } are not used.

  bst.update(dtrain, iteration=i, fobj=obj)
  [Timing] Classifier train: 2.13s
  [Timing] Evaluation: 1.25s
[Query   30] Acc=0.9893  Loss(test MP=1.2598 MR=0.0391 avg=0.6494)  labeled=384426 (MP=1347, MR=383079)
  >> AUC snapshot at 30 queries: PR-AUC(trapz) = 0.1740; AP = 0.1756
  [Timing] kmedianpp query selection: 0.73s
  [Voronoi-Hard] Computing sample weights (384436 labeled vs 4042878 pool)...
  [Timing] Voronoi-hard weights: 0.14s
  [TrainWeights] class_balance=none mode=fixed target=10000 total=10000 MP=993.599 MR=9006.4
/home/bgg7950/.local/lib/python3.10/site-packages/xgboost/training.py:200: UserWarning: [21:45:58] WARNING: /__w/xgboost/xgboost/src/learner.cc:782: 
Parameters: { "use_label_encoder" } are not used.

  bst.update(dtrain, iteration=i, fobj=obj)
  [Timing] Classifier train: 2.11s
  [Timing] Evaluation: 1.25s
[Query   40] Acc=0.9897  Loss(test MP=1.2921 MR=0.0373 avg=0.6647)  labeled=384436 (MP=1347, MR=383089)
  >> AUC snapshot at 40 queries: PR-AUC(trapz) = 0.1793; AP = 0.1808
  [Timing] kmedianpp query selection: 0.79s
  [Voronoi-Hard] Computing sample weights (384446 labeled vs 4042878 pool)...
  [Timing] Voronoi-hard weights: 0.14s
  [TrainWeights] class_balance=none mode=fixed target=10000 total=10000 MP=987.65 MR=9012.35
/home/bgg7950/.local/lib/python3.10/site-packages/xgboost/training.py:200: UserWarning: [21:46:03] WARNING: /__w/xgboost/xgboost/src/learner.cc:782: 
Parameters: { "use_label_encoder" } are not used.

  bst.update(dtrain, iteration=i, fobj=obj)
  [Timing] Classifier train: 2.10s
  [Timing] Evaluation: 1.23s
[Query   50] Acc=0.9905  Loss(test MP=1.2933 MR=0.0359 avg=0.6646)  labeled=384446 (MP=1347, MR=383099)
  >> AUC snapshot at 50 queries: PR-AUC(trapz) = 0.1794; AP = 0.1809
  [Timing] kmedianpp query selection: 0.75s
  [Voronoi-Hard] Computing sample weights (384456 labeled vs 4042878 pool)...
  [Timing] Voronoi-hard weights: 0.15s
  [TrainWeights] class_balance=none mode=fixed target=10000 total=10000 MP=976.599 MR=9023.4
/home/bgg7950/.local/lib/python3.10/site-packages/xgboost/training.py:200: UserWarning: [21:46:08] WARNING: /__w/xgboost/xgboost/src/learner.cc:782: 
Parameters: { "use_label_encoder" } are not used.

  bst.update(dtrain, iteration=i, fobj=obj)
  [Timing] Classifier train: 2.08s
  [Timing] Evaluation: 1.24s
[Query   60] Acc=0.9910  Loss(test MP=1.2609 MR=0.0346 avg=0.6477)  labeled=384456 (MP=1347, MR=383109)
  >> AUC snapshot at 60 queries: PR-AUC(trapz) = 0.1862; AP = 0.1877
  [Timing] kmedianpp query selection: 0.73s
  [Voronoi-Hard] Computing sample weights (384466 labeled vs 4042878 pool)...
  [Timing] Voronoi-hard weights: 0.13s
  [TrainWeights] class_balance=none mode=fixed target=10000 total=10000 MP=970.244 MR=9029.76
/home/bgg7950/.local/lib/python3.10/site-packages/xgboost/training.py:200: UserWarning: [21:46:14] WARNING: /__w/xgboost/xgboost/src/learner.cc:782: 
Parameters: { "use_label_encoder" } are not used.

  bst.update(dtrain, iteration=i, fobj=obj)
  [Timing] Classifier train: 2.08s
  [Timing] Evaluation: 1.21s
[Query   70] Acc=0.9911  Loss(test MP=1.2555 MR=0.0347 avg=0.6451)  labeled=384466 (MP=1347, MR=383119)
  >> AUC snapshot at 70 queries: PR-AUC(trapz) = 0.1884; AP = 0.1901
  [Timing] kmedianpp query selection: 0.77s
  [Voronoi-Hard] Computing sample weights (384476 labeled vs 4042878 pool)...
  [Timing] Voronoi-hard weights: 0.15s
  [TrainWeights] class_balance=none mode=fixed target=10000 total=10000 MP=964.652 MR=9035.35
/home/bgg7950/.local/lib/python3.10/site-packages/xgboost/training.py:200: UserWarning: [21:46:19] WARNING: /__w/xgboost/xgboost/src/learner.cc:782: 
Parameters: { "use_label_encoder" } are not used.

  bst.update(dtrain, iteration=i, fobj=obj)
  [Timing] Classifier train: 2.08s
  [Timing] Evaluation: 1.19s
[Query   80] Acc=0.9914  Loss(test MP=1.2854 MR=0.0343 avg=0.6598)  labeled=384476 (MP=1347, MR=383129)
  >> AUC snapshot at 80 queries: PR-AUC(trapz) = 0.1954; AP = 0.1969
  [Timing] kmedianpp query selection: 0.77s
  [Voronoi-Hard] Computing sample weights (384486 labeled vs 4042878 pool)...
  [Timing] Voronoi-hard weights: 0.13s
  [TrainWeights] class_balance=none mode=fixed target=10000 total=10000 MP=955.144 MR=9044.86
/home/bgg7950/.local/lib/python3.10/site-packages/xgboost/training.py:200: UserWarning: [21:46:24] WARNING: /__w/xgboost/xgboost/src/learner.cc:782: 
Parameters: { "use_label_encoder" } are not used.

  bst.update(dtrain, iteration=i, fobj=obj)
  [Timing] Classifier train: 2.08s
  [Timing] Evaluation: 1.19s
[Query   90] Acc=0.9921  Loss(test MP=1.3716 MR=0.0322 avg=0.7019)  labeled=384486 (MP=1347, MR=383139)
  >> AUC snapshot at 90 queries: PR-AUC(trapz) = 0.1901; AP = 0.1917
  [Timing] kmedianpp query selection: 0.69s
  [Voronoi-Hard] Computing sample weights (384496 labeled vs 4042878 pool)...
  [Timing] Voronoi-hard weights: 0.12s
  [TrainWeights] class_balance=none mode=fixed target=10000 total=10000 MP=945.391 MR=9054.61
/home/bgg7950/.local/lib/python3.10/site-packages/xgboost/training.py:200: UserWarning: [21:46:29] WARNING: /__w/xgboost/xgboost/src/learner.cc:782: 
Parameters: { "use_label_encoder" } are not used.

  bst.update(dtrain, iteration=i, fobj=obj)
  [Timing] Classifier train: 2.09s
  [Timing] Evaluation: 1.22s
[Query  100] Acc=0.9929  Loss(test MP=1.3675 MR=0.0303 avg=0.6989)  labeled=384496 (MP=1347, MR=383149)
  >> AUC snapshot at 100 queries: PR-AUC(trapz) = 0.2022; AP = 0.2037
  [Timing] kmedianpp query selection: 0.78s
  [Voronoi-Hard] Computing sample weights (384506 labeled vs 4042878 pool)...
  [Timing] Voronoi-hard weights: 0.14s
  [TrainWeights] class_balance=none mode=fixed target=10000 total=10000 MP=940.78 MR=9059.22
/home/bgg7950/.local/lib/python3.10/site-packages/xgboost/training.py:200: UserWarning: [21:46:34] WARNING: /__w/xgboost/xgboost/src/learner.cc:782: 
Parameters: { "use_label_encoder" } are not used.

  bst.update(dtrain, iteration=i, fobj=obj)
  [Timing] Classifier train: 2.07s
  [Timing] Evaluation: 1.22s
[Query  110] Acc=0.9924  Loss(test MP=1.3713 MR=0.0315 avg=0.7014)  labeled=384506 (MP=1347, MR=383159)
  >> AUC snapshot at 110 queries: PR-AUC(trapz) = 0.1966; AP = 0.1981
  [Timing] kmedianpp query selection: 0.77s
  [Voronoi-Hard] Computing sample weights (384516 labeled vs 4042878 pool)...
  [Timing] Voronoi-hard weights: 0.13s
  [TrainWeights] class_balance=none mode=fixed target=10000 total=10000 MP=927.733 MR=9072.27
/home/bgg7950/.local/lib/python3.10/site-packages/xgboost/training.py:200: UserWarning: [21:46:40] WARNING: /__w/xgboost/xgboost/src/learner.cc:782: 
Parameters: { "use_label_encoder" } are not used.

  bst.update(dtrain, iteration=i, fobj=obj)
  [Timing] Classifier train: 2.10s
  [Timing] Evaluation: 1.25s
[Query  120] Acc=0.9922  Loss(test MP=1.3373 MR=0.0313 avg=0.6843)  labeled=384516 (MP=1347, MR=383169)
  >> AUC snapshot at 120 queries: PR-AUC(trapz) = 0.1978; AP = 0.1993
  [Timing] kmedianpp query selection: 0.77s
  [Voronoi-Hard] Computing sample weights (384526 labeled vs 4042878 pool)...
  [Timing] Voronoi-hard weights: 0.13s
  [TrainWeights] class_balance=none mode=fixed target=10000 total=10000 MP=915.548 MR=9084.45
/home/bgg7950/.local/lib/python3.10/site-packages/xgboost/training.py:200: UserWarning: [21:46:45] WARNING: /__w/xgboost/xgboost/src/learner.cc:782: 
Parameters: { "use_label_encoder" } are not used.

  bst.update(dtrain, iteration=i, fobj=obj)
  [Timing] Classifier train: 2.10s
  [Timing] Evaluation: 1.25s
[Query  130] Acc=0.9929  Loss(test MP=1.3683 MR=0.0291 avg=0.6987)  labeled=384526 (MP=1347, MR=383179)
  >> AUC snapshot at 130 queries: PR-AUC(trapz) = 0.2086; AP = 0.2101
  [Timing] kmedianpp query selection: 0.75s
  [Voronoi-Hard] Computing sample weights (384536 labeled vs 4042878 pool)...
  [Timing] Voronoi-hard weights: 0.13s
  [TrainWeights] class_balance=none mode=fixed target=10000 total=10000 MP=908.111 MR=9091.89
/home/bgg7950/.local/lib/python3.10/site-packages/xgboost/training.py:200: UserWarning: [21:46:50] WARNING: /__w/xgboost/xgboost/src/learner.cc:782: 
Parameters: { "use_label_encoder" } are not used.

  bst.update(dtrain, iteration=i, fobj=obj)
  [Timing] Classifier train: 2.12s
  [Timing] Evaluation: 1.25s
[Query  140] Acc=0.9932  Loss(test MP=1.3774 MR=0.0286 avg=0.7030)  labeled=384536 (MP=1347, MR=383189)
  >> AUC snapshot at 140 queries: PR-AUC(trapz) = 0.2000; AP = 0.2016
  [Timing] kmedianpp query selection: 0.79s
  [Voronoi-Hard] Computing sample weights (384546 labeled vs 4042878 pool)...
  [Timing] Voronoi-hard weights: 0.13s
  [TrainWeights] class_balance=none mode=fixed target=10000 total=10000 MP=906.523 MR=9093.48
/home/bgg7950/.local/lib/python3.10/site-packages/xgboost/training.py:200: UserWarning: [21:46:56] WARNING: /__w/xgboost/xgboost/src/learner.cc:782: 
Parameters: { "use_label_encoder" } are not used.

  bst.update(dtrain, iteration=i, fobj=obj)
  [Timing] Classifier train: 2.08s
  [Timing] Evaluation: 1.23s
[Query  150] Acc=0.9933  Loss(test MP=1.4611 MR=0.0276 avg=0.7444)  labeled=384546 (MP=1347, MR=383199)
  >> AUC snapshot at 150 queries: PR-AUC(trapz) = 0.1923; AP = 0.1939

============================================================
Trial 5 / 5  (seed=46)
============================================================
  [Query RNG] kmedianpp uses a dedicated RNG stream; reweighting/training RNG draws cannot change the query plan.
  [Voronoi-Hard] Computing sample weights (384396 labeled vs 4042878 pool)...
  [Timing] Voronoi-hard weights: 82.67s
  [TrainWeights] class_balance=none mode=fixed target=10000 total=10000 MP=1047.23 MR=8952.77
/home/bgg7950/.local/lib/python3.10/site-packages/xgboost/training.py:200: UserWarning: [21:48:23] WARNING: /__w/xgboost/xgboost/src/learner.cc:782: 
Parameters: { "use_label_encoder" } are not used.

  bst.update(dtrain, iteration=i, fobj=obj)
  [Timing] Classifier train: 2.12s
  [Timing] Evaluation: 1.23s
[Query    0] Acc=0.9852  Loss(test MP=1.2585 MR=0.0467 avg=0.6526)  labeled=384396 (MP=1347, MR=383049)
  [GPU] Initializing k-Median++ distances (Dynamic Chunks: 87323x10000)...
    [GPU] Initialized 87323 / 4042878 stars...
    [GPU] Initialized 523938 / 4042878 stars...
    [GPU] Initialized 960553 / 4042878 stars...
    [GPU] Initialized 1397168 / 4042878 stars...
    [GPU] Initialized 1833783 / 4042878 stars...
    [GPU] Initialized 2270398 / 4042878 stars...
    [GPU] Initialized 2707013 / 4042878 stars...
    [GPU] Initialized 3143628 / 4042878 stars...
    [GPU] Initialized 3580243 / 4042878 stars...
    [GPU] Initialized 4016858 / 4042878 stars...
  [Timing] kmedianpp query selection: 82.86s
  [Voronoi-Hard] Computing sample weights (384406 labeled vs 4042878 pool)...
  [Timing] Voronoi-hard weights: 0.15s
  [TrainWeights] class_balance=none mode=fixed target=10000 total=10000 MP=1030.48 MR=8969.52
/home/bgg7950/.local/lib/python3.10/site-packages/xgboost/training.py:200: UserWarning: [21:49:49] WARNING: /__w/xgboost/xgboost/src/learner.cc:782: 
Parameters: { "use_label_encoder" } are not used.

  bst.update(dtrain, iteration=i, fobj=obj)
  [Timing] Classifier train: 2.10s
  [Timing] Evaluation: 1.18s
[Query   10] Acc=0.9856  Loss(test MP=1.3456 MR=0.0454 avg=0.6955)  labeled=384406 (MP=1347, MR=383059)
  >> AUC snapshot at 10 queries: PR-AUC(trapz) = 0.1487; AP = 0.1496
  [Timing] kmedianpp query selection: 0.70s
  [Voronoi-Hard] Computing sample weights (384416 labeled vs 4042878 pool)...
  [Timing] Voronoi-hard weights: 0.13s
  [TrainWeights] class_balance=none mode=fixed target=10000 total=10000 MP=1021.08 MR=8978.92
/home/bgg7950/.local/lib/python3.10/site-packages/xgboost/training.py:200: UserWarning: [21:49:54] WARNING: /__w/xgboost/xgboost/src/learner.cc:782: 
Parameters: { "use_label_encoder" } are not used.

  bst.update(dtrain, iteration=i, fobj=obj)
  [Timing] Classifier train: 2.07s
  [Timing] Evaluation: 1.18s
[Query   20] Acc=0.9857  Loss(test MP=1.3298 MR=0.0448 avg=0.6873)  labeled=384416 (MP=1347, MR=383069)
  >> AUC snapshot at 20 queries: PR-AUC(trapz) = 0.1511; AP = 0.1528
  [Timing] kmedianpp query selection: 0.76s
  [Voronoi-Hard] Computing sample weights (384426 labeled vs 4042878 pool)...
  [Timing] Voronoi-hard weights: 0.13s
  [TrainWeights] class_balance=none mode=fixed target=10000 total=10000 MP=987.287 MR=9012.71
/home/bgg7950/.local/lib/python3.10/site-packages/xgboost/training.py:200: UserWarning: [21:49:59] WARNING: /__w/xgboost/xgboost/src/learner.cc:782: 
Parameters: { "use_label_encoder" } are not used.

  bst.update(dtrain, iteration=i, fobj=obj)
  [Timing] Classifier train: 2.10s
  [Timing] Evaluation: 1.18s
[Query   30] Acc=0.9879  Loss(test MP=1.3355 MR=0.0401 avg=0.6878)  labeled=384426 (MP=1347, MR=383079)
  >> AUC snapshot at 30 queries: PR-AUC(trapz) = 0.1740; AP = 0.1756
  [Timing] kmedianpp query selection: 0.72s
  [Voronoi-Hard] Computing sample weights (384436 labeled vs 4042878 pool)...
  [Timing] Voronoi-hard weights: 0.13s
  [TrainWeights] class_balance=none mode=fixed target=10000 total=10000 MP=978.852 MR=9021.15
/home/bgg7950/.local/lib/python3.10/site-packages/xgboost/training.py:200: UserWarning: [21:50:05] WARNING: /__w/xgboost/xgboost/src/learner.cc:782: 
Parameters: { "use_label_encoder" } are not used.

  bst.update(dtrain, iteration=i, fobj=obj)
  [Timing] Classifier train: 2.10s
  [Timing] Evaluation: 1.18s
[Query   40] Acc=0.9884  Loss(test MP=1.3355 MR=0.0391 avg=0.6873)  labeled=384436 (MP=1347, MR=383089)
  >> AUC snapshot at 40 queries: PR-AUC(trapz) = 0.1723; AP = 0.1738
  [Timing] kmedianpp query selection: 0.77s
  [Voronoi-Hard] Computing sample weights (384446 labeled vs 4042878 pool)...
  [Timing] Voronoi-hard weights: 0.12s
  [TrainWeights] class_balance=none mode=fixed target=10000 total=10000 MP=974.976 MR=9025.02
/home/bgg7950/.local/lib/python3.10/site-packages/xgboost/training.py:200: UserWarning: [21:50:10] WARNING: /__w/xgboost/xgboost/src/learner.cc:782: 
Parameters: { "use_label_encoder" } are not used.

  bst.update(dtrain, iteration=i, fobj=obj)
  [Timing] Classifier train: 2.13s
  [Timing] Evaluation: 1.23s
[Query   50] Acc=0.9891  Loss(test MP=1.3154 MR=0.0379 avg=0.6767)  labeled=384446 (MP=1347, MR=383099)
  >> AUC snapshot at 50 queries: PR-AUC(trapz) = 0.1735; AP = 0.1750
  [Timing] kmedianpp query selection: 0.71s
  [Voronoi-Hard] Computing sample weights (384456 labeled vs 4042878 pool)...
  [Timing] Voronoi-hard weights: 0.14s
  [TrainWeights] class_balance=none mode=fixed target=10000 total=10000 MP=966.843 MR=9033.16
/home/bgg7950/.local/lib/python3.10/site-packages/xgboost/training.py:200: UserWarning: [21:50:15] WARNING: /__w/xgboost/xgboost/src/learner.cc:782: 
Parameters: { "use_label_encoder" } are not used.

  bst.update(dtrain, iteration=i, fobj=obj)
  [Timing] Classifier train: 2.08s
  [Timing] Evaluation: 1.21s
[Query   60] Acc=0.9886  Loss(test MP=1.3167 MR=0.0384 avg=0.6775)  labeled=384456 (MP=1347, MR=383109)
  >> AUC snapshot at 60 queries: PR-AUC(trapz) = 0.1677; AP = 0.1694
  [Timing] kmedianpp query selection: 0.80s
  [Voronoi-Hard] Computing sample weights (384466 labeled vs 4042878 pool)...
  [Timing] Voronoi-hard weights: 0.13s
  [TrainWeights] class_balance=none mode=fixed target=10000 total=10000 MP=952.871 MR=9047.13
/home/bgg7950/.local/lib/python3.10/site-packages/xgboost/training.py:200: UserWarning: [21:50:20] WARNING: /__w/xgboost/xgboost/src/learner.cc:782: 
Parameters: { "use_label_encoder" } are not used.

  bst.update(dtrain, iteration=i, fobj=obj)
  [Timing] Classifier train: 2.10s
  [Timing] Evaluation: 1.22s
[Query   70] Acc=0.9898  Loss(test MP=1.3542 MR=0.0361 avg=0.6951)  labeled=384466 (MP=1347, MR=383119)
  >> AUC snapshot at 70 queries: PR-AUC(trapz) = 0.1769; AP = 0.1784
  [Timing] kmedianpp query selection: 0.76s
  [Voronoi-Hard] Computing sample weights (384476 labeled vs 4042878 pool)...
  [Timing] Voronoi-hard weights: 0.14s
  [TrainWeights] class_balance=none mode=fixed target=10000 total=10000 MP=931.225 MR=9068.77
/home/bgg7950/.local/lib/python3.10/site-packages/xgboost/training.py:200: UserWarning: [21:50:26] WARNING: /__w/xgboost/xgboost/src/learner.cc:782: 
Parameters: { "use_label_encoder" } are not used.

  bst.update(dtrain, iteration=i, fobj=obj)
  [Timing] Classifier train: 2.10s
  [Timing] Evaluation: 1.19s
[Query   80] Acc=0.9905  Loss(test MP=1.3339 MR=0.0342 avg=0.6841)  labeled=384476 (MP=1347, MR=383129)
  >> AUC snapshot at 80 queries: PR-AUC(trapz) = 0.1808; AP = 0.1824
  [Timing] kmedianpp query selection: 0.78s
  [Voronoi-Hard] Computing sample weights (384486 labeled vs 4042878 pool)...
  [Timing] Voronoi-hard weights: 0.15s
  [TrainWeights] class_balance=none mode=fixed target=10000 total=10000 MP=930.424 MR=9069.58
/home/bgg7950/.local/lib/python3.10/site-packages/xgboost/training.py:200: UserWarning: [21:50:31] WARNING: /__w/xgboost/xgboost/src/learner.cc:782: 
Parameters: { "use_label_encoder" } are not used.

  bst.update(dtrain, iteration=i, fobj=obj)
  [Timing] Classifier train: 2.10s
  [Timing] Evaluation: 1.24s
[Query   90] Acc=0.9905  Loss(test MP=1.3538 MR=0.0342 avg=0.6940)  labeled=384486 (MP=1347, MR=383139)
  >> AUC snapshot at 90 queries: PR-AUC(trapz) = 0.1796; AP = 0.1812
  [Timing] kmedianpp query selection: 0.73s
  [Voronoi-Hard] Computing sample weights (384496 labeled vs 4042878 pool)...
  [Timing] Voronoi-hard weights: 0.13s
  [TrainWeights] class_balance=none mode=fixed target=10000 total=10000 MP=925.351 MR=9074.65
/home/bgg7950/.local/lib/python3.10/site-packages/xgboost/training.py:200: UserWarning: [21:50:36] WARNING: /__w/xgboost/xgboost/src/learner.cc:782: 
Parameters: { "use_label_encoder" } are not used.

  bst.update(dtrain, iteration=i, fobj=obj)
  [Timing] Classifier train: 2.11s
  [Timing] Evaluation: 1.20s
[Query  100] Acc=0.9906  Loss(test MP=1.3325 MR=0.0333 avg=0.6829)  labeled=384496 (MP=1347, MR=383149)
  >> AUC snapshot at 100 queries: PR-AUC(trapz) = 0.1821; AP = 0.1836
  [Timing] kmedianpp query selection: 0.76s
  [Voronoi-Hard] Computing sample weights (384506 labeled vs 4042878 pool)...
  [Timing] Voronoi-hard weights: 0.14s
  [TrainWeights] class_balance=none mode=fixed target=10000 total=10000 MP=913.436 MR=9086.56
/home/bgg7950/.local/lib/python3.10/site-packages/xgboost/training.py:200: UserWarning: [21:50:42] WARNING: /__w/xgboost/xgboost/src/learner.cc:782: 
Parameters: { "use_label_encoder" } are not used.

  bst.update(dtrain, iteration=i, fobj=obj)
  [Timing] Classifier train: 2.11s
  [Timing] Evaluation: 1.20s
[Query  110] Acc=0.9916  Loss(test MP=1.2855 MR=0.0312 avg=0.6584)  labeled=384506 (MP=1347, MR=383159)
  >> AUC snapshot at 110 queries: PR-AUC(trapz) = 0.1958; AP = 0.1974
  [Timing] kmedianpp query selection: 0.74s
  [Voronoi-Hard] Computing sample weights (384516 labeled vs 4042878 pool)...
  [Timing] Voronoi-hard weights: 0.14s
  [TrainWeights] class_balance=none mode=fixed target=10000 total=10000 MP=906.159 MR=9093.84
/home/bgg7950/.local/lib/python3.10/site-packages/xgboost/training.py:200: UserWarning: [21:50:47] WARNING: /__w/xgboost/xgboost/src/learner.cc:782: 
Parameters: { "use_label_encoder" } are not used.

  bst.update(dtrain, iteration=i, fobj=obj)
  [Timing] Classifier train: 2.09s
  [Timing] Evaluation: 1.24s
[Query  120] Acc=0.9919  Loss(test MP=1.3046 MR=0.0300 avg=0.6673)  labeled=384516 (MP=1347, MR=383169)
  >> AUC snapshot at 120 queries: PR-AUC(trapz) = 0.1996; AP = 0.2011
  [Timing] kmedianpp query selection: 0.77s
  [Voronoi-Hard] Computing sample weights (384526 labeled vs 4042878 pool)...
  [Timing] Voronoi-hard weights: 0.15s
  [TrainWeights] class_balance=none mode=fixed target=10000 total=10000 MP=901.205 MR=9098.8
/home/bgg7950/.local/lib/python3.10/site-packages/xgboost/training.py:200: UserWarning: [21:50:52] WARNING: /__w/xgboost/xgboost/src/learner.cc:782: 
Parameters: { "use_label_encoder" } are not used.

  bst.update(dtrain, iteration=i, fobj=obj)
  [Timing] Classifier train: 2.11s
  [Timing] Evaluation: 1.21s
[Query  130] Acc=0.9919  Loss(test MP=1.3041 MR=0.0299 avg=0.6670)  labeled=384526 (MP=1347, MR=383179)
  >> AUC snapshot at 130 queries: PR-AUC(trapz) = 0.2050; AP = 0.2066
  [Timing] kmedianpp query selection: 0.70s
  [Voronoi-Hard] Computing sample weights (384536 labeled vs 4042878 pool)...
  [Timing] Voronoi-hard weights: 0.13s
  [TrainWeights] class_balance=none mode=fixed target=10000 total=10000 MP=897.487 MR=9102.51
/home/bgg7950/.local/lib/python3.10/site-packages/xgboost/training.py:200: UserWarning: [21:50:57] WARNING: /__w/xgboost/xgboost/src/learner.cc:782: 
Parameters: { "use_label_encoder" } are not used.

  bst.update(dtrain, iteration=i, fobj=obj)
  [Timing] Classifier train: 2.10s
  [Timing] Evaluation: 1.20s
[Query  140] Acc=0.9919  Loss(test MP=1.3549 MR=0.0299 avg=0.6924)  labeled=384536 (MP=1347, MR=383189)
  >> AUC snapshot at 140 queries: PR-AUC(trapz) = 0.1996; AP = 0.2011
  [Timing] kmedianpp query selection: 0.77s
  [Voronoi-Hard] Computing sample weights (384546 labeled vs 4042878 pool)...
  [Timing] Voronoi-hard weights: 0.13s
  [TrainWeights] class_balance=none mode=fixed target=10000 total=10000 MP=897.212 MR=9102.79
/home/bgg7950/.local/lib/python3.10/site-packages/xgboost/training.py:200: UserWarning: [21:51:03] WARNING: /__w/xgboost/xgboost/src/learner.cc:782: 
Parameters: { "use_label_encoder" } are not used.

  bst.update(dtrain, iteration=i, fobj=obj)
  [Timing] Classifier train: 2.11s
  [Timing] Evaluation: 1.25s
[Query  150] Acc=0.9923  Loss(test MP=1.3592 MR=0.0283 avg=0.6938)  labeled=384546 (MP=1347, MR=383199)
  >> AUC snapshot at 150 queries: PR-AUC(trapz) = 0.2007; AP = 0.2022

Total runtime (5 trial(s)): 1266.7s
Saved AUC trials plot to xgb_kmedianpp_noclassbalance_fixed10k_fullheldout_150q_5seeds/al_xgb_kmedianpp_hard_150_lambda_0/auc_trials.png
Saved average-precision trials plot to xgb_kmedianpp_noclassbalance_fixed10k_fullheldout_150q_5seeds/al_xgb_kmedianpp_hard_150_lambda_0/average_precision_trials.png
Saved MP fraction trials plot to xgb_kmedianpp_noclassbalance_fixed10k_fullheldout_150q_5seeds/al_xgb_kmedianpp_hard_150_lambda_0/mp_fraction_trials.png
Saved MP test loss trials plot to xgb_kmedianpp_noclassbalance_fixed10k_fullheldout_150q_5seeds/al_xgb_kmedianpp_hard_150_lambda_0/test_loss_MP_trials.png
Saved MR test loss trials plot to xgb_kmedianpp_noclassbalance_fixed10k_fullheldout_150q_5seeds/al_xgb_kmedianpp_hard_150_lambda_0/test_loss_MR_trials.png
Saved weight-stat trials plot to xgb_kmedianpp_noclassbalance_fixed10k_fullheldout_150q_5seeds/al_xgb_kmedianpp_hard_150_lambda_0/weight_l2_norm_trials.png
Saved weight-stat trials plot to xgb_kmedianpp_noclassbalance_fixed10k_fullheldout_150q_5seeds/al_xgb_kmedianpp_hard_150_lambda_0/weight_l2_sq_trials.png
Saved weight-stat trials plot to xgb_kmedianpp_noclassbalance_fixed10k_fullheldout_150q_5seeds/al_xgb_kmedianpp_hard_150_lambda_0/weight_effective_sample_size_trials.png

All outputs saved to xgb_kmedianpp_noclassbalance_fixed10k_fullheldout_150q_5seeds/al_xgb_kmedianpp_hard_150_lambda_0/

============================================================
  Plotting no-class-balance curves with hard Voronoi
============================================================

Experiment                          n_trials Final Average Precision Mean Final Average Precision Std
--------------------------------------------------------------------------
lambda=0 hard                              5         0.2063        0.0086
lambda=1e2                                 5         0.3062        0.0042
lambda=1e3                                 5         0.3020        0.0056
lambda=1e4                                 5         0.2983        0.0033
lambda=1e5                                 5         0.2772        0.0023
lambda=1e6                                 5         0.2546        0.0038
lambda=inf (uniform)                       5         0.2518        0.0061

✓ Comparison plot saved to: xgb_kmedianpp_noclassbalance_fixed10k_fullheldout_150q_5seeds/xgb_kmedianpp_noclassbalance_fixed10k_average_precision_with_hard.png

Experiment                          n_trials Final MP Count      Std
--------------------------------------------------------------------
lambda=0 hard                              5           0.00     0.00
lambda=1e2                                 5           0.00     0.00
lambda=1e3                                 5           0.00     0.00
lambda=1e4                                 5           0.00     0.00
lambda=1e5                                 5           0.00     0.00
lambda=1e6                                 5           0.00     0.00
lambda=inf (uniform)                       5           0.00     0.00

✓ MP count plot saved to: xgb_kmedianpp_noclassbalance_fixed10k_fullheldout_150q_5seeds/xgb_kmedianpp_noclassbalance_fixed10k_average_precision_with_hard_mp_count.png

Experiment                          n_trials Final PR-AUC (trapz) Mean Final PR-AUC (trapz) Std
--------------------------------------------------------------------------
lambda=0 hard                              5         0.2048        0.0086
lambda=1e2                                 5         0.3048        0.0043
lambda=1e3                                 5         0.3006        0.0056
lambda=1e4                                 5         0.2971        0.0033
lambda=1e5                                 5         0.2760        0.0023
lambda=1e6                                 5         0.2534        0.0038
lambda=inf (uniform)                       5         0.2506        0.0061

✓ Comparison plot saved to: xgb_kmedianpp_noclassbalance_fixed10k_fullheldout_150q_5seeds/xgb_kmedianpp_noclassbalance_fixed10k_pr_auc_trapz_with_hard.png

Experiment                          n_trials Final MP Count      Std
--------------------------------------------------------------------
lambda=0 hard                              5           0.00     0.00
lambda=1e2                                 5           0.00     0.00
lambda=1e3                                 5           0.00     0.00
lambda=1e4                                 5           0.00     0.00
lambda=1e5                                 5           0.00     0.00
lambda=1e6                                 5           0.00     0.00
lambda=inf (uniform)                       5           0.00     0.00

✓ MP count plot saved to: xgb_kmedianpp_noclassbalance_fixed10k_fullheldout_150q_5seeds/xgb_kmedianpp_noclassbalance_fixed10k_pr_auc_trapz_with_hard_mp_count.png
Experiment                          n_trials   Final Mean  Final Std
----------------------------------------------------------------------
lambda=0 hard                              5    0.0889213 0.000361672
lambda=1e2                                 5    0.0143689 5.98746e-05
lambda=1e3                                 5    0.0029309 2.05484e-05
lambda=1e4                                 5   0.00170749 2.71095e-06
lambda=1e5                                 5   0.00161487 1.10067e-07
lambda=1e6                                 5   0.00161262 1.61687e-09
lambda=inf (uniform)                       5    0.0016126 2.1684e-19

Saved plot to: xgb_kmedianpp_noclassbalance_fixed10k_fullheldout_150q_5seeds/xgb_kmedianpp_noclassbalance_fixed10k_weight_l2_norm_with_hard.png
Experiment                          n_trials   Final Mean  Final Std
----------------------------------------------------------------------
lambda=0 hard                              5      126.477    1.02417
lambda=1e2                                 5      4843.68    40.4065
lambda=1e3                                 5       116429    1625.58
lambda=1e4                                 5       342994    1088.04
lambda=1e5                                 5       383465    52.2728
lambda=1e6                                 5       384533    0.77109
lambda=inf (uniform)                       5       384546          0

Saved plot to: xgb_kmedianpp_noclassbalance_fixed10k_fullheldout_150q_5seeds/xgb_kmedianpp_noclassbalance_fixed10k_effective_sample_size_with_hard.png

Hard Voronoi no-class-balance kmedian++ run completed.
