
============================================================
  Adding lambda=10 to no-class-balance fixed-10k kmedian++ run
  Output: xgb_kmedianpp_noclassbalance_fixed10k_fullheldout_150q_5seeds/al_xgb_kmedianpp_l2_150_lambda_10
============================================================
/usr/lib/python3/dist-packages/scipy/__init__.py:146: UserWarning: A NumPy version >=1.17.3 and <1.25.0 is required for this version of SciPy (detected version 1.26.4
  warnings.warn(f"A NumPy version >={np_minversion} and <{np_maxversion}"
  [Torch] CUDA detected; TF32 matmul enabled where supported.
Loading warm-start data from bp_rp_lamost_normalized_low_teff.h5 ...
Loading full population from bp_rp_lamost_normalized.h5 ...
  Data loaded in 17.3s
  Warm-start: 384396 (MP=1347, MR=383049)
  Pool: 4042878 (MP=7375, MR=4035503)
  Eval set: 500000 (MP=971, MR=499029)
  Eval source: full_heldout
  Eval original warm-start membership: 43666/500000 (8.7332%)
  Eval/final warm-start overlap: 0
  Eval/query pool overlap: 0
  Train weight-sum mode: fixed; initial labeled count=384396; initial target sum=10000

============================================================
Trial 1 / 5  (seed=42)
============================================================
  [Query RNG] kmedianpp uses a dedicated RNG stream; reweighting/training RNG draws cannot change the query plan.
  [Voronoi-L2] Computing sample weights (λ=10.0, max_iter=16, 384396 labeled vs 100000 pool (subsampled from 4042878))...
    [Voronoi-L2] Cached pool tensor on GPU: 100000 x 111
    [Voronoi-L2] CUDA chunk size: 3195 pool rows x 384396 labeled
  [Timing] Voronoi-L2 weights: 41.37s
  [TrainWeights] class_balance=none mode=fixed target=10000 total=10000 MP=2075.87 MR=7924.13
/home/bgg7950/.local/lib/python3.10/site-packages/xgboost/training.py:200: UserWarning: [22:19:16] WARNING: /__w/xgboost/xgboost/src/learner.cc:782: 
Parameters: { "use_label_encoder" } are not used.

  bst.update(dtrain, iteration=i, fobj=obj)
  [Timing] Classifier train: 2.84s
/home/bgg7950/.local/lib/python3.10/site-packages/xgboost/core.py:751: UserWarning: [22:19:19] WARNING: /__w/xgboost/xgboost/src/common/error_msg.cc:62: Falling back to prediction using DMatrix due to mismatched devices. This might lead to higher memory usage and slower performance. XGBoost is running on: cuda:0, while the input data is on: cpu.
Potential solutions:
- Use a data structure that matches the device ordinal in the booster.
- Set the device for booster before call to inplace_predict.

This warning will only be shown once.

  return func(**kwargs)
  [Timing] Evaluation: 1.42s
[Query    0] Acc=0.9854  Loss(test MP=1.0444 MR=0.0527 avg=0.5485)  labeled=384396 (MP=1347, MR=383049)
  [GPU] Initializing k-Median++ distances (Dynamic Chunks: 87157x10000)...
    [GPU] Initialized 87157 / 4042878 stars...
    [GPU] Initialized 522942 / 4042878 stars...
    [GPU] Initialized 958727 / 4042878 stars...
    [GPU] Initialized 1394512 / 4042878 stars...
    [GPU] Initialized 1830297 / 4042878 stars...
    [GPU] Initialized 2266082 / 4042878 stars...
    [GPU] Initialized 2701867 / 4042878 stars...
    [GPU] Initialized 3137652 / 4042878 stars...
    [GPU] Initialized 3573437 / 4042878 stars...
    [GPU] Initialized 4009222 / 4042878 stars...
  [Timing] kmedianpp query selection: 82.39s
  [Voronoi-L2] Computing sample weights (λ=10.0, max_iter=8, 384406 labeled vs 100000 pool (subsampled from 4042878))...
    [Voronoi-L2] CUDA chunk size: 2576 pool rows x 384406 labeled
  [Timing] Voronoi-L2 weights: 20.73s
  [TrainWeights] class_balance=none mode=fixed target=10000 total=10000 MP=2027.02 MR=7972.98
/home/bgg7950/.local/lib/python3.10/site-packages/xgboost/training.py:200: UserWarning: [22:21:04] WARNING: /__w/xgboost/xgboost/src/learner.cc:782: 
Parameters: { "use_label_encoder" } are not used.

  bst.update(dtrain, iteration=i, fobj=obj)
  [Timing] Classifier train: 2.86s
  [Timing] Evaluation: 1.35s
[Query   10] Acc=0.9857  Loss(test MP=1.0664 MR=0.0517 avg=0.5590)  labeled=384406 (MP=1347, MR=383059)
  >> AUC snapshot at 10 queries: PR-AUC(trapz) = 0.2190; AP = 0.2201
  [Timing] kmedianpp query selection: 0.74s
  [Voronoi-L2] Computing sample weights (λ=10.0, max_iter=8, 384416 labeled vs 100000 pool (subsampled from 4042878))...
    [Voronoi-L2] CUDA chunk size: 2060 pool rows x 384416 labeled
  [Timing] Voronoi-L2 weights: 19.52s
  [TrainWeights] class_balance=none mode=fixed target=10000 total=10000 MP=2168.12 MR=7831.88
/home/bgg7950/.local/lib/python3.10/site-packages/xgboost/training.py:200: UserWarning: [22:21:29] WARNING: /__w/xgboost/xgboost/src/learner.cc:782: 
Parameters: { "use_label_encoder" } are not used.

  bst.update(dtrain, iteration=i, fobj=obj)
  [Timing] Classifier train: 2.85s
  [Timing] Evaluation: 1.42s
[Query   20] Acc=0.9869  Loss(test MP=1.0028 MR=0.0495 avg=0.5261)  labeled=384416 (MP=1347, MR=383069)
  >> AUC snapshot at 20 queries: PR-AUC(trapz) = 0.2529; AP = 0.2545
  [Timing] kmedianpp query selection: 0.68s
  [Voronoi-L2] Computing sample weights (λ=10.0, max_iter=8, 384426 labeled vs 100000 pool (subsampled from 4042878))...
    [Voronoi-L2] CUDA chunk size: 2060 pool rows x 384426 labeled
  [Timing] Voronoi-L2 weights: 19.81s
  [TrainWeights] class_balance=none mode=fixed target=10000 total=10000 MP=2188.84 MR=7811.16
/home/bgg7950/.local/lib/python3.10/site-packages/xgboost/training.py:200: UserWarning: [22:21:55] WARNING: /__w/xgboost/xgboost/src/learner.cc:782: 
Parameters: { "use_label_encoder" } are not used.

  bst.update(dtrain, iteration=i, fobj=obj)
  [Timing] Classifier train: 2.86s
  [Timing] Evaluation: 1.39s
[Query   30] Acc=0.9874  Loss(test MP=1.0594 MR=0.0475 avg=0.5535)  labeled=384426 (MP=1347, MR=383079)
  >> AUC snapshot at 30 queries: PR-AUC(trapz) = 0.2517; AP = 0.2534
  [Timing] kmedianpp query selection: 0.76s
  [Voronoi-L2] Computing sample weights (λ=10.0, max_iter=8, 384436 labeled vs 100000 pool (subsampled from 4042878))...
    [Voronoi-L2] CUDA chunk size: 2060 pool rows x 384436 labeled
  [Timing] Voronoi-L2 weights: 19.91s
  [TrainWeights] class_balance=none mode=fixed target=10000 total=10000 MP=2188.22 MR=7811.78
/home/bgg7950/.local/lib/python3.10/site-packages/xgboost/training.py:200: UserWarning: [22:22:21] WARNING: /__w/xgboost/xgboost/src/learner.cc:782: 
Parameters: { "use_label_encoder" } are not used.

  bst.update(dtrain, iteration=i, fobj=obj)
  [Timing] Classifier train: 2.82s
  [Timing] Evaluation: 1.36s
[Query   40] Acc=0.9879  Loss(test MP=1.0438 MR=0.0466 avg=0.5452)  labeled=384436 (MP=1347, MR=383089)
  >> AUC snapshot at 40 queries: PR-AUC(trapz) = 0.2535; AP = 0.2553
  [Timing] kmedianpp query selection: 0.68s
  [Voronoi-L2] Computing sample weights (λ=10.0, max_iter=8, 384446 labeled vs 100000 pool (subsampled from 4042878))...
    [Voronoi-L2] CUDA chunk size: 2060 pool rows x 384446 labeled
  [Timing] Voronoi-L2 weights: 19.97s
  [TrainWeights] class_balance=none mode=fixed target=10000 total=10000 MP=2181.51 MR=7818.49
/home/bgg7950/.local/lib/python3.10/site-packages/xgboost/training.py:200: UserWarning: [22:22:47] WARNING: /__w/xgboost/xgboost/src/learner.cc:782: 
Parameters: { "use_label_encoder" } are not used.

  bst.update(dtrain, iteration=i, fobj=obj)
  [Timing] Classifier train: 2.83s
  [Timing] Evaluation: 1.40s
[Query   50] Acc=0.9879  Loss(test MP=1.0598 MR=0.0469 avg=0.5534)  labeled=384446 (MP=1347, MR=383099)
  >> AUC snapshot at 50 queries: PR-AUC(trapz) = 0.2514; AP = 0.2530
  [Timing] kmedianpp query selection: 0.72s
  [Voronoi-L2] Computing sample weights (λ=10.0, max_iter=8, 384456 labeled vs 100000 pool (subsampled from 4042878))...
    [Voronoi-L2] CUDA chunk size: 2060 pool rows x 384456 labeled
  [Timing] Voronoi-L2 weights: 19.98s
  [TrainWeights] class_balance=none mode=fixed target=10000 total=10000 MP=2156.06 MR=7843.94
/home/bgg7950/.local/lib/python3.10/site-packages/xgboost/training.py:200: UserWarning: [22:23:14] WARNING: /__w/xgboost/xgboost/src/learner.cc:782: 
Parameters: { "use_label_encoder" } are not used.

  bst.update(dtrain, iteration=i, fobj=obj)
  [Timing] Classifier train: 2.85s
  [Timing] Evaluation: 1.41s
[Query   60] Acc=0.9882  Loss(test MP=1.0472 MR=0.0459 avg=0.5465)  labeled=384456 (MP=1347, MR=383109)
  >> AUC snapshot at 60 queries: PR-AUC(trapz) = 0.2531; AP = 0.2548
  [Timing] kmedianpp query selection: 0.75s
  [Voronoi-L2] Computing sample weights (λ=10.0, max_iter=8, 384466 labeled vs 100000 pool (subsampled from 4042878))...
    [Voronoi-L2] CUDA chunk size: 2060 pool rows x 384466 labeled
  [Timing] Voronoi-L2 weights: 19.97s
  [TrainWeights] class_balance=none mode=fixed target=10000 total=10000 MP=2159.9 MR=7840.1
/home/bgg7950/.local/lib/python3.10/site-packages/xgboost/training.py:200: UserWarning: [22:23:40] WARNING: /__w/xgboost/xgboost/src/learner.cc:782: 
Parameters: { "use_label_encoder" } are not used.

  bst.update(dtrain, iteration=i, fobj=obj)
  [Timing] Classifier train: 2.85s
  [Timing] Evaluation: 1.35s
[Query   70] Acc=0.9884  Loss(test MP=1.0681 MR=0.0445 avg=0.5563)  labeled=384466 (MP=1347, MR=383119)
  >> AUC snapshot at 70 queries: PR-AUC(trapz) = 0.2460; AP = 0.2477
  [Timing] kmedianpp query selection: 0.76s
  [Voronoi-L2] Computing sample weights (λ=10.0, max_iter=8, 384476 labeled vs 100000 pool (subsampled from 4042878))...
    [Voronoi-L2] CUDA chunk size: 2060 pool rows x 384476 labeled
  [Timing] Voronoi-L2 weights: 19.94s
  [TrainWeights] class_balance=none mode=fixed target=10000 total=10000 MP=2145.52 MR=7854.48
/home/bgg7950/.local/lib/python3.10/site-packages/xgboost/training.py:200: UserWarning: [22:24:06] WARNING: /__w/xgboost/xgboost/src/learner.cc:782: 
Parameters: { "use_label_encoder" } are not used.

  bst.update(dtrain, iteration=i, fobj=obj)
  [Timing] Classifier train: 2.89s
  [Timing] Evaluation: 1.35s
[Query   80] Acc=0.9883  Loss(test MP=1.0777 MR=0.0445 avg=0.5611)  labeled=384476 (MP=1347, MR=383129)
  >> AUC snapshot at 80 queries: PR-AUC(trapz) = 0.2498; AP = 0.2516
  [Timing] kmedianpp query selection: 0.74s
  [Voronoi-L2] Computing sample weights (λ=10.0, max_iter=8, 384486 labeled vs 100000 pool (subsampled from 4042878))...
    [Voronoi-L2] CUDA chunk size: 2060 pool rows x 384486 labeled
  [Timing] Voronoi-L2 weights: 19.70s
  [TrainWeights] class_balance=none mode=fixed target=10000 total=10000 MP=2139.49 MR=7860.51
/home/bgg7950/.local/lib/python3.10/site-packages/xgboost/training.py:200: UserWarning: [22:24:32] WARNING: /__w/xgboost/xgboost/src/learner.cc:782: 
Parameters: { "use_label_encoder" } are not used.

  bst.update(dtrain, iteration=i, fobj=obj)
  [Timing] Classifier train: 2.86s
  [Timing] Evaluation: 1.40s
[Query   90] Acc=0.9884  Loss(test MP=1.0570 MR=0.0442 avg=0.5506)  labeled=384486 (MP=1347, MR=383139)
  >> AUC snapshot at 90 queries: PR-AUC(trapz) = 0.2509; AP = 0.2519
  [Timing] kmedianpp query selection: 0.77s
  [Voronoi-L2] Computing sample weights (λ=10.0, max_iter=8, 384496 labeled vs 100000 pool (subsampled from 4042878))...
    [Voronoi-L2] CUDA chunk size: 2060 pool rows x 384496 labeled
  [Timing] Voronoi-L2 weights: 19.55s
  [TrainWeights] class_balance=none mode=fixed target=10000 total=10000 MP=2129.69 MR=7870.31
/home/bgg7950/.local/lib/python3.10/site-packages/xgboost/training.py:200: UserWarning: [22:24:58] WARNING: /__w/xgboost/xgboost/src/learner.cc:782: 
Parameters: { "use_label_encoder" } are not used.

  bst.update(dtrain, iteration=i, fobj=obj)
  [Timing] Classifier train: 2.85s
  [Timing] Evaluation: 1.37s
[Query  100] Acc=0.9887  Loss(test MP=1.0555 MR=0.0434 avg=0.5494)  labeled=384496 (MP=1347, MR=383149)
  >> AUC snapshot at 100 queries: PR-AUC(trapz) = 0.2624; AP = 0.2640
  [Timing] kmedianpp query selection: 0.74s
  [Voronoi-L2] Computing sample weights (λ=10.0, max_iter=8, 384506 labeled vs 100000 pool (subsampled from 4042878))...
    [Voronoi-L2] CUDA chunk size: 2060 pool rows x 384506 labeled
  [Timing] Voronoi-L2 weights: 19.70s
  [TrainWeights] class_balance=none mode=fixed target=10000 total=10000 MP=2118.22 MR=7881.78
/home/bgg7950/.local/lib/python3.10/site-packages/xgboost/training.py:200: UserWarning: [22:25:24] WARNING: /__w/xgboost/xgboost/src/learner.cc:782: 
Parameters: { "use_label_encoder" } are not used.

  bst.update(dtrain, iteration=i, fobj=obj)
  [Timing] Classifier train: 2.85s
  [Timing] Evaluation: 1.35s
[Query  110] Acc=0.9888  Loss(test MP=1.0630 MR=0.0432 avg=0.5531)  labeled=384506 (MP=1347, MR=383159)
  >> AUC snapshot at 110 queries: PR-AUC(trapz) = 0.2554; AP = 0.2572
  [Timing] kmedianpp query selection: 0.77s
  [Voronoi-L2] Computing sample weights (λ=10.0, max_iter=8, 384516 labeled vs 100000 pool (subsampled from 4042878))...
    [Voronoi-L2] CUDA chunk size: 2060 pool rows x 384516 labeled
  [Timing] Voronoi-L2 weights: 19.97s
  [TrainWeights] class_balance=none mode=fixed target=10000 total=10000 MP=2113.7 MR=7886.3
/home/bgg7950/.local/lib/python3.10/site-packages/xgboost/training.py:200: UserWarning: [22:25:50] WARNING: /__w/xgboost/xgboost/src/learner.cc:782: 
Parameters: { "use_label_encoder" } are not used.

  bst.update(dtrain, iteration=i, fobj=obj)
  [Timing] Classifier train: 2.86s
  [Timing] Evaluation: 1.35s
[Query  120] Acc=0.9889  Loss(test MP=1.0403 MR=0.0425 avg=0.5414)  labeled=384516 (MP=1347, MR=383169)
  >> AUC snapshot at 120 queries: PR-AUC(trapz) = 0.2540; AP = 0.2558
  [Timing] kmedianpp query selection: 0.75s
  [Voronoi-L2] Computing sample weights (λ=10.0, max_iter=8, 384526 labeled vs 100000 pool (subsampled from 4042878))...
    [Voronoi-L2] CUDA chunk size: 2060 pool rows x 384526 labeled
  [Timing] Voronoi-L2 weights: 19.98s
  [TrainWeights] class_balance=none mode=fixed target=10000 total=10000 MP=2108.08 MR=7891.92
/home/bgg7950/.local/lib/python3.10/site-packages/xgboost/training.py:200: UserWarning: [22:26:16] WARNING: /__w/xgboost/xgboost/src/learner.cc:782: 
Parameters: { "use_label_encoder" } are not used.

  bst.update(dtrain, iteration=i, fobj=obj)
  [Timing] Classifier train: 2.87s
  [Timing] Evaluation: 1.37s
[Query  130] Acc=0.9887  Loss(test MP=1.0720 MR=0.0428 avg=0.5574)  labeled=384526 (MP=1347, MR=383179)
  >> AUC snapshot at 130 queries: PR-AUC(trapz) = 0.2547; AP = 0.2558
  [Timing] kmedianpp query selection: 0.68s
  [Voronoi-L2] Computing sample weights (λ=10.0, max_iter=8, 384536 labeled vs 100000 pool (subsampled from 4042878))...
    [Voronoi-L2] CUDA chunk size: 2060 pool rows x 384536 labeled
  [Timing] Voronoi-L2 weights: 19.97s
  [TrainWeights] class_balance=none mode=fixed target=10000 total=10000 MP=2081.19 MR=7918.81
/home/bgg7950/.local/lib/python3.10/site-packages/xgboost/training.py:200: UserWarning: [22:26:42] WARNING: /__w/xgboost/xgboost/src/learner.cc:782: 
Parameters: { "use_label_encoder" } are not used.

  bst.update(dtrain, iteration=i, fobj=obj)
  [Timing] Classifier train: 2.84s
  [Timing] Evaluation: 1.35s
[Query  140] Acc=0.9893  Loss(test MP=1.0284 MR=0.0411 avg=0.5348)  labeled=384536 (MP=1347, MR=383189)
  >> AUC snapshot at 140 queries: PR-AUC(trapz) = 0.2706; AP = 0.2724
  [Timing] kmedianpp query selection: 0.77s
  [Voronoi-L2] Computing sample weights (λ=10.0, max_iter=8, 384546 labeled vs 100000 pool (subsampled from 4042878))...
    [Voronoi-L2] CUDA chunk size: 2060 pool rows x 384546 labeled
  [Timing] Voronoi-L2 weights: 19.97s
  [TrainWeights] class_balance=none mode=fixed target=10000 total=10000 MP=2079.5 MR=7920.5
/home/bgg7950/.local/lib/python3.10/site-packages/xgboost/training.py:200: UserWarning: [22:27:08] WARNING: /__w/xgboost/xgboost/src/learner.cc:782: 
Parameters: { "use_label_encoder" } are not used.

  bst.update(dtrain, iteration=i, fobj=obj)
  [Timing] Classifier train: 2.87s
  [Timing] Evaluation: 1.38s
[Query  150] Acc=0.9897  Loss(test MP=1.0431 MR=0.0403 avg=0.5417)  labeled=384546 (MP=1347, MR=383199)
  >> AUC snapshot at 150 queries: PR-AUC(trapz) = 0.2641; AP = 0.2658

Trial 1 runtime: 538.0s  (data loading: 17.3s)

Saved weight distribution plot to xgb_kmedianpp_noclassbalance_fixed10k_fullheldout_150q_5seeds/al_xgb_kmedianpp_l2_150_lambda_10/weight_distribution.png
Saved PR curve plot to xgb_kmedianpp_noclassbalance_fixed10k_fullheldout_150q_5seeds/al_xgb_kmedianpp_l2_150_lambda_10/pr_curve_mp.png.

============================================================
Trial 2 / 5  (seed=43)
============================================================
  [Query RNG] kmedianpp uses a dedicated RNG stream; reweighting/training RNG draws cannot change the query plan.
  [Voronoi-L2] Computing sample weights (λ=10.0, max_iter=16, 384396 labeled vs 100000 pool (subsampled from 4042878))...
    [Voronoi-L2] Cached pool tensor on GPU: 100000 x 111
    [Voronoi-L2] CUDA chunk size: 2054 pool rows x 384396 labeled
  [Timing] Voronoi-L2 weights: 39.52s
  [TrainWeights] class_balance=none mode=fixed target=10000 total=10000 MP=2102.22 MR=7897.78
/home/bgg7950/.local/lib/python3.10/site-packages/xgboost/training.py:200: UserWarning: [22:28:04] WARNING: /__w/xgboost/xgboost/src/learner.cc:782: 
Parameters: { "use_label_encoder" } are not used.

  bst.update(dtrain, iteration=i, fobj=obj)
  [Timing] Classifier train: 2.85s
  [Timing] Evaluation: 1.42s
[Query    0] Acc=0.9858  Loss(test MP=1.0545 MR=0.0518 avg=0.5532)  labeled=384396 (MP=1347, MR=383049)
  [GPU] Initializing k-Median++ distances (Dynamic Chunks: 87157x10000)...
    [GPU] Initialized 87157 / 4042878 stars...
    [GPU] Initialized 522942 / 4042878 stars...
    [GPU] Initialized 958727 / 4042878 stars...
    [GPU] Initialized 1394512 / 4042878 stars...
    [GPU] Initialized 1830297 / 4042878 stars...
    [GPU] Initialized 2266082 / 4042878 stars...
    [GPU] Initialized 2701867 / 4042878 stars...
    [GPU] Initialized 3137652 / 4042878 stars...
    [GPU] Initialized 3573437 / 4042878 stars...
    [GPU] Initialized 4009222 / 4042878 stars...
  [Timing] kmedianpp query selection: 82.79s
  [Voronoi-L2] Computing sample weights (λ=10.0, max_iter=8, 384406 labeled vs 100000 pool (subsampled from 4042878))...
    [Voronoi-L2] CUDA chunk size: 2693 pool rows x 384406 labeled
  [Timing] Voronoi-L2 weights: 19.96s
  [TrainWeights] class_balance=none mode=fixed target=10000 total=10000 MP=2167.17 MR=7832.83
/home/bgg7950/.local/lib/python3.10/site-packages/xgboost/training.py:200: UserWarning: [22:29:51] WARNING: /__w/xgboost/xgboost/src/learner.cc:782: 
Parameters: { "use_label_encoder" } are not used.

  bst.update(dtrain, iteration=i, fobj=obj)
  [Timing] Classifier train: 2.86s
  [Timing] Evaluation: 1.40s
[Query   10] Acc=0.9870  Loss(test MP=1.0461 MR=0.0491 avg=0.5476)  labeled=384406 (MP=1347, MR=383059)
  >> AUC snapshot at 10 queries: PR-AUC(trapz) = 0.2410; AP = 0.2420
  [Timing] kmedianpp query selection: 0.74s
  [Voronoi-L2] Computing sample weights (λ=10.0, max_iter=8, 384416 labeled vs 100000 pool (subsampled from 4042878))...
    [Voronoi-L2] CUDA chunk size: 1615 pool rows x 384416 labeled
  [Timing] Voronoi-L2 weights: 19.69s
  [TrainWeights] class_balance=none mode=fixed target=10000 total=10000 MP=2183.03 MR=7816.97
/home/bgg7950/.local/lib/python3.10/site-packages/xgboost/training.py:200: UserWarning: [22:30:17] WARNING: /__w/xgboost/xgboost/src/learner.cc:782: 
Parameters: { "use_label_encoder" } are not used.

  bst.update(dtrain, iteration=i, fobj=obj)
  [Timing] Classifier train: 2.84s
  [Timing] Evaluation: 1.41s
[Query   20] Acc=0.9869  Loss(test MP=1.0498 MR=0.0487 avg=0.5493)  labeled=384416 (MP=1347, MR=383069)
  >> AUC snapshot at 20 queries: PR-AUC(trapz) = 0.2448; AP = 0.2465
  [Timing] kmedianpp query selection: 0.77s
  [Voronoi-L2] Computing sample weights (λ=10.0, max_iter=8, 384426 labeled vs 100000 pool (subsampled from 4042878))...
    [Voronoi-L2] CUDA chunk size: 1615 pool rows x 384426 labeled
  [Timing] Voronoi-L2 weights: 19.97s
  [TrainWeights] class_balance=none mode=fixed target=10000 total=10000 MP=2195.14 MR=7804.86
/home/bgg7950/.local/lib/python3.10/site-packages/xgboost/training.py:200: UserWarning: [22:30:43] WARNING: /__w/xgboost/xgboost/src/learner.cc:782: 
Parameters: { "use_label_encoder" } are not used.

  bst.update(dtrain, iteration=i, fobj=obj)
  [Timing] Classifier train: 2.85s
  [Timing] Evaluation: 1.35s
[Query   30] Acc=0.9868  Loss(test MP=1.0402 MR=0.0487 avg=0.5444)  labeled=384426 (MP=1347, MR=383079)
  >> AUC snapshot at 30 queries: PR-AUC(trapz) = 0.2465; AP = 0.2482
  [Timing] kmedianpp query selection: 0.72s
  [Voronoi-L2] Computing sample weights (λ=10.0, max_iter=8, 384436 labeled vs 100000 pool (subsampled from 4042878))...
    [Voronoi-L2] CUDA chunk size: 1615 pool rows x 384436 labeled
  [Timing] Voronoi-L2 weights: 20.13s
  [TrainWeights] class_balance=none mode=fixed target=10000 total=10000 MP=2205.59 MR=7794.41
/home/bgg7950/.local/lib/python3.10/site-packages/xgboost/training.py:200: UserWarning: [22:31:09] WARNING: /__w/xgboost/xgboost/src/learner.cc:782: 
Parameters: { "use_label_encoder" } are not used.

  bst.update(dtrain, iteration=i, fobj=obj)
  [Timing] Classifier train: 2.84s
  [Timing] Evaluation: 1.33s
[Query   40] Acc=0.9873  Loss(test MP=1.0599 MR=0.0474 avg=0.5537)  labeled=384436 (MP=1347, MR=383089)
  >> AUC snapshot at 40 queries: PR-AUC(trapz) = 0.2488; AP = 0.2499
  [Timing] kmedianpp query selection: 0.78s
  [Voronoi-L2] Computing sample weights (λ=10.0, max_iter=8, 384446 labeled vs 100000 pool (subsampled from 4042878))...
    [Voronoi-L2] CUDA chunk size: 1615 pool rows x 384446 labeled
  [Timing] Voronoi-L2 weights: 20.19s
  [TrainWeights] class_balance=none mode=fixed target=10000 total=10000 MP=2186.17 MR=7813.83
/home/bgg7950/.local/lib/python3.10/site-packages/xgboost/training.py:200: UserWarning: [22:31:35] WARNING: /__w/xgboost/xgboost/src/learner.cc:782: 
Parameters: { "use_label_encoder" } are not used.

  bst.update(dtrain, iteration=i, fobj=obj)
  [Timing] Classifier train: 2.87s
  [Timing] Evaluation: 1.34s
[Query   50] Acc=0.9873  Loss(test MP=1.0543 MR=0.0472 avg=0.5508)  labeled=384446 (MP=1347, MR=383099)
  >> AUC snapshot at 50 queries: PR-AUC(trapz) = 0.2462; AP = 0.2480
  [Timing] kmedianpp query selection: 0.70s
  [Voronoi-L2] Computing sample weights (λ=10.0, max_iter=8, 384456 labeled vs 100000 pool (subsampled from 4042878))...
    [Voronoi-L2] CUDA chunk size: 1615 pool rows x 384456 labeled
  [Timing] Voronoi-L2 weights: 20.12s
  [TrainWeights] class_balance=none mode=fixed target=10000 total=10000 MP=2182.87 MR=7817.13
/home/bgg7950/.local/lib/python3.10/site-packages/xgboost/training.py:200: UserWarning: [22:32:02] WARNING: /__w/xgboost/xgboost/src/learner.cc:782: 
Parameters: { "use_label_encoder" } are not used.

  bst.update(dtrain, iteration=i, fobj=obj)
  [Timing] Classifier train: 2.86s
  [Timing] Evaluation: 1.35s
[Query   60] Acc=0.9879  Loss(test MP=1.0829 MR=0.0457 avg=0.5643)  labeled=384456 (MP=1347, MR=383109)
  >> AUC snapshot at 60 queries: PR-AUC(trapz) = 0.2451; AP = 0.2468
  [Timing] kmedianpp query selection: 0.77s
  [Voronoi-L2] Computing sample weights (λ=10.0, max_iter=8, 384466 labeled vs 100000 pool (subsampled from 4042878))...
    [Voronoi-L2] CUDA chunk size: 1615 pool rows x 384466 labeled
  [Timing] Voronoi-L2 weights: 20.07s
  [TrainWeights] class_balance=none mode=fixed target=10000 total=10000 MP=2176.09 MR=7823.91
/home/bgg7950/.local/lib/python3.10/site-packages/xgboost/training.py:200: UserWarning: [22:32:28] WARNING: /__w/xgboost/xgboost/src/learner.cc:782: 
Parameters: { "use_label_encoder" } are not used.

  bst.update(dtrain, iteration=i, fobj=obj)
  [Timing] Classifier train: 2.87s
  [Timing] Evaluation: 1.40s
[Query   70] Acc=0.9876  Loss(test MP=1.0362 MR=0.0467 avg=0.5414)  labeled=384466 (MP=1347, MR=383119)
  >> AUC snapshot at 70 queries: PR-AUC(trapz) = 0.2484; AP = 0.2502
  [Timing] kmedianpp query selection: 0.72s
  [Voronoi-L2] Computing sample weights (λ=10.0, max_iter=8, 384476 labeled vs 100000 pool (subsampled from 4042878))...
    [Voronoi-L2] CUDA chunk size: 1615 pool rows x 384476 labeled
  [Timing] Voronoi-L2 weights: 20.10s
  [TrainWeights] class_balance=none mode=fixed target=10000 total=10000 MP=2157.53 MR=7842.47
/home/bgg7950/.local/lib/python3.10/site-packages/xgboost/training.py:200: UserWarning: [22:32:54] WARNING: /__w/xgboost/xgboost/src/learner.cc:782: 
Parameters: { "use_label_encoder" } are not used.

  bst.update(dtrain, iteration=i, fobj=obj)
  [Timing] Classifier train: 2.88s
  [Timing] Evaluation: 1.35s
[Query   80] Acc=0.9881  Loss(test MP=1.0715 MR=0.0451 avg=0.5583)  labeled=384476 (MP=1347, MR=383129)
  >> AUC snapshot at 80 queries: PR-AUC(trapz) = 0.2504; AP = 0.2522
  [Timing] kmedianpp query selection: 0.77s
  [Voronoi-L2] Computing sample weights (λ=10.0, max_iter=8, 384486 labeled vs 100000 pool (subsampled from 4042878))...
    [Voronoi-L2] CUDA chunk size: 1615 pool rows x 384486 labeled
  [Timing] Voronoi-L2 weights: 20.26s
  [TrainWeights] class_balance=none mode=fixed target=10000 total=10000 MP=2157.05 MR=7842.95
/home/bgg7950/.local/lib/python3.10/site-packages/xgboost/training.py:200: UserWarning: [22:33:21] WARNING: /__w/xgboost/xgboost/src/learner.cc:782: 
Parameters: { "use_label_encoder" } are not used.

  bst.update(dtrain, iteration=i, fobj=obj)
  [Timing] Classifier train: 2.86s
  [Timing] Evaluation: 1.36s
[Query   90] Acc=0.9885  Loss(test MP=1.1400 MR=0.0437 avg=0.5919)  labeled=384486 (MP=1347, MR=383139)
  >> AUC snapshot at 90 queries: PR-AUC(trapz) = 0.2462; AP = 0.2472
  [Timing] kmedianpp query selection: 0.73s
  [Voronoi-L2] Computing sample weights (λ=10.0, max_iter=8, 384496 labeled vs 100000 pool (subsampled from 4042878))...
    [Voronoi-L2] CUDA chunk size: 1615 pool rows x 384496 labeled
  [Timing] Voronoi-L2 weights: 20.15s
  [TrainWeights] class_balance=none mode=fixed target=10000 total=10000 MP=2144.51 MR=7855.49
/home/bgg7950/.local/lib/python3.10/site-packages/xgboost/training.py:200: UserWarning: [22:33:47] WARNING: /__w/xgboost/xgboost/src/learner.cc:782: 
Parameters: { "use_label_encoder" } are not used.

  bst.update(dtrain, iteration=i, fobj=obj)
  [Timing] Classifier train: 2.90s
  [Timing] Evaluation: 1.37s
[Query  100] Acc=0.9885  Loss(test MP=1.1055 MR=0.0438 avg=0.5746)  labeled=384496 (MP=1347, MR=383149)
  >> AUC snapshot at 100 queries: PR-AUC(trapz) = 0.2487; AP = 0.2503
  [Timing] kmedianpp query selection: 0.76s
  [Voronoi-L2] Computing sample weights (λ=10.0, max_iter=8, 384506 labeled vs 100000 pool (subsampled from 4042878))...
    [Voronoi-L2] CUDA chunk size: 1615 pool rows x 384506 labeled
  [Timing] Voronoi-L2 weights: 20.19s
  [TrainWeights] class_balance=none mode=fixed target=10000 total=10000 MP=2140.79 MR=7859.21
/home/bgg7950/.local/lib/python3.10/site-packages/xgboost/training.py:200: UserWarning: [22:34:13] WARNING: /__w/xgboost/xgboost/src/learner.cc:782: 
Parameters: { "use_label_encoder" } are not used.

  bst.update(dtrain, iteration=i, fobj=obj)
  [Timing] Classifier train: 2.91s
  [Timing] Evaluation: 1.35s
[Query  110] Acc=0.9884  Loss(test MP=1.1139 MR=0.0438 avg=0.5789)  labeled=384506 (MP=1347, MR=383159)
  >> AUC snapshot at 110 queries: PR-AUC(trapz) = 0.2519; AP = 0.2536
  [Timing] kmedianpp query selection: 0.72s
  [Voronoi-L2] Computing sample weights (λ=10.0, max_iter=8, 384516 labeled vs 100000 pool (subsampled from 4042878))...
    [Voronoi-L2] CUDA chunk size: 1615 pool rows x 384516 labeled
  [Timing] Voronoi-L2 weights: 19.90s
  [TrainWeights] class_balance=none mode=fixed target=10000 total=10000 MP=2119.73 MR=7880.27
/home/bgg7950/.local/lib/python3.10/site-packages/xgboost/training.py:200: UserWarning: [22:34:39] WARNING: /__w/xgboost/xgboost/src/learner.cc:782: 
Parameters: { "use_label_encoder" } are not used.

  bst.update(dtrain, iteration=i, fobj=obj)
  [Timing] Classifier train: 2.91s
  [Timing] Evaluation: 1.42s
[Query  120] Acc=0.9889  Loss(test MP=1.0693 MR=0.0427 avg=0.5560)  labeled=384516 (MP=1347, MR=383169)
  >> AUC snapshot at 120 queries: PR-AUC(trapz) = 0.2526; AP = 0.2544
  [Timing] kmedianpp query selection: 0.77s
  [Voronoi-L2] Computing sample weights (λ=10.0, max_iter=8, 384526 labeled vs 100000 pool (subsampled from 4042878))...
    [Voronoi-L2] CUDA chunk size: 1615 pool rows x 384526 labeled
  [Timing] Voronoi-L2 weights: 19.99s
  [TrainWeights] class_balance=none mode=fixed target=10000 total=10000 MP=2089.54 MR=7910.46
/home/bgg7950/.local/lib/python3.10/site-packages/xgboost/training.py:200: UserWarning: [22:35:06] WARNING: /__w/xgboost/xgboost/src/learner.cc:782: 
Parameters: { "use_label_encoder" } are not used.

  bst.update(dtrain, iteration=i, fobj=obj)
  [Timing] Classifier train: 2.91s
  [Timing] Evaluation: 1.39s
[Query  130] Acc=0.9888  Loss(test MP=1.0732 MR=0.0424 avg=0.5578)  labeled=384526 (MP=1347, MR=383179)
  >> AUC snapshot at 130 queries: PR-AUC(trapz) = 0.2460; AP = 0.2471
  [Timing] kmedianpp query selection: 0.73s
  [Voronoi-L2] Computing sample weights (λ=10.0, max_iter=8, 384536 labeled vs 100000 pool (subsampled from 4042878))...
    [Voronoi-L2] CUDA chunk size: 1615 pool rows x 384536 labeled
  [Timing] Voronoi-L2 weights: 20.20s
  [TrainWeights] class_balance=none mode=fixed target=10000 total=10000 MP=2088.94 MR=7911.06
/home/bgg7950/.local/lib/python3.10/site-packages/xgboost/training.py:200: UserWarning: [22:35:32] WARNING: /__w/xgboost/xgboost/src/learner.cc:782: 
Parameters: { "use_label_encoder" } are not used.

  bst.update(dtrain, iteration=i, fobj=obj)
  [Timing] Classifier train: 2.88s
  [Timing] Evaluation: 1.40s
[Query  140] Acc=0.9892  Loss(test MP=1.0877 MR=0.0416 avg=0.5646)  labeled=384536 (MP=1347, MR=383189)
  >> AUC snapshot at 140 queries: PR-AUC(trapz) = 0.2467; AP = 0.2485
  [Timing] kmedianpp query selection: 0.76s
  [Voronoi-L2] Computing sample weights (λ=10.0, max_iter=8, 384546 labeled vs 100000 pool (subsampled from 4042878))...
    [Voronoi-L2] CUDA chunk size: 1615 pool rows x 384546 labeled
  [Timing] Voronoi-L2 weights: 20.15s
  [TrainWeights] class_balance=none mode=fixed target=10000 total=10000 MP=2093.22 MR=7906.78
/home/bgg7950/.local/lib/python3.10/site-packages/xgboost/training.py:200: UserWarning: [22:35:59] WARNING: /__w/xgboost/xgboost/src/learner.cc:782: 
Parameters: { "use_label_encoder" } are not used.

  bst.update(dtrain, iteration=i, fobj=obj)
  [Timing] Classifier train: 2.89s
  [Timing] Evaluation: 1.36s
[Query  150] Acc=0.9891  Loss(test MP=1.0732 MR=0.0415 avg=0.5574)  labeled=384546 (MP=1347, MR=383199)
  >> AUC snapshot at 150 queries: PR-AUC(trapz) = 0.2502; AP = 0.2520

============================================================
Trial 3 / 5  (seed=44)
============================================================
  [Query RNG] kmedianpp uses a dedicated RNG stream; reweighting/training RNG draws cannot change the query plan.
  [Voronoi-L2] Computing sample weights (λ=10.0, max_iter=16, 384396 labeled vs 100000 pool (subsampled from 4042878))...
    [Voronoi-L2] Cached pool tensor on GPU: 100000 x 111
    [Voronoi-L2] CUDA chunk size: 1616 pool rows x 384396 labeled
  [Timing] Voronoi-L2 weights: 39.50s
  [TrainWeights] class_balance=none mode=fixed target=10000 total=10000 MP=2065.72 MR=7934.28
/home/bgg7950/.local/lib/python3.10/site-packages/xgboost/training.py:200: UserWarning: [22:36:44] WARNING: /__w/xgboost/xgboost/src/learner.cc:782: 
Parameters: { "use_label_encoder" } are not used.

  bst.update(dtrain, iteration=i, fobj=obj)
  [Timing] Classifier train: 2.84s
  [Timing] Evaluation: 1.34s
[Query    0] Acc=0.9858  Loss(test MP=1.0883 MR=0.0519 avg=0.5701)  labeled=384396 (MP=1347, MR=383049)
  [GPU] Initializing k-Median++ distances (Dynamic Chunks: 87157x10000)...
    [GPU] Initialized 87157 / 4042878 stars...
    [GPU] Initialized 522942 / 4042878 stars...
    [GPU] Initialized 958727 / 4042878 stars...
    [GPU] Initialized 1394512 / 4042878 stars...
    [GPU] Initialized 1830297 / 4042878 stars...
    [GPU] Initialized 2266082 / 4042878 stars...
    [GPU] Initialized 2701867 / 4042878 stars...
    [GPU] Initialized 3137652 / 4042878 stars...
    [GPU] Initialized 3573437 / 4042878 stars...
    [GPU] Initialized 4009222 / 4042878 stars...
  [Timing] kmedianpp query selection: 82.78s
  [Voronoi-L2] Computing sample weights (λ=10.0, max_iter=8, 384406 labeled vs 100000 pool (subsampled from 4042878))...
    [Voronoi-L2] CUDA chunk size: 2693 pool rows x 384406 labeled
  [Timing] Voronoi-L2 weights: 19.95s
  [TrainWeights] class_balance=none mode=fixed target=10000 total=10000 MP=2157.23 MR=7842.77
/home/bgg7950/.local/lib/python3.10/site-packages/xgboost/training.py:200: UserWarning: [22:38:31] WARNING: /__w/xgboost/xgboost/src/learner.cc:782: 
Parameters: { "use_label_encoder" } are not used.

  bst.update(dtrain, iteration=i, fobj=obj)
  [Timing] Classifier train: 2.83s
  [Timing] Evaluation: 1.35s
[Query   10] Acc=0.9864  Loss(test MP=1.1001 MR=0.0516 avg=0.5759)  labeled=384406 (MP=1347, MR=383059)
  >> AUC snapshot at 10 queries: PR-AUC(trapz) = 0.2373; AP = 0.2384
  [Timing] kmedianpp query selection: 0.69s
  [Voronoi-L2] Computing sample weights (λ=10.0, max_iter=8, 384416 labeled vs 100000 pool (subsampled from 4042878))...
    [Voronoi-L2] CUDA chunk size: 1615 pool rows x 384416 labeled
  [Timing] Voronoi-L2 weights: 19.68s
  [TrainWeights] class_balance=none mode=fixed target=10000 total=10000 MP=2163.02 MR=7836.98
/home/bgg7950/.local/lib/python3.10/site-packages/xgboost/training.py:200: UserWarning: [22:38:56] WARNING: /__w/xgboost/xgboost/src/learner.cc:782: 
Parameters: { "use_label_encoder" } are not used.

  bst.update(dtrain, iteration=i, fobj=obj)
  [Timing] Classifier train: 2.84s
  [Timing] Evaluation: 1.35s
[Query   20] Acc=0.9862  Loss(test MP=1.1426 MR=0.0507 avg=0.5966)  labeled=384416 (MP=1347, MR=383069)
  >> AUC snapshot at 20 queries: PR-AUC(trapz) = 0.2458; AP = 0.2469
  [Timing] kmedianpp query selection: 0.77s
  [Voronoi-L2] Computing sample weights (λ=10.0, max_iter=8, 384426 labeled vs 100000 pool (subsampled from 4042878))...
    [Voronoi-L2] CUDA chunk size: 1615 pool rows x 384426 labeled
  [Timing] Voronoi-L2 weights: 19.98s
  [TrainWeights] class_balance=none mode=fixed target=10000 total=10000 MP=2189.67 MR=7810.33
/home/bgg7950/.local/lib/python3.10/site-packages/xgboost/training.py:200: UserWarning: [22:39:23] WARNING: /__w/xgboost/xgboost/src/learner.cc:782: 
Parameters: { "use_label_encoder" } are not used.

  bst.update(dtrain, iteration=i, fobj=obj)
  [Timing] Classifier train: 2.90s
  [Timing] Evaluation: 1.36s
[Query   30] Acc=0.9861  Loss(test MP=1.0992 MR=0.0512 avg=0.5752)  labeled=384426 (MP=1347, MR=383079)
  >> AUC snapshot at 30 queries: PR-AUC(trapz) = 0.2508; AP = 0.2526
  [Timing] kmedianpp query selection: 0.68s
  [Voronoi-L2] Computing sample weights (λ=10.0, max_iter=8, 384436 labeled vs 100000 pool (subsampled from 4042878))...
    [Voronoi-L2] CUDA chunk size: 1615 pool rows x 384436 labeled
  [Timing] Voronoi-L2 weights: 20.14s
  [TrainWeights] class_balance=none mode=fixed target=10000 total=10000 MP=2191.1 MR=7808.9
/home/bgg7950/.local/lib/python3.10/site-packages/xgboost/training.py:200: UserWarning: [22:39:49] WARNING: /__w/xgboost/xgboost/src/learner.cc:782: 
Parameters: { "use_label_encoder" } are not used.

  bst.update(dtrain, iteration=i, fobj=obj)
  [Timing] Classifier train: 2.86s
  [Timing] Evaluation: 1.35s
[Query   40] Acc=0.9869  Loss(test MP=1.1250 MR=0.0492 avg=0.5871)  labeled=384436 (MP=1347, MR=383089)
  >> AUC snapshot at 40 queries: PR-AUC(trapz) = 0.2526; AP = 0.2542
  [Timing] kmedianpp query selection: 0.74s
  [Voronoi-L2] Computing sample weights (λ=10.0, max_iter=8, 384446 labeled vs 100000 pool (subsampled from 4042878))...
    [Voronoi-L2] CUDA chunk size: 1615 pool rows x 384446 labeled
  [Timing] Voronoi-L2 weights: 20.19s
  [TrainWeights] class_balance=none mode=fixed target=10000 total=10000 MP=2177.78 MR=7822.22
/home/bgg7950/.local/lib/python3.10/site-packages/xgboost/training.py:200: UserWarning: [22:40:15] WARNING: /__w/xgboost/xgboost/src/learner.cc:782: 
Parameters: { "use_label_encoder" } are not used.

  bst.update(dtrain, iteration=i, fobj=obj)
  [Timing] Classifier train: 2.84s
  [Timing] Evaluation: 1.36s
[Query   50] Acc=0.9875  Loss(test MP=1.0932 MR=0.0479 avg=0.5706)  labeled=384446 (MP=1347, MR=383099)
  >> AUC snapshot at 50 queries: PR-AUC(trapz) = 0.2549; AP = 0.2559
  [Timing] kmedianpp query selection: 0.70s
  [Voronoi-L2] Computing sample weights (λ=10.0, max_iter=8, 384456 labeled vs 100000 pool (subsampled from 4042878))...
    [Voronoi-L2] CUDA chunk size: 1615 pool rows x 384456 labeled
  [Timing] Voronoi-L2 weights: 20.13s
  [TrainWeights] class_balance=none mode=fixed target=10000 total=10000 MP=2168.76 MR=7831.24
/home/bgg7950/.local/lib/python3.10/site-packages/xgboost/training.py:200: UserWarning: [22:40:41] WARNING: /__w/xgboost/xgboost/src/learner.cc:782: 
Parameters: { "use_label_encoder" } are not used.

  bst.update(dtrain, iteration=i, fobj=obj)
  [Timing] Classifier train: 2.87s
  [Timing] Evaluation: 1.36s
[Query   60] Acc=0.9878  Loss(test MP=1.1233 MR=0.0466 avg=0.5849)  labeled=384456 (MP=1347, MR=383109)
  >> AUC snapshot at 60 queries: PR-AUC(trapz) = 0.2533; AP = 0.2550
  [Timing] kmedianpp query selection: 0.74s
  [Voronoi-L2] Computing sample weights (λ=10.0, max_iter=8, 384466 labeled vs 100000 pool (subsampled from 4042878))...
    [Voronoi-L2] CUDA chunk size: 1615 pool rows x 384466 labeled
  [Timing] Voronoi-L2 weights: 20.08s
  [TrainWeights] class_balance=none mode=fixed target=10000 total=10000 MP=2167.19 MR=7832.81
/home/bgg7950/.local/lib/python3.10/site-packages/xgboost/training.py:200: UserWarning: [22:41:08] WARNING: /__w/xgboost/xgboost/src/learner.cc:782: 
Parameters: { "use_label_encoder" } are not used.

  bst.update(dtrain, iteration=i, fobj=obj)
  [Timing] Classifier train: 2.87s
  [Timing] Evaluation: 1.35s
[Query   70] Acc=0.9881  Loss(test MP=1.0799 MR=0.0456 avg=0.5628)  labeled=384466 (MP=1347, MR=383119)
  >> AUC snapshot at 70 queries: PR-AUC(trapz) = 0.2578; AP = 0.2595
  [Timing] kmedianpp query selection: 0.73s
  [Voronoi-L2] Computing sample weights (λ=10.0, max_iter=8, 384476 labeled vs 100000 pool (subsampled from 4042878))...
    [Voronoi-L2] CUDA chunk size: 1615 pool rows x 384476 labeled
  [Timing] Voronoi-L2 weights: 20.10s
  [TrainWeights] class_balance=none mode=fixed target=10000 total=10000 MP=2145.71 MR=7854.29
/home/bgg7950/.local/lib/python3.10/site-packages/xgboost/training.py:200: UserWarning: [22:41:34] WARNING: /__w/xgboost/xgboost/src/learner.cc:782: 
Parameters: { "use_label_encoder" } are not used.

  bst.update(dtrain, iteration=i, fobj=obj)
  [Timing] Classifier train: 2.90s
  [Timing] Evaluation: 1.41s
[Query   80] Acc=0.9886  Loss(test MP=1.1081 MR=0.0446 avg=0.5763)  labeled=384476 (MP=1347, MR=383129)
  >> AUC snapshot at 80 queries: PR-AUC(trapz) = 0.2571; AP = 0.2588
  [Timing] kmedianpp query selection: 0.75s
  [Voronoi-L2] Computing sample weights (λ=10.0, max_iter=8, 384486 labeled vs 100000 pool (subsampled from 4042878))...
    [Voronoi-L2] CUDA chunk size: 1615 pool rows x 384486 labeled
  [Timing] Voronoi-L2 weights: 20.26s
  [TrainWeights] class_balance=none mode=fixed target=10000 total=10000 MP=2145.5 MR=7854.5
/home/bgg7950/.local/lib/python3.10/site-packages/xgboost/training.py:200: UserWarning: [22:42:00] WARNING: /__w/xgboost/xgboost/src/learner.cc:782: 
Parameters: { "use_label_encoder" } are not used.

  bst.update(dtrain, iteration=i, fobj=obj)
  [Timing] Classifier train: 2.87s
  [Timing] Evaluation: 1.35s
[Query   90] Acc=0.9890  Loss(test MP=1.0394 MR=0.0438 avg=0.5416)  labeled=384486 (MP=1347, MR=383139)
  >> AUC snapshot at 90 queries: PR-AUC(trapz) = 0.2692; AP = 0.2708
  [Timing] kmedianpp query selection: 0.68s
  [Voronoi-L2] Computing sample weights (λ=10.0, max_iter=8, 384496 labeled vs 100000 pool (subsampled from 4042878))...
    [Voronoi-L2] CUDA chunk size: 1615 pool rows x 384496 labeled
  [Timing] Voronoi-L2 weights: 20.15s
  [TrainWeights] class_balance=none mode=fixed target=10000 total=10000 MP=2142.93 MR=7857.07
/home/bgg7950/.local/lib/python3.10/site-packages/xgboost/training.py:200: UserWarning: [22:42:27] WARNING: /__w/xgboost/xgboost/src/learner.cc:782: 
Parameters: { "use_label_encoder" } are not used.

  bst.update(dtrain, iteration=i, fobj=obj)
  [Timing] Classifier train: 2.91s
  [Timing] Evaluation: 1.41s
[Query  100] Acc=0.9888  Loss(test MP=1.0732 MR=0.0441 avg=0.5587)  labeled=384496 (MP=1347, MR=383149)
  >> AUC snapshot at 100 queries: PR-AUC(trapz) = 0.2686; AP = 0.2703
  [Timing] kmedianpp query selection: 0.76s
  [Voronoi-L2] Computing sample weights (λ=10.0, max_iter=8, 384506 labeled vs 100000 pool (subsampled from 4042878))...
    [Voronoi-L2] CUDA chunk size: 1615 pool rows x 384506 labeled
  [Timing] Voronoi-L2 weights: 20.19s
  [TrainWeights] class_balance=none mode=fixed target=10000 total=10000 MP=2126.25 MR=7873.75
/home/bgg7950/.local/lib/python3.10/site-packages/xgboost/training.py:200: UserWarning: [22:42:53] WARNING: /__w/xgboost/xgboost/src/learner.cc:782: 
Parameters: { "use_label_encoder" } are not used.

  bst.update(dtrain, iteration=i, fobj=obj)
  [Timing] Classifier train: 2.87s
  [Timing] Evaluation: 1.36s
[Query  110] Acc=0.9892  Loss(test MP=1.0603 MR=0.0429 avg=0.5516)  labeled=384506 (MP=1347, MR=383159)
  >> AUC snapshot at 110 queries: PR-AUC(trapz) = 0.2681; AP = 0.2697
  [Timing] kmedianpp query selection: 0.71s
  [Voronoi-L2] Computing sample weights (λ=10.0, max_iter=8, 384516 labeled vs 100000 pool (subsampled from 4042878))...
    [Voronoi-L2] CUDA chunk size: 1615 pool rows x 384516 labeled
  [Timing] Voronoi-L2 weights: 19.90s
  [TrainWeights] class_balance=none mode=fixed target=10000 total=10000 MP=2119.45 MR=7880.55
/home/bgg7950/.local/lib/python3.10/site-packages/xgboost/training.py:200: UserWarning: [22:43:19] WARNING: /__w/xgboost/xgboost/src/learner.cc:782: 
Parameters: { "use_label_encoder" } are not used.

  bst.update(dtrain, iteration=i, fobj=obj)
  [Timing] Classifier train: 2.86s
  [Timing] Evaluation: 1.36s
[Query  120] Acc=0.9892  Loss(test MP=1.0698 MR=0.0426 avg=0.5562)  labeled=384516 (MP=1347, MR=383169)
  >> AUC snapshot at 120 queries: PR-AUC(trapz) = 0.2630; AP = 0.2647
  [Timing] kmedianpp query selection: 0.76s
  [Voronoi-L2] Computing sample weights (λ=10.0, max_iter=8, 384526 labeled vs 100000 pool (subsampled from 4042878))...
    [Voronoi-L2] CUDA chunk size: 1615 pool rows x 384526 labeled
  [Timing] Voronoi-L2 weights: 19.99s
  [TrainWeights] class_balance=none mode=fixed target=10000 total=10000 MP=2099.05 MR=7900.95
/home/bgg7950/.local/lib/python3.10/site-packages/xgboost/training.py:200: UserWarning: [22:43:46] WARNING: /__w/xgboost/xgboost/src/learner.cc:782: 
Parameters: { "use_label_encoder" } are not used.

  bst.update(dtrain, iteration=i, fobj=obj)
  [Timing] Classifier train: 2.88s
  [Timing] Evaluation: 1.35s
[Query  130] Acc=0.9891  Loss(test MP=1.0308 MR=0.0424 avg=0.5366)  labeled=384526 (MP=1347, MR=383179)
  >> AUC snapshot at 130 queries: PR-AUC(trapz) = 0.2656; AP = 0.2673
  [Timing] kmedianpp query selection: 0.69s
  [Voronoi-L2] Computing sample weights (λ=10.0, max_iter=8, 384536 labeled vs 100000 pool (subsampled from 4042878))...
    [Voronoi-L2] CUDA chunk size: 1615 pool rows x 384536 labeled
  [Timing] Voronoi-L2 weights: 20.20s
  [TrainWeights] class_balance=none mode=fixed target=10000 total=10000 MP=2080.69 MR=7919.31
/home/bgg7950/.local/lib/python3.10/site-packages/xgboost/training.py:200: UserWarning: [22:44:12] WARNING: /__w/xgboost/xgboost/src/learner.cc:782: 
Parameters: { "use_label_encoder" } are not used.

  bst.update(dtrain, iteration=i, fobj=obj)
  [Timing] Classifier train: 2.86s
  [Timing] Evaluation: 1.38s
[Query  140] Acc=0.9896  Loss(test MP=1.1028 MR=0.0409 avg=0.5719)  labeled=384536 (MP=1347, MR=383189)
  >> AUC snapshot at 140 queries: PR-AUC(trapz) = 0.2639; AP = 0.2657
  [Timing] kmedianpp query selection: 0.73s
  [Voronoi-L2] Computing sample weights (λ=10.0, max_iter=8, 384546 labeled vs 100000 pool (subsampled from 4042878))...
    [Voronoi-L2] CUDA chunk size: 1615 pool rows x 384546 labeled
  [Timing] Voronoi-L2 weights: 20.14s
  [TrainWeights] class_balance=none mode=fixed target=10000 total=10000 MP=2058.92 MR=7941.08
/home/bgg7950/.local/lib/python3.10/site-packages/xgboost/training.py:200: UserWarning: [22:44:38] WARNING: /__w/xgboost/xgboost/src/learner.cc:782: 
Parameters: { "use_label_encoder" } are not used.

  bst.update(dtrain, iteration=i, fobj=obj)
  [Timing] Classifier train: 2.89s
  [Timing] Evaluation: 1.36s
[Query  150] Acc=0.9900  Loss(test MP=1.1154 MR=0.0396 avg=0.5775)  labeled=384546 (MP=1347, MR=383199)
  >> AUC snapshot at 150 queries: PR-AUC(trapz) = 0.2686; AP = 0.2704

============================================================
Trial 4 / 5  (seed=45)
============================================================
  [Query RNG] kmedianpp uses a dedicated RNG stream; reweighting/training RNG draws cannot change the query plan.
  [Voronoi-L2] Computing sample weights (λ=10.0, max_iter=16, 384396 labeled vs 100000 pool (subsampled from 4042878))...
    [Voronoi-L2] Cached pool tensor on GPU: 100000 x 111
    [Voronoi-L2] CUDA chunk size: 1616 pool rows x 384396 labeled
  [Timing] Voronoi-L2 weights: 39.50s
  [TrainWeights] class_balance=none mode=fixed target=10000 total=10000 MP=2092.1 MR=7907.9
/home/bgg7950/.local/lib/python3.10/site-packages/xgboost/training.py:200: UserWarning: [22:45:23] WARNING: /__w/xgboost/xgboost/src/learner.cc:782: 
Parameters: { "use_label_encoder" } are not used.

  bst.update(dtrain, iteration=i, fobj=obj)
  [Timing] Classifier train: 2.85s
  [Timing] Evaluation: 1.40s
[Query    0] Acc=0.9854  Loss(test MP=1.0968 MR=0.0529 avg=0.5749)  labeled=384396 (MP=1347, MR=383049)
  [GPU] Initializing k-Median++ distances (Dynamic Chunks: 87157x10000)...
    [GPU] Initialized 87157 / 4042878 stars...
    [GPU] Initialized 522942 / 4042878 stars...
    [GPU] Initialized 958727 / 4042878 stars...
    [GPU] Initialized 1394512 / 4042878 stars...
    [GPU] Initialized 1830297 / 4042878 stars...
    [GPU] Initialized 2266082 / 4042878 stars...
    [GPU] Initialized 2701867 / 4042878 stars...
    [GPU] Initialized 3137652 / 4042878 stars...
    [GPU] Initialized 3573437 / 4042878 stars...
    [GPU] Initialized 4009222 / 4042878 stars...
  [Timing] kmedianpp query selection: 82.77s
  [Voronoi-L2] Computing sample weights (λ=10.0, max_iter=8, 384406 labeled vs 100000 pool (subsampled from 4042878))...
    [Voronoi-L2] CUDA chunk size: 2693 pool rows x 384406 labeled
  [Timing] Voronoi-L2 weights: 19.96s
  [TrainWeights] class_balance=none mode=fixed target=10000 total=10000 MP=2149.23 MR=7850.77
/home/bgg7950/.local/lib/python3.10/site-packages/xgboost/training.py:200: UserWarning: [22:47:10] WARNING: /__w/xgboost/xgboost/src/learner.cc:782: 
Parameters: { "use_label_encoder" } are not used.

  bst.update(dtrain, iteration=i, fobj=obj)
  [Timing] Classifier train: 2.88s
  [Timing] Evaluation: 1.39s
[Query   10] Acc=0.9862  Loss(test MP=1.0621 MR=0.0513 avg=0.5567)  labeled=384406 (MP=1347, MR=383059)
  >> AUC snapshot at 10 queries: PR-AUC(trapz) = 0.2434; AP = 0.2452
  [Timing] kmedianpp query selection: 0.69s
  [Voronoi-L2] Computing sample weights (λ=10.0, max_iter=8, 384416 labeled vs 100000 pool (subsampled from 4042878))...
    [Voronoi-L2] CUDA chunk size: 1615 pool rows x 384416 labeled
  [Timing] Voronoi-L2 weights: 19.69s
  [TrainWeights] class_balance=none mode=fixed target=10000 total=10000 MP=2184.36 MR=7815.64
/home/bgg7950/.local/lib/python3.10/site-packages/xgboost/training.py:200: UserWarning: [22:47:36] WARNING: /__w/xgboost/xgboost/src/learner.cc:782: 
Parameters: { "use_label_encoder" } are not used.

  bst.update(dtrain, iteration=i, fobj=obj)
  [Timing] Classifier train: 2.88s
  [Timing] Evaluation: 1.39s
[Query   20] Acc=0.9863  Loss(test MP=1.0336 MR=0.0507 avg=0.5422)  labeled=384416 (MP=1347, MR=383069)
  >> AUC snapshot at 20 queries: PR-AUC(trapz) = 0.2380; AP = 0.2390
  [Timing] kmedianpp query selection: 0.73s
  [Voronoi-L2] Computing sample weights (λ=10.0, max_iter=8, 384426 labeled vs 100000 pool (subsampled from 4042878))...
    [Voronoi-L2] CUDA chunk size: 1615 pool rows x 384426 labeled
  [Timing] Voronoi-L2 weights: 19.97s
  [TrainWeights] class_balance=none mode=fixed target=10000 total=10000 MP=2191.48 MR=7808.52
/home/bgg7950/.local/lib/python3.10/site-packages/xgboost/training.py:200: UserWarning: [22:48:03] WARNING: /__w/xgboost/xgboost/src/learner.cc:782: 
Parameters: { "use_label_encoder" } are not used.

  bst.update(dtrain, iteration=i, fobj=obj)
  [Timing] Classifier train: 2.90s
  [Timing] Evaluation: 1.39s
[Query   30] Acc=0.9865  Loss(test MP=1.0030 MR=0.0506 avg=0.5268)  labeled=384426 (MP=1347, MR=383079)
  >> AUC snapshot at 30 queries: PR-AUC(trapz) = 0.2488; AP = 0.2505
  [Timing] kmedianpp query selection: 0.69s
  [Voronoi-L2] Computing sample weights (λ=10.0, max_iter=8, 384436 labeled vs 100000 pool (subsampled from 4042878))...
    [Voronoi-L2] CUDA chunk size: 1615 pool rows x 384436 labeled
  [Timing] Voronoi-L2 weights: 20.14s
  [TrainWeights] class_balance=none mode=fixed target=10000 total=10000 MP=2186.28 MR=7813.72
/home/bgg7950/.local/lib/python3.10/site-packages/xgboost/training.py:200: UserWarning: [22:48:29] WARNING: /__w/xgboost/xgboost/src/learner.cc:782: 
Parameters: { "use_label_encoder" } are not used.

  bst.update(dtrain, iteration=i, fobj=obj)
  [Timing] Classifier train: 2.90s
  [Timing] Evaluation: 1.40s
[Query   40] Acc=0.9873  Loss(test MP=1.0498 MR=0.0486 avg=0.5492)  labeled=384436 (MP=1347, MR=383089)
  >> AUC snapshot at 40 queries: PR-AUC(trapz) = 0.2429; AP = 0.2446
  [Timing] kmedianpp query selection: 0.75s
  [Voronoi-L2] Computing sample weights (λ=10.0, max_iter=8, 384446 labeled vs 100000 pool (subsampled from 4042878))...
    [Voronoi-L2] CUDA chunk size: 1615 pool rows x 384446 labeled
  [Timing] Voronoi-L2 weights: 20.18s
  [TrainWeights] class_balance=none mode=fixed target=10000 total=10000 MP=2198.2 MR=7801.8
/home/bgg7950/.local/lib/python3.10/site-packages/xgboost/training.py:200: UserWarning: [22:48:55] WARNING: /__w/xgboost/xgboost/src/learner.cc:782: 
Parameters: { "use_label_encoder" } are not used.

  bst.update(dtrain, iteration=i, fobj=obj)
  [Timing] Classifier train: 2.94s
  [Timing] Evaluation: 1.41s
[Query   50] Acc=0.9874  Loss(test MP=1.0499 MR=0.0473 avg=0.5486)  labeled=384446 (MP=1347, MR=383099)
  >> AUC snapshot at 50 queries: PR-AUC(trapz) = 0.2487; AP = 0.2498
  [Timing] kmedianpp query selection: 0.68s
  [Voronoi-L2] Computing sample weights (λ=10.0, max_iter=8, 384456 labeled vs 100000 pool (subsampled from 4042878))...
    [Voronoi-L2] CUDA chunk size: 1615 pool rows x 384456 labeled
  [Timing] Voronoi-L2 weights: 20.15s
  [TrainWeights] class_balance=none mode=fixed target=10000 total=10000 MP=2196.29 MR=7803.71
/home/bgg7950/.local/lib/python3.10/site-packages/xgboost/training.py:200: UserWarning: [22:49:22] WARNING: /__w/xgboost/xgboost/src/learner.cc:782: 
Parameters: { "use_label_encoder" } are not used.

  bst.update(dtrain, iteration=i, fobj=obj)
  [Timing] Classifier train: 2.96s
  [Timing] Evaluation: 1.40s
[Query   60] Acc=0.9872  Loss(test MP=1.0180 MR=0.0478 avg=0.5329)  labeled=384456 (MP=1347, MR=383109)
  >> AUC snapshot at 60 queries: PR-AUC(trapz) = 0.2488; AP = 0.2498
  [Timing] kmedianpp query selection: 0.73s
  [Voronoi-L2] Computing sample weights (λ=10.0, max_iter=8, 384466 labeled vs 100000 pool (subsampled from 4042878))...
    [Voronoi-L2] CUDA chunk size: 1615 pool rows x 384466 labeled
  [Timing] Voronoi-L2 weights: 20.07s
  [TrainWeights] class_balance=none mode=fixed target=10000 total=10000 MP=2192.5 MR=7807.5
/home/bgg7950/.local/lib/python3.10/site-packages/xgboost/training.py:200: UserWarning: [22:49:48] WARNING: /__w/xgboost/xgboost/src/learner.cc:782: 
Parameters: { "use_label_encoder" } are not used.

  bst.update(dtrain, iteration=i, fobj=obj)
  [Timing] Classifier train: 2.98s
  [Timing] Evaluation: 1.41s
[Query   70] Acc=0.9873  Loss(test MP=1.0505 MR=0.0478 avg=0.5492)  labeled=384466 (MP=1347, MR=383119)
  >> AUC snapshot at 70 queries: PR-AUC(trapz) = 0.2472; AP = 0.2482
  [Timing] kmedianpp query selection: 0.69s
  [Voronoi-L2] Computing sample weights (λ=10.0, max_iter=8, 384476 labeled vs 100000 pool (subsampled from 4042878))...
    [Voronoi-L2] CUDA chunk size: 1615 pool rows x 384476 labeled
  [Timing] Voronoi-L2 weights: 20.10s
  [TrainWeights] class_balance=none mode=fixed target=10000 total=10000 MP=2176.66 MR=7823.34
/home/bgg7950/.local/lib/python3.10/site-packages/xgboost/training.py:200: UserWarning: [22:50:15] WARNING: /__w/xgboost/xgboost/src/learner.cc:782: 
Parameters: { "use_label_encoder" } are not used.

  bst.update(dtrain, iteration=i, fobj=obj)
  [Timing] Classifier train: 2.98s
  [Timing] Evaluation: 1.40s
[Query   80] Acc=0.9885  Loss(test MP=1.0914 MR=0.0446 avg=0.5680)  labeled=384476 (MP=1347, MR=383129)
  >> AUC snapshot at 80 queries: PR-AUC(trapz) = 0.2565; AP = 0.2575
  [Timing] kmedianpp query selection: 0.75s
  [Voronoi-L2] Computing sample weights (λ=10.0, max_iter=8, 384486 labeled vs 100000 pool (subsampled from 4042878))...
    [Voronoi-L2] CUDA chunk size: 1615 pool rows x 384486 labeled
  [Timing] Voronoi-L2 weights: 20.25s
  [TrainWeights] class_balance=none mode=fixed target=10000 total=10000 MP=2170.02 MR=7829.98
/home/bgg7950/.local/lib/python3.10/site-packages/xgboost/training.py:200: UserWarning: [22:50:41] WARNING: /__w/xgboost/xgboost/src/learner.cc:782: 
Parameters: { "use_label_encoder" } are not used.

  bst.update(dtrain, iteration=i, fobj=obj)
  [Timing] Classifier train: 2.99s
  [Timing] Evaluation: 1.40s
[Query   90] Acc=0.9884  Loss(test MP=1.0585 MR=0.0451 avg=0.5518)  labeled=384486 (MP=1347, MR=383139)
  >> AUC snapshot at 90 queries: PR-AUC(trapz) = 0.2649; AP = 0.2666
  [Timing] kmedianpp query selection: 0.69s
  [Voronoi-L2] Computing sample weights (λ=10.0, max_iter=8, 384496 labeled vs 100000 pool (subsampled from 4042878))...
    [Voronoi-L2] CUDA chunk size: 1615 pool rows x 384496 labeled
  [Timing] Voronoi-L2 weights: 20.18s
  [TrainWeights] class_balance=none mode=fixed target=10000 total=10000 MP=2164.34 MR=7835.66
/home/bgg7950/.local/lib/python3.10/site-packages/xgboost/training.py:200: UserWarning: [22:51:08] WARNING: /__w/xgboost/xgboost/src/learner.cc:782: 
Parameters: { "use_label_encoder" } are not used.

  bst.update(dtrain, iteration=i, fobj=obj)
  [Timing] Classifier train: 2.99s
  [Timing] Evaluation: 1.41s
[Query  100] Acc=0.9890  Loss(test MP=1.0825 MR=0.0438 avg=0.5631)  labeled=384496 (MP=1347, MR=383149)
  >> AUC snapshot at 100 queries: PR-AUC(trapz) = 0.2660; AP = 0.2677
  [Timing] kmedianpp query selection: 0.75s
  [Voronoi-L2] Computing sample weights (λ=10.0, max_iter=8, 384506 labeled vs 100000 pool (subsampled from 4042878))...
    [Voronoi-L2] CUDA chunk size: 1615 pool rows x 384506 labeled
  [Timing] Voronoi-L2 weights: 20.18s
  [TrainWeights] class_balance=none mode=fixed target=10000 total=10000 MP=2153.91 MR=7846.09
/home/bgg7950/.local/lib/python3.10/site-packages/xgboost/training.py:200: UserWarning: [22:51:34] WARNING: /__w/xgboost/xgboost/src/learner.cc:782: 
Parameters: { "use_label_encoder" } are not used.

  bst.update(dtrain, iteration=i, fobj=obj)
  [Timing] Classifier train: 2.97s
  [Timing] Evaluation: 1.40s
[Query  110] Acc=0.9890  Loss(test MP=1.0934 MR=0.0432 avg=0.5683)  labeled=384506 (MP=1347, MR=383159)
  >> AUC snapshot at 110 queries: PR-AUC(trapz) = 0.2723; AP = 0.2738
  [Timing] kmedianpp query selection: 0.71s
  [Voronoi-L2] Computing sample weights (λ=10.0, max_iter=8, 384516 labeled vs 100000 pool (subsampled from 4042878))...
    [Voronoi-L2] CUDA chunk size: 1615 pool rows x 384516 labeled
  [Timing] Voronoi-L2 weights: 19.89s
  [TrainWeights] class_balance=none mode=fixed target=10000 total=10000 MP=2140.68 MR=7859.32
/home/bgg7950/.local/lib/python3.10/site-packages/xgboost/training.py:200: UserWarning: [22:52:00] WARNING: /__w/xgboost/xgboost/src/learner.cc:782: 
Parameters: { "use_label_encoder" } are not used.

  bst.update(dtrain, iteration=i, fobj=obj)
  [Timing] Classifier train: 2.96s
  [Timing] Evaluation: 1.41s
[Query  120] Acc=0.9888  Loss(test MP=1.0897 MR=0.0436 avg=0.5667)  labeled=384516 (MP=1347, MR=383169)
  >> AUC snapshot at 120 queries: PR-AUC(trapz) = 0.2693; AP = 0.2709
  [Timing] kmedianpp query selection: 0.71s
  [Voronoi-L2] Computing sample weights (λ=10.0, max_iter=8, 384526 labeled vs 100000 pool (subsampled from 4042878))...
    [Voronoi-L2] CUDA chunk size: 1615 pool rows x 384526 labeled
  [Timing] Voronoi-L2 weights: 19.98s
  [TrainWeights] class_balance=none mode=fixed target=10000 total=10000 MP=2123.23 MR=7876.77
/home/bgg7950/.local/lib/python3.10/site-packages/xgboost/training.py:200: UserWarning: [22:52:27] WARNING: /__w/xgboost/xgboost/src/learner.cc:782: 
Parameters: { "use_label_encoder" } are not used.

  bst.update(dtrain, iteration=i, fobj=obj)
  [Timing] Classifier train: 2.93s
  [Timing] Evaluation: 1.40s
[Query  130] Acc=0.9897  Loss(test MP=1.1269 MR=0.0412 avg=0.5841)  labeled=384526 (MP=1347, MR=383179)
  >> AUC snapshot at 130 queries: PR-AUC(trapz) = 0.2715; AP = 0.2732
  [Timing] kmedianpp query selection: 0.70s
  [Voronoi-L2] Computing sample weights (λ=10.0, max_iter=8, 384536 labeled vs 100000 pool (subsampled from 4042878))...
    [Voronoi-L2] CUDA chunk size: 1615 pool rows x 384536 labeled
  [Timing] Voronoi-L2 weights: 20.22s
  [TrainWeights] class_balance=none mode=fixed target=10000 total=10000 MP=2104.3 MR=7895.7
/home/bgg7950/.local/lib/python3.10/site-packages/xgboost/training.py:200: UserWarning: [22:52:53] WARNING: /__w/xgboost/xgboost/src/learner.cc:782: 
Parameters: { "use_label_encoder" } are not used.

  bst.update(dtrain, iteration=i, fobj=obj)
  [Timing] Classifier train: 2.95s
  [Timing] Evaluation: 1.41s
[Query  140] Acc=0.9895  Loss(test MP=1.1344 MR=0.0411 avg=0.5877)  labeled=384536 (MP=1347, MR=383189)
  >> AUC snapshot at 140 queries: PR-AUC(trapz) = 0.2650; AP = 0.2667
  [Timing] kmedianpp query selection: 0.70s
  [Voronoi-L2] Computing sample weights (λ=10.0, max_iter=8, 384546 labeled vs 100000 pool (subsampled from 4042878))...
    [Voronoi-L2] CUDA chunk size: 1615 pool rows x 384546 labeled
  [Timing] Voronoi-L2 weights: 20.14s
  [TrainWeights] class_balance=none mode=fixed target=10000 total=10000 MP=2087.76 MR=7912.24
/home/bgg7950/.local/lib/python3.10/site-packages/xgboost/training.py:200: UserWarning: [22:53:20] WARNING: /__w/xgboost/xgboost/src/learner.cc:782: 
Parameters: { "use_label_encoder" } are not used.

  bst.update(dtrain, iteration=i, fobj=obj)
  [Timing] Classifier train: 2.97s
  [Timing] Evaluation: 1.40s
[Query  150] Acc=0.9895  Loss(test MP=1.1537 MR=0.0406 avg=0.5972)  labeled=384546 (MP=1347, MR=383199)
  >> AUC snapshot at 150 queries: PR-AUC(trapz) = 0.2661; AP = 0.2678

============================================================
Trial 5 / 5  (seed=46)
============================================================
  [Query RNG] kmedianpp uses a dedicated RNG stream; reweighting/training RNG draws cannot change the query plan.
  [Voronoi-L2] Computing sample weights (λ=10.0, max_iter=16, 384396 labeled vs 100000 pool (subsampled from 4042878))...
    [Voronoi-L2] Cached pool tensor on GPU: 100000 x 111
    [Voronoi-L2] CUDA chunk size: 1616 pool rows x 384396 labeled
  [Timing] Voronoi-L2 weights: 39.54s
  [TrainWeights] class_balance=none mode=fixed target=10000 total=10000 MP=2120.06 MR=7879.94
/home/bgg7950/.local/lib/python3.10/site-packages/xgboost/training.py:200: UserWarning: [22:54:05] WARNING: /__w/xgboost/xgboost/src/learner.cc:782: 
Parameters: { "use_label_encoder" } are not used.

  bst.update(dtrain, iteration=i, fobj=obj)
  [Timing] Classifier train: 2.97s
  [Timing] Evaluation: 1.39s
[Query    0] Acc=0.9849  Loss(test MP=1.0710 MR=0.0538 avg=0.5624)  labeled=384396 (MP=1347, MR=383049)
  [GPU] Initializing k-Median++ distances (Dynamic Chunks: 87157x10000)...
    [GPU] Initialized 87157 / 4042878 stars...
    [GPU] Initialized 522942 / 4042878 stars...
    [GPU] Initialized 958727 / 4042878 stars...
    [GPU] Initialized 1394512 / 4042878 stars...
    [GPU] Initialized 1830297 / 4042878 stars...
    [GPU] Initialized 2266082 / 4042878 stars...
    [GPU] Initialized 2701867 / 4042878 stars...
    [GPU] Initialized 3137652 / 4042878 stars...
    [GPU] Initialized 3573437 / 4042878 stars...
    [GPU] Initialized 4009222 / 4042878 stars...
  [Timing] kmedianpp query selection: 82.92s
  [Voronoi-L2] Computing sample weights (λ=10.0, max_iter=8, 384406 labeled vs 100000 pool (subsampled from 4042878))...
    [Voronoi-L2] CUDA chunk size: 2693 pool rows x 384406 labeled
  [Timing] Voronoi-L2 weights: 20.00s
  [TrainWeights] class_balance=none mode=fixed target=10000 total=10000 MP=2196.8 MR=7803.2
/home/bgg7950/.local/lib/python3.10/site-packages/xgboost/training.py:200: UserWarning: [22:55:52] WARNING: /__w/xgboost/xgboost/src/learner.cc:782: 
Parameters: { "use_label_encoder" } are not used.

  bst.update(dtrain, iteration=i, fobj=obj)
  [Timing] Classifier train: 2.92s
  [Timing] Evaluation: 1.40s
[Query   10] Acc=0.9864  Loss(test MP=1.0217 MR=0.0508 avg=0.5363)  labeled=384406 (MP=1347, MR=383059)
  >> AUC snapshot at 10 queries: PR-AUC(trapz) = 0.2452; AP = 0.2461
  [Timing] kmedianpp query selection: 0.69s
  [Voronoi-L2] Computing sample weights (λ=10.0, max_iter=8, 384416 labeled vs 100000 pool (subsampled from 4042878))...
    [Voronoi-L2] CUDA chunk size: 1615 pool rows x 384416 labeled
  [Timing] Voronoi-L2 weights: 19.70s
  [TrainWeights] class_balance=none mode=fixed target=10000 total=10000 MP=2199.45 MR=7800.55
/home/bgg7950/.local/lib/python3.10/site-packages/xgboost/training.py:200: UserWarning: [22:56:18] WARNING: /__w/xgboost/xgboost/src/learner.cc:782: 
Parameters: { "use_label_encoder" } are not used.

  bst.update(dtrain, iteration=i, fobj=obj)
  [Timing] Classifier train: 2.90s
  [Timing] Evaluation: 1.36s
[Query   20] Acc=0.9859  Loss(test MP=1.0506 MR=0.0517 avg=0.5512)  labeled=384416 (MP=1347, MR=383069)
  >> AUC snapshot at 20 queries: PR-AUC(trapz) = 0.2430; AP = 0.2439
  [Timing] kmedianpp query selection: 0.74s
  [Voronoi-L2] Computing sample weights (λ=10.0, max_iter=8, 384426 labeled vs 100000 pool (subsampled from 4042878))...
    [Voronoi-L2] CUDA chunk size: 1615 pool rows x 384426 labeled
  [Timing] Voronoi-L2 weights: 19.97s
  [TrainWeights] class_balance=none mode=fixed target=10000 total=10000 MP=2192.51 MR=7807.49
/home/bgg7950/.local/lib/python3.10/site-packages/xgboost/training.py:200: UserWarning: [22:56:45] WARNING: /__w/xgboost/xgboost/src/learner.cc:782: 
Parameters: { "use_label_encoder" } are not used.

  bst.update(dtrain, iteration=i, fobj=obj)
  [Timing] Classifier train: 2.89s
  [Timing] Evaluation: 1.40s
[Query   30] Acc=0.9868  Loss(test MP=1.0416 MR=0.0495 avg=0.5456)  labeled=384426 (MP=1347, MR=383079)
  >> AUC snapshot at 30 queries: PR-AUC(trapz) = 0.2503; AP = 0.2519
  [Timing] kmedianpp query selection: 0.69s
  [Voronoi-L2] Computing sample weights (λ=10.0, max_iter=8, 384436 labeled vs 100000 pool (subsampled from 4042878))...
    [Voronoi-L2] CUDA chunk size: 1615 pool rows x 384436 labeled
  [Timing] Voronoi-L2 weights: 20.14s
  [TrainWeights] class_balance=none mode=fixed target=10000 total=10000 MP=2191.49 MR=7808.51
/home/bgg7950/.local/lib/python3.10/site-packages/xgboost/training.py:200: UserWarning: [22:57:11] WARNING: /__w/xgboost/xgboost/src/learner.cc:782: 
Parameters: { "use_label_encoder" } are not used.

  bst.update(dtrain, iteration=i, fobj=obj)
  [Timing] Classifier train: 2.90s
  [Timing] Evaluation: 1.40s
[Query   40] Acc=0.9877  Loss(test MP=1.0544 MR=0.0471 avg=0.5508)  labeled=384436 (MP=1347, MR=383089)
  >> AUC snapshot at 40 queries: PR-AUC(trapz) = 0.2499; AP = 0.2517
  [Timing] kmedianpp query selection: 0.74s
  [Voronoi-L2] Computing sample weights (λ=10.0, max_iter=8, 384446 labeled vs 100000 pool (subsampled from 4042878))...
    [Voronoi-L2] CUDA chunk size: 1615 pool rows x 384446 labeled
  [Timing] Voronoi-L2 weights: 20.19s
  [TrainWeights] class_balance=none mode=fixed target=10000 total=10000 MP=2190.17 MR=7809.83
/home/bgg7950/.local/lib/python3.10/site-packages/xgboost/training.py:200: UserWarning: [22:57:37] WARNING: /__w/xgboost/xgboost/src/learner.cc:782: 
Parameters: { "use_label_encoder" } are not used.

  bst.update(dtrain, iteration=i, fobj=obj)
  [Timing] Classifier train: 2.92s
  [Timing] Evaluation: 1.40s
[Query   50] Acc=0.9873  Loss(test MP=1.0367 MR=0.0479 avg=0.5423)  labeled=384446 (MP=1347, MR=383099)
  >> AUC snapshot at 50 queries: PR-AUC(trapz) = 0.2522; AP = 0.2533
  [Timing] kmedianpp query selection: 0.68s
  [Voronoi-L2] Computing sample weights (λ=10.0, max_iter=8, 384456 labeled vs 100000 pool (subsampled from 4042878))...
    [Voronoi-L2] CUDA chunk size: 1615 pool rows x 384456 labeled
  [Timing] Voronoi-L2 weights: 20.14s
  [TrainWeights] class_balance=none mode=fixed target=10000 total=10000 MP=2167.47 MR=7832.53
/home/bgg7950/.local/lib/python3.10/site-packages/xgboost/training.py:200: UserWarning: [22:58:04] WARNING: /__w/xgboost/xgboost/src/learner.cc:782: 
Parameters: { "use_label_encoder" } are not used.

  bst.update(dtrain, iteration=i, fobj=obj)
  [Timing] Classifier train: 2.93s
  [Timing] Evaluation: 1.40s
[Query   60] Acc=0.9878  Loss(test MP=1.0967 MR=0.0462 avg=0.5714)  labeled=384456 (MP=1347, MR=383109)
  >> AUC snapshot at 60 queries: PR-AUC(trapz) = 0.2553; AP = 0.2570
  [Timing] kmedianpp query selection: 0.73s
  [Voronoi-L2] Computing sample weights (λ=10.0, max_iter=8, 384466 labeled vs 100000 pool (subsampled from 4042878))...
    [Voronoi-L2] CUDA chunk size: 1615 pool rows x 384466 labeled
  [Timing] Voronoi-L2 weights: 20.07s
  [TrainWeights] class_balance=none mode=fixed target=10000 total=10000 MP=2164.08 MR=7835.92
/home/bgg7950/.local/lib/python3.10/site-packages/xgboost/training.py:200: UserWarning: [22:58:30] WARNING: /__w/xgboost/xgboost/src/learner.cc:782: 
Parameters: { "use_label_encoder" } are not used.

  bst.update(dtrain, iteration=i, fobj=obj)
  [Timing] Classifier train: 2.93s
  [Timing] Evaluation: 1.41s
[Query   70] Acc=0.9883  Loss(test MP=1.1001 MR=0.0454 avg=0.5727)  labeled=384466 (MP=1347, MR=383119)
  >> AUC snapshot at 70 queries: PR-AUC(trapz) = 0.2586; AP = 0.2596
  [Timing] kmedianpp query selection: 0.69s
  [Voronoi-L2] Computing sample weights (λ=10.0, max_iter=8, 384476 labeled vs 100000 pool (subsampled from 4042878))...
    [Voronoi-L2] CUDA chunk size: 1615 pool rows x 384476 labeled
  [Timing] Voronoi-L2 weights: 20.10s
  [TrainWeights] class_balance=none mode=fixed target=10000 total=10000 MP=2141.02 MR=7858.98
/home/bgg7950/.local/lib/python3.10/site-packages/xgboost/training.py:200: UserWarning: [22:58:56] WARNING: /__w/xgboost/xgboost/src/learner.cc:782: 
Parameters: { "use_label_encoder" } are not used.

  bst.update(dtrain, iteration=i, fobj=obj)
  [Timing] Classifier train: 2.90s
  [Timing] Evaluation: 1.40s
[Query   80] Acc=0.9885  Loss(test MP=1.0862 MR=0.0448 avg=0.5655)  labeled=384476 (MP=1347, MR=383129)
  >> AUC snapshot at 80 queries: PR-AUC(trapz) = 0.2565; AP = 0.2583
  [Timing] kmedianpp query selection: 0.74s
  [Voronoi-L2] Computing sample weights (λ=10.0, max_iter=8, 384486 labeled vs 100000 pool (subsampled from 4042878))...
    [Voronoi-L2] CUDA chunk size: 1615 pool rows x 384486 labeled
  [Timing] Voronoi-L2 weights: 20.26s
  [TrainWeights] class_balance=none mode=fixed target=10000 total=10000 MP=2128.95 MR=7871.05
/home/bgg7950/.local/lib/python3.10/site-packages/xgboost/training.py:200: UserWarning: [22:59:23] WARNING: /__w/xgboost/xgboost/src/learner.cc:782: 
Parameters: { "use_label_encoder" } are not used.

  bst.update(dtrain, iteration=i, fobj=obj)
  [Timing] Classifier train: 2.92s
  [Timing] Evaluation: 1.41s
[Query   90] Acc=0.9884  Loss(test MP=1.1213 MR=0.0442 avg=0.5828)  labeled=384486 (MP=1347, MR=383139)
  >> AUC snapshot at 90 queries: PR-AUC(trapz) = 0.2573; AP = 0.2582
  [Timing] kmedianpp query selection: 0.68s
  [Voronoi-L2] Computing sample weights (λ=10.0, max_iter=8, 384496 labeled vs 100000 pool (subsampled from 4042878))...
    [Voronoi-L2] CUDA chunk size: 1615 pool rows x 384496 labeled
  [Timing] Voronoi-L2 weights: 20.17s
  [TrainWeights] class_balance=none mode=fixed target=10000 total=10000 MP=2111.18 MR=7888.82
/home/bgg7950/.local/lib/python3.10/site-packages/xgboost/training.py:200: UserWarning: [22:59:49] WARNING: /__w/xgboost/xgboost/src/learner.cc:782: 
Parameters: { "use_label_encoder" } are not used.

  bst.update(dtrain, iteration=i, fobj=obj)
  [Timing] Classifier train: 2.93s
  [Timing] Evaluation: 1.41s
[Query  100] Acc=0.9885  Loss(test MP=1.0952 MR=0.0442 avg=0.5697)  labeled=384496 (MP=1347, MR=383149)
  >> AUC snapshot at 100 queries: PR-AUC(trapz) = 0.2568; AP = 0.2586
  [Timing] kmedianpp query selection: 0.69s
  [Voronoi-L2] Computing sample weights (λ=10.0, max_iter=8, 384506 labeled vs 100000 pool (subsampled from 4042878))...
    [Voronoi-L2] CUDA chunk size: 1615 pool rows x 384506 labeled
  [Timing] Voronoi-L2 weights: 20.19s
  [TrainWeights] class_balance=none mode=fixed target=10000 total=10000 MP=2097.24 MR=7902.76
/home/bgg7950/.local/lib/python3.10/site-packages/xgboost/training.py:200: UserWarning: [23:00:16] WARNING: /__w/xgboost/xgboost/src/learner.cc:782: 
Parameters: { "use_label_encoder" } are not used.

  bst.update(dtrain, iteration=i, fobj=obj)
  [Timing] Classifier train: 2.93s
  [Timing] Evaluation: 1.40s
[Query  110] Acc=0.9886  Loss(test MP=1.1026 MR=0.0435 avg=0.5731)  labeled=384506 (MP=1347, MR=383159)
  >> AUC snapshot at 110 queries: PR-AUC(trapz) = 0.2615; AP = 0.2632
  [Timing] kmedianpp query selection: 0.68s
  [Voronoi-L2] Computing sample weights (λ=10.0, max_iter=8, 384516 labeled vs 100000 pool (subsampled from 4042878))...
    [Voronoi-L2] CUDA chunk size: 1615 pool rows x 384516 labeled
  [Timing] Voronoi-L2 weights: 19.89s
  [TrainWeights] class_balance=none mode=fixed target=10000 total=10000 MP=2084.15 MR=7915.85
/home/bgg7950/.local/lib/python3.10/site-packages/xgboost/training.py:200: UserWarning: [23:00:42] WARNING: /__w/xgboost/xgboost/src/learner.cc:782: 
Parameters: { "use_label_encoder" } are not used.

  bst.update(dtrain, iteration=i, fobj=obj)
  [Timing] Classifier train: 2.92s
  [Timing] Evaluation: 1.40s
[Query  120] Acc=0.9888  Loss(test MP=1.1269 MR=0.0430 avg=0.5849)  labeled=384516 (MP=1347, MR=383169)
  >> AUC snapshot at 120 queries: PR-AUC(trapz) = 0.2578; AP = 0.2596
  [Timing] kmedianpp query selection: 0.69s
  [Voronoi-L2] Computing sample weights (λ=10.0, max_iter=8, 384526 labeled vs 100000 pool (subsampled from 4042878))...
    [Voronoi-L2] CUDA chunk size: 1615 pool rows x 384526 labeled
  [Timing] Voronoi-L2 weights: 19.98s
  [TrainWeights] class_balance=none mode=fixed target=10000 total=10000 MP=2073.35 MR=7926.65
/home/bgg7950/.local/lib/python3.10/site-packages/xgboost/training.py:200: UserWarning: [23:01:08] WARNING: /__w/xgboost/xgboost/src/learner.cc:782: 
Parameters: { "use_label_encoder" } are not used.

  bst.update(dtrain, iteration=i, fobj=obj)
  [Timing] Classifier train: 2.93s
  [Timing] Evaluation: 1.39s
[Query  130] Acc=0.9890  Loss(test MP=1.1008 MR=0.0427 avg=0.5718)  labeled=384526 (MP=1347, MR=383179)
  >> AUC snapshot at 130 queries: PR-AUC(trapz) = 0.2677; AP = 0.2693
  [Timing] kmedianpp query selection: 0.68s
  [Voronoi-L2] Computing sample weights (λ=10.0, max_iter=8, 384536 labeled vs 100000 pool (subsampled from 4042878))...
    [Voronoi-L2] CUDA chunk size: 1615 pool rows x 384536 labeled
  [Timing] Voronoi-L2 weights: 20.22s
  [TrainWeights] class_balance=none mode=fixed target=10000 total=10000 MP=2070.39 MR=7929.61
/home/bgg7950/.local/lib/python3.10/site-packages/xgboost/training.py:200: UserWarning: [23:01:35] WARNING: /__w/xgboost/xgboost/src/learner.cc:782: 
Parameters: { "use_label_encoder" } are not used.

  bst.update(dtrain, iteration=i, fobj=obj)
  [Timing] Classifier train: 2.92s
  [Timing] Evaluation: 1.41s
[Query  140] Acc=0.9896  Loss(test MP=1.0950 MR=0.0417 avg=0.5683)  labeled=384536 (MP=1347, MR=383189)
  >> AUC snapshot at 140 queries: PR-AUC(trapz) = 0.2594; AP = 0.2604
  [Timing] kmedianpp query selection: 0.70s
  [Voronoi-L2] Computing sample weights (λ=10.0, max_iter=8, 384546 labeled vs 100000 pool (subsampled from 4042878))...
    [Voronoi-L2] CUDA chunk size: 1615 pool rows x 384546 labeled
  [Timing] Voronoi-L2 weights: 20.14s
  [TrainWeights] class_balance=none mode=fixed target=10000 total=10000 MP=2064.32 MR=7935.68
/home/bgg7950/.local/lib/python3.10/site-packages/xgboost/training.py:200: UserWarning: [23:02:01] WARNING: /__w/xgboost/xgboost/src/learner.cc:782: 
Parameters: { "use_label_encoder" } are not used.

  bst.update(dtrain, iteration=i, fobj=obj)
  [Timing] Classifier train: 2.94s
  [Timing] Evaluation: 1.40s
[Query  150] Acc=0.9897  Loss(test MP=1.1074 MR=0.0408 avg=0.5741)  labeled=384546 (MP=1347, MR=383199)
  >> AUC snapshot at 150 queries: PR-AUC(trapz) = 0.2655; AP = 0.2672

Total runtime (5 trial(s)): 2630.9s
Saved AUC trials plot to xgb_kmedianpp_noclassbalance_fixed10k_fullheldout_150q_5seeds/al_xgb_kmedianpp_l2_150_lambda_10/auc_trials.png
Saved average-precision trials plot to xgb_kmedianpp_noclassbalance_fixed10k_fullheldout_150q_5seeds/al_xgb_kmedianpp_l2_150_lambda_10/average_precision_trials.png
Saved MP fraction trials plot to xgb_kmedianpp_noclassbalance_fixed10k_fullheldout_150q_5seeds/al_xgb_kmedianpp_l2_150_lambda_10/mp_fraction_trials.png
Saved MP test loss trials plot to xgb_kmedianpp_noclassbalance_fixed10k_fullheldout_150q_5seeds/al_xgb_kmedianpp_l2_150_lambda_10/test_loss_MP_trials.png
Saved MR test loss trials plot to xgb_kmedianpp_noclassbalance_fixed10k_fullheldout_150q_5seeds/al_xgb_kmedianpp_l2_150_lambda_10/test_loss_MR_trials.png
Saved weight-stat trials plot to xgb_kmedianpp_noclassbalance_fixed10k_fullheldout_150q_5seeds/al_xgb_kmedianpp_l2_150_lambda_10/weight_l2_norm_trials.png
Saved weight-stat trials plot to xgb_kmedianpp_noclassbalance_fixed10k_fullheldout_150q_5seeds/al_xgb_kmedianpp_l2_150_lambda_10/weight_l2_sq_trials.png
Saved weight-stat trials plot to xgb_kmedianpp_noclassbalance_fixed10k_fullheldout_150q_5seeds/al_xgb_kmedianpp_l2_150_lambda_10/weight_effective_sample_size_trials.png

All outputs saved to xgb_kmedianpp_noclassbalance_fixed10k_fullheldout_150q_5seeds/al_xgb_kmedianpp_l2_150_lambda_10/

============================================================
  Plotting lambda=1e1, 1e2, 1e3, 1e4, inf AP curves
============================================================

Experiment                          n_trials Final Average Precision Mean Final Average Precision Std
--------------------------------------------------------------------------
lambda=1e1                                 5         0.2646        0.0065
lambda=1e2                                 5         0.3062        0.0042
lambda=1e3                                 5         0.3020        0.0056
lambda=1e4                                 5         0.2983        0.0033
lambda=inf (uniform)                       5         0.2518        0.0061

✓ Comparison plot saved to: xgb_kmedianpp_noclassbalance_fixed10k_fullheldout_150q_5seeds/xgb_kmedianpp_noclassbalance_fixed10k_ap_lambda1e1_1e2_1e3_1e4_inf.png

Experiment                          n_trials Final MP Count      Std
--------------------------------------------------------------------
lambda=1e1                                 5           0.00     0.00
lambda=1e2                                 5           0.00     0.00
lambda=1e3                                 5           0.00     0.00
lambda=1e4                                 5           0.00     0.00
lambda=inf (uniform)                       5           0.00     0.00

✓ MP count plot saved to: xgb_kmedianpp_noclassbalance_fixed10k_fullheldout_150q_5seeds/xgb_kmedianpp_noclassbalance_fixed10k_ap_lambda1e1_1e2_1e3_1e4_inf_mp_count.png

Added lambda=10 and saved the five-curve AP plot.
