
============================================================
  Strategy:       wasserstein
  Reweighting:    none
  lambda_MP:      0.01
  Query lambda:   0.0 (unregularized Wasserstein)
  Eval every:     10
  Output:         0.01MP-weight/al_xgb_wasserstein_none_150_lambda_0_queryonly
============================================================
/usr/lib/python3/dist-packages/scipy/__init__.py:146: UserWarning: A NumPy version >=1.17.3 and <1.25.0 is required for this version of SciPy (detected version 1.26.4
  warnings.warn(f"A NumPy version >={np_minversion} and <{np_maxversion}"
  [Torch] CUDA detected; TF32 matmul enabled where supported.
Loading warm-start data from bp_rp_lamost_normalized_low_teff.h5 ...
Loading full population from bp_rp_lamost_normalized.h5 ...
  Data loaded in 17.6s
  Warm-start: 450000 (MP=1580, MR=448420)
  Pool: 4821583 (MP=8496, MR=4813087)
  Eval set: 500000 (MP=873, MR=499127)
  Eval source: pool (legacy behavior; eval rows are sampled from the query pool)
  Train weight-sum mode: fixed; initial labeled count=450000; initial target sum=10000
  Reweight target source: query_pool; total=4821583

============================================================
Trial 1 / 5  (seed=42)
============================================================
  [TrainWeights] class_balance=ratio mode=fixed target=10000 total=10000 MP=99.0099 MR=9900.99
/home/bgg7950/.local/lib/python3.10/site-packages/xgboost/training.py:200: UserWarning: [22:10:34] WARNING: /__w/xgboost/xgboost/src/learner.cc:782: 
Parameters: { "use_label_encoder" } are not used.

  bst.update(dtrain, iteration=i, fobj=obj)
  [Timing] Classifier train: 2.18s
/home/bgg7950/.local/lib/python3.10/site-packages/xgboost/core.py:751: UserWarning: [22:10:36] WARNING: /__w/xgboost/xgboost/src/common/error_msg.cc:62: Falling back to prediction using DMatrix due to mismatched devices. This might lead to higher memory usage and slower performance. XGBoost is running on: cuda:0, while the input data is on: cpu.
Potential solutions:
- Use a data structure that matches the device ordinal in the booster.
- Set the device for booster before call to inplace_predict.

This warning will only be shown once.

  return func(**kwargs)
  [Timing] Evaluation: 1.28s
[Query    0] Acc=0.9529  Loss(test MP=0.6453 MR=0.1594 avg=0.4023)  labeled=450000 (MP=1580, MR=448420)
  [GPU] Wasserstein coupling: pool_size=45000, selecting 10
  [Timing] Wasserstein plan build: 1.53s
  [Timing] wasserstein query selection: 1.54s
  [TrainWeights] class_balance=ratio mode=fixed target=10000 total=10000 MP=99.0099 MR=9900.99
/home/bgg7950/.local/lib/python3.10/site-packages/xgboost/training.py:200: UserWarning: [22:10:39] WARNING: /__w/xgboost/xgboost/src/learner.cc:782: 
Parameters: { "use_label_encoder" } are not used.

  bst.update(dtrain, iteration=i, fobj=obj)
  [Timing] Classifier train: 2.00s
  [Timing] Evaluation: 1.14s
[Query   10] Acc=0.9542  Loss(test MP=0.6631 MR=0.1587 avg=0.4109)  labeled=450010 (MP=1580, MR=448430)
  >> AUC snapshot at 10 queries: PR-AUC(trapz) = 0.1634; AP = 0.1649
  [GPU] Wasserstein coupling: pool_size=45000, selecting 10
  [Timing] Wasserstein plan build: 1.35s
  [Timing] wasserstein query selection: 1.36s
  [TrainWeights] class_balance=ratio mode=fixed target=10000 total=10000 MP=99.0099 MR=9900.99
/home/bgg7950/.local/lib/python3.10/site-packages/xgboost/training.py:200: UserWarning: [22:10:45] WARNING: /__w/xgboost/xgboost/src/learner.cc:782: 
Parameters: { "use_label_encoder" } are not used.

  bst.update(dtrain, iteration=i, fobj=obj)
  [Timing] Classifier train: 2.01s
  [Timing] Evaluation: 1.11s
[Query   20] Acc=0.9553  Loss(test MP=0.6598 MR=0.1545 avg=0.4071)  labeled=450020 (MP=1580, MR=448440)
  >> AUC snapshot at 20 queries: PR-AUC(trapz) = 0.1741; AP = 0.1755
  [GPU] Wasserstein coupling: pool_size=45000, selecting 10
  [Timing] Wasserstein plan build: 1.36s
  [Timing] wasserstein query selection: 1.36s
  [TrainWeights] class_balance=ratio mode=fixed target=10000 total=10000 MP=99.0099 MR=9900.99
/home/bgg7950/.local/lib/python3.10/site-packages/xgboost/training.py:200: UserWarning: [22:10:50] WARNING: /__w/xgboost/xgboost/src/learner.cc:782: 
Parameters: { "use_label_encoder" } are not used.

  bst.update(dtrain, iteration=i, fobj=obj)
  [Timing] Classifier train: 2.00s
  [Timing] Evaluation: 1.11s
[Query   30] Acc=0.9555  Loss(test MP=0.6646 MR=0.1553 avg=0.4100)  labeled=450030 (MP=1580, MR=448450)
  >> AUC snapshot at 30 queries: PR-AUC(trapz) = 0.1743; AP = 0.1757
  [GPU] Wasserstein coupling: pool_size=45000, selecting 10
  [Timing] Wasserstein plan build: 1.35s
  [Timing] wasserstein query selection: 1.36s
  [TrainWeights] class_balance=ratio mode=fixed target=10000 total=10000 MP=99.0099 MR=9900.99
/home/bgg7950/.local/lib/python3.10/site-packages/xgboost/training.py:200: UserWarning: [22:10:55] WARNING: /__w/xgboost/xgboost/src/learner.cc:782: 
Parameters: { "use_label_encoder" } are not used.

  bst.update(dtrain, iteration=i, fobj=obj)
  [Timing] Classifier train: 2.02s
  [Timing] Evaluation: 1.11s
[Query   40] Acc=0.9551  Loss(test MP=0.6549 MR=0.1552 avg=0.4051)  labeled=450040 (MP=1580, MR=448460)
  >> AUC snapshot at 40 queries: PR-AUC(trapz) = 0.1725; AP = 0.1739
  [GPU] Wasserstein coupling: pool_size=45000, selecting 10
  [Timing] Wasserstein plan build: 1.35s
  [Timing] wasserstein query selection: 1.36s
  [TrainWeights] class_balance=ratio mode=fixed target=10000 total=10000 MP=99.0099 MR=9900.99
/home/bgg7950/.local/lib/python3.10/site-packages/xgboost/training.py:200: UserWarning: [22:11:01] WARNING: /__w/xgboost/xgboost/src/learner.cc:782: 
Parameters: { "use_label_encoder" } are not used.

  bst.update(dtrain, iteration=i, fobj=obj)
  [Timing] Classifier train: 2.02s
  [Timing] Evaluation: 1.11s
[Query   50] Acc=0.9571  Loss(test MP=0.6663 MR=0.1522 avg=0.4093)  labeled=450050 (MP=1580, MR=448470)
  >> AUC snapshot at 50 queries: PR-AUC(trapz) = 0.1753; AP = 0.1767
  [GPU] Wasserstein coupling: pool_size=45000, selecting 10
  [Timing] Wasserstein plan build: 1.35s
  [Timing] wasserstein query selection: 1.35s
  [TrainWeights] class_balance=ratio mode=fixed target=10000 total=10000 MP=99.0099 MR=9900.99
/home/bgg7950/.local/lib/python3.10/site-packages/xgboost/training.py:200: UserWarning: [22:11:06] WARNING: /__w/xgboost/xgboost/src/learner.cc:782: 
Parameters: { "use_label_encoder" } are not used.

  bst.update(dtrain, iteration=i, fobj=obj)
  [Timing] Classifier train: 2.03s
  [Timing] Evaluation: 1.11s
[Query   60] Acc=0.9568  Loss(test MP=0.6720 MR=0.1503 avg=0.4111)  labeled=450060 (MP=1580, MR=448480)
  >> AUC snapshot at 60 queries: PR-AUC(trapz) = 0.1760; AP = 0.1774
  [GPU] Wasserstein coupling: pool_size=45000, selecting 10
  [Timing] Wasserstein plan build: 1.36s
  [Timing] wasserstein query selection: 1.36s
  [TrainWeights] class_balance=ratio mode=fixed target=10000 total=10000 MP=99.0099 MR=9900.99
/home/bgg7950/.local/lib/python3.10/site-packages/xgboost/training.py:200: UserWarning: [22:11:12] WARNING: /__w/xgboost/xgboost/src/learner.cc:782: 
Parameters: { "use_label_encoder" } are not used.

  bst.update(dtrain, iteration=i, fobj=obj)
  [Timing] Classifier train: 2.02s
  [Timing] Evaluation: 1.10s
[Query   70] Acc=0.9567  Loss(test MP=0.6553 MR=0.1494 avg=0.4023)  labeled=450070 (MP=1580, MR=448490)
  >> AUC snapshot at 70 queries: PR-AUC(trapz) = 0.1799; AP = 0.1813
  [GPU] Wasserstein coupling: pool_size=45000, selecting 10
  [Timing] Wasserstein plan build: 1.35s
  [Timing] wasserstein query selection: 1.36s
  [TrainWeights] class_balance=ratio mode=fixed target=10000 total=10000 MP=99.0099 MR=9900.99
/home/bgg7950/.local/lib/python3.10/site-packages/xgboost/training.py:200: UserWarning: [22:11:17] WARNING: /__w/xgboost/xgboost/src/learner.cc:782: 
Parameters: { "use_label_encoder" } are not used.

  bst.update(dtrain, iteration=i, fobj=obj)
  [Timing] Classifier train: 2.03s
  [Timing] Evaluation: 1.11s
[Query   80] Acc=0.9585  Loss(test MP=0.6700 MR=0.1479 avg=0.4090)  labeled=450080 (MP=1580, MR=448500)
  >> AUC snapshot at 80 queries: PR-AUC(trapz) = 0.1794; AP = 0.1809
  [GPU] Wasserstein coupling: pool_size=45000, selecting 10
  [Timing] Wasserstein plan build: 1.35s
  [Timing] wasserstein query selection: 1.35s
  [TrainWeights] class_balance=ratio mode=fixed target=10000 total=10000 MP=99.0099 MR=9900.99
/home/bgg7950/.local/lib/python3.10/site-packages/xgboost/training.py:200: UserWarning: [22:11:23] WARNING: /__w/xgboost/xgboost/src/learner.cc:782: 
Parameters: { "use_label_encoder" } are not used.

  bst.update(dtrain, iteration=i, fobj=obj)
  [Timing] Classifier train: 2.05s
  [Timing] Evaluation: 1.11s
[Query   90] Acc=0.9587  Loss(test MP=0.6697 MR=0.1474 avg=0.4085)  labeled=450090 (MP=1580, MR=448510)
  >> AUC snapshot at 90 queries: PR-AUC(trapz) = 0.1811; AP = 0.1825
  [GPU] Wasserstein coupling: pool_size=45000, selecting 10
  [Timing] Wasserstein plan build: 1.35s
  [Timing] wasserstein query selection: 1.35s
  [TrainWeights] class_balance=ratio mode=fixed target=10000 total=10000 MP=99.0099 MR=9900.99
/home/bgg7950/.local/lib/python3.10/site-packages/xgboost/training.py:200: UserWarning: [22:11:28] WARNING: /__w/xgboost/xgboost/src/learner.cc:782: 
Parameters: { "use_label_encoder" } are not used.

  bst.update(dtrain, iteration=i, fobj=obj)
  [Timing] Classifier train: 2.06s
  [Timing] Evaluation: 1.11s
[Query  100] Acc=0.9603  Loss(test MP=0.6858 MR=0.1433 avg=0.4146)  labeled=450100 (MP=1580, MR=448520)
  >> AUC snapshot at 100 queries: PR-AUC(trapz) = 0.1807; AP = 0.1821
  [GPU] Wasserstein coupling: pool_size=45000, selecting 10
  [Timing] Wasserstein plan build: 1.35s
  [Timing] wasserstein query selection: 1.35s
  [TrainWeights] class_balance=ratio mode=fixed target=10000 total=10000 MP=99.0099 MR=9900.99
/home/bgg7950/.local/lib/python3.10/site-packages/xgboost/training.py:200: UserWarning: [22:11:34] WARNING: /__w/xgboost/xgboost/src/learner.cc:782: 
Parameters: { "use_label_encoder" } are not used.

  bst.update(dtrain, iteration=i, fobj=obj)
  [Timing] Classifier train: 2.05s
  [Timing] Evaluation: 1.11s
[Query  110] Acc=0.9604  Loss(test MP=0.6875 MR=0.1427 avg=0.4151)  labeled=450110 (MP=1580, MR=448530)
  >> AUC snapshot at 110 queries: PR-AUC(trapz) = 0.1839; AP = 0.1853
  [GPU] Wasserstein coupling: pool_size=45000, selecting 10
  [Timing] Wasserstein plan build: 1.35s
  [Timing] wasserstein query selection: 1.35s
  [TrainWeights] class_balance=ratio mode=fixed target=10000 total=10000 MP=99.0099 MR=9900.99
/home/bgg7950/.local/lib/python3.10/site-packages/xgboost/training.py:200: UserWarning: [22:11:39] WARNING: /__w/xgboost/xgboost/src/learner.cc:782: 
Parameters: { "use_label_encoder" } are not used.

  bst.update(dtrain, iteration=i, fobj=obj)
  [Timing] Classifier train: 2.06s
  [Timing] Evaluation: 1.11s
[Query  120] Acc=0.9596  Loss(test MP=0.6778 MR=0.1458 avg=0.4118)  labeled=450120 (MP=1580, MR=448540)
  >> AUC snapshot at 120 queries: PR-AUC(trapz) = 0.1845; AP = 0.1859
  [GPU] Wasserstein coupling: pool_size=45000, selecting 10
  [Timing] Wasserstein plan build: 1.35s
  [Timing] wasserstein query selection: 1.35s
  [TrainWeights] class_balance=ratio mode=fixed target=10000 total=10000 MP=99.0099 MR=9900.99
/home/bgg7950/.local/lib/python3.10/site-packages/xgboost/training.py:200: UserWarning: [22:11:45] WARNING: /__w/xgboost/xgboost/src/learner.cc:782: 
Parameters: { "use_label_encoder" } are not used.

  bst.update(dtrain, iteration=i, fobj=obj)
  [Timing] Classifier train: 2.06s
  [Timing] Evaluation: 1.11s
[Query  130] Acc=0.9608  Loss(test MP=0.6927 MR=0.1435 avg=0.4181)  labeled=450130 (MP=1580, MR=448550)
  >> AUC snapshot at 130 queries: PR-AUC(trapz) = 0.1859; AP = 0.1873
  [GPU] Wasserstein coupling: pool_size=45000, selecting 10
  [Timing] Wasserstein plan build: 1.35s
  [Timing] wasserstein query selection: 1.36s
  [TrainWeights] class_balance=ratio mode=fixed target=10000 total=10000 MP=99.0099 MR=9900.99
/home/bgg7950/.local/lib/python3.10/site-packages/xgboost/training.py:200: UserWarning: [22:11:50] WARNING: /__w/xgboost/xgboost/src/learner.cc:782: 
Parameters: { "use_label_encoder" } are not used.

  bst.update(dtrain, iteration=i, fobj=obj)
  [Timing] Classifier train: 2.06s
  [Timing] Evaluation: 1.12s
[Query  140] Acc=0.9617  Loss(test MP=0.7000 MR=0.1428 avg=0.4214)  labeled=450140 (MP=1580, MR=448560)
  >> AUC snapshot at 140 queries: PR-AUC(trapz) = 0.1821; AP = 0.1835
  [GPU] Wasserstein coupling: pool_size=45000, selecting 10
  [Timing] Wasserstein plan build: 1.35s
  [Timing] wasserstein query selection: 1.36s
  [TrainWeights] class_balance=ratio mode=fixed target=10000 total=10000 MP=99.0099 MR=9900.99
/home/bgg7950/.local/lib/python3.10/site-packages/xgboost/training.py:200: UserWarning: [22:11:56] WARNING: /__w/xgboost/xgboost/src/learner.cc:782: 
Parameters: { "use_label_encoder" } are not used.

  bst.update(dtrain, iteration=i, fobj=obj)
  [Timing] Classifier train: 2.07s
  [Timing] Evaluation: 1.08s
[Query  150] Acc=0.9627  Loss(test MP=0.7002 MR=0.1407 avg=0.4205)  labeled=450150 (MP=1580, MR=448570)
  >> AUC snapshot at 150 queries: PR-AUC(trapz) = 0.1863; AP = 0.1877

Trial 1 runtime: 104.2s  (data loading: 17.6s)
Saved PR curve plot to 0.01MP-weight/al_xgb_wasserstein_none_150_lambda_0_queryonly/pr_curve_mp.png.

============================================================
Trial 2 / 5  (seed=43)
============================================================
  [TrainWeights] class_balance=ratio mode=fixed target=10000 total=10000 MP=99.0099 MR=9900.99
/home/bgg7950/.local/lib/python3.10/site-packages/xgboost/training.py:200: UserWarning: [22:12:07] WARNING: /__w/xgboost/xgboost/src/learner.cc:782: 
Parameters: { "use_label_encoder" } are not used.

  bst.update(dtrain, iteration=i, fobj=obj)
  [Timing] Classifier train: 2.08s
  [Timing] Evaluation: 1.12s
[Query    0] Acc=0.9531  Loss(test MP=0.6405 MR=0.1587 avg=0.3996)  labeled=450000 (MP=1580, MR=448420)
  [GPU] Wasserstein coupling: pool_size=45000, selecting 10
  [Timing] Wasserstein plan build: 1.37s
  [Timing] wasserstein query selection: 1.37s
  [TrainWeights] class_balance=ratio mode=fixed target=10000 total=10000 MP=99.0099 MR=9900.99
/home/bgg7950/.local/lib/python3.10/site-packages/xgboost/training.py:200: UserWarning: [22:12:12] WARNING: /__w/xgboost/xgboost/src/learner.cc:782: 
Parameters: { "use_label_encoder" } are not used.

  bst.update(dtrain, iteration=i, fobj=obj)
  [Timing] Classifier train: 2.06s
  [Timing] Evaluation: 1.09s
[Query   10] Acc=0.9535  Loss(test MP=0.6356 MR=0.1567 avg=0.3962)  labeled=450010 (MP=1580, MR=448430)
  >> AUC snapshot at 10 queries: PR-AUC(trapz) = 0.1770; AP = 0.1784
  [GPU] Wasserstein coupling: pool_size=45000, selecting 10
  [Timing] Wasserstein plan build: 1.37s
  [Timing] wasserstein query selection: 1.38s
  [TrainWeights] class_balance=ratio mode=fixed target=10000 total=10000 MP=99.0099 MR=9900.99
/home/bgg7950/.local/lib/python3.10/site-packages/xgboost/training.py:200: UserWarning: [22:12:17] WARNING: /__w/xgboost/xgboost/src/learner.cc:782: 
Parameters: { "use_label_encoder" } are not used.

  bst.update(dtrain, iteration=i, fobj=obj)
  [Timing] Classifier train: 2.07s
  [Timing] Evaluation: 1.11s
[Query   20] Acc=0.9533  Loss(test MP=0.6486 MR=0.1562 avg=0.4024)  labeled=450020 (MP=1580, MR=448440)
  >> AUC snapshot at 20 queries: PR-AUC(trapz) = 0.1756; AP = 0.1770
  [GPU] Wasserstein coupling: pool_size=45000, selecting 10
  [Timing] Wasserstein plan build: 1.37s
  [Timing] wasserstein query selection: 1.38s
  [TrainWeights] class_balance=ratio mode=fixed target=10000 total=10000 MP=99.0099 MR=9900.99
/home/bgg7950/.local/lib/python3.10/site-packages/xgboost/training.py:200: UserWarning: [22:12:23] WARNING: /__w/xgboost/xgboost/src/learner.cc:782: 
Parameters: { "use_label_encoder" } are not used.

  bst.update(dtrain, iteration=i, fobj=obj)
  [Timing] Classifier train: 2.08s
  [Timing] Evaluation: 1.12s
[Query   30] Acc=0.9555  Loss(test MP=0.6570 MR=0.1523 avg=0.4047)  labeled=450030 (MP=1580, MR=448450)
  >> AUC snapshot at 30 queries: PR-AUC(trapz) = 0.1789; AP = 0.1803
  [GPU] Wasserstein coupling: pool_size=45000, selecting 10
  [Timing] Wasserstein plan build: 1.36s
  [Timing] wasserstein query selection: 1.37s
  [TrainWeights] class_balance=ratio mode=fixed target=10000 total=10000 MP=99.0099 MR=9900.99
/home/bgg7950/.local/lib/python3.10/site-packages/xgboost/training.py:200: UserWarning: [22:12:28] WARNING: /__w/xgboost/xgboost/src/learner.cc:782: 
Parameters: { "use_label_encoder" } are not used.

  bst.update(dtrain, iteration=i, fobj=obj)
  [Timing] Classifier train: 2.06s
  [Timing] Evaluation: 1.12s
[Query   40] Acc=0.9559  Loss(test MP=0.6717 MR=0.1514 avg=0.4116)  labeled=450040 (MP=1580, MR=448460)
  >> AUC snapshot at 40 queries: PR-AUC(trapz) = 0.1782; AP = 0.1796
  [GPU] Wasserstein coupling: pool_size=45000, selecting 10
  [Timing] Wasserstein plan build: 1.37s
  [Timing] wasserstein query selection: 1.37s
  [TrainWeights] class_balance=ratio mode=fixed target=10000 total=10000 MP=99.0099 MR=9900.99
/home/bgg7950/.local/lib/python3.10/site-packages/xgboost/training.py:200: UserWarning: [22:12:34] WARNING: /__w/xgboost/xgboost/src/learner.cc:782: 
Parameters: { "use_label_encoder" } are not used.

  bst.update(dtrain, iteration=i, fobj=obj)
  [Timing] Classifier train: 2.06s
  [Timing] Evaluation: 1.14s
[Query   50] Acc=0.9566  Loss(test MP=0.6518 MR=0.1514 avg=0.4016)  labeled=450050 (MP=1580, MR=448470)
  >> AUC snapshot at 50 queries: PR-AUC(trapz) = 0.1816; AP = 0.1831
  [GPU] Wasserstein coupling: pool_size=45000, selecting 10
  [Timing] Wasserstein plan build: 1.36s
  [Timing] wasserstein query selection: 1.37s
  [TrainWeights] class_balance=ratio mode=fixed target=10000 total=10000 MP=99.0099 MR=9900.99
/home/bgg7950/.local/lib/python3.10/site-packages/xgboost/training.py:200: UserWarning: [22:12:39] WARNING: /__w/xgboost/xgboost/src/learner.cc:782: 
Parameters: { "use_label_encoder" } are not used.

  bst.update(dtrain, iteration=i, fobj=obj)
  [Timing] Classifier train: 2.06s
  [Timing] Evaluation: 1.11s
[Query   60] Acc=0.9589  Loss(test MP=0.6631 MR=0.1474 avg=0.4052)  labeled=450060 (MP=1580, MR=448480)
  >> AUC snapshot at 60 queries: PR-AUC(trapz) = 0.1797; AP = 0.1811
  [GPU] Wasserstein coupling: pool_size=45000, selecting 10
  [Timing] Wasserstein plan build: 1.37s
  [Timing] wasserstein query selection: 1.37s
  [TrainWeights] class_balance=ratio mode=fixed target=10000 total=10000 MP=99.0099 MR=9900.99
/home/bgg7950/.local/lib/python3.10/site-packages/xgboost/training.py:200: UserWarning: [22:12:45] WARNING: /__w/xgboost/xgboost/src/learner.cc:782: 
Parameters: { "use_label_encoder" } are not used.

  bst.update(dtrain, iteration=i, fobj=obj)
  [Timing] Classifier train: 2.08s
  [Timing] Evaluation: 1.11s
[Query   70] Acc=0.9571  Loss(test MP=0.6515 MR=0.1476 avg=0.3995)  labeled=450070 (MP=1580, MR=448490)
  >> AUC snapshot at 70 queries: PR-AUC(trapz) = 0.1835; AP = 0.1849
  [GPU] Wasserstein coupling: pool_size=45000, selecting 10
  [Timing] Wasserstein plan build: 1.36s
  [Timing] wasserstein query selection: 1.36s
  [TrainWeights] class_balance=ratio mode=fixed target=10000 total=10000 MP=99.0099 MR=9900.99
/home/bgg7950/.local/lib/python3.10/site-packages/xgboost/training.py:200: UserWarning: [22:12:50] WARNING: /__w/xgboost/xgboost/src/learner.cc:782: 
Parameters: { "use_label_encoder" } are not used.

  bst.update(dtrain, iteration=i, fobj=obj)
  [Timing] Classifier train: 2.05s
  [Timing] Evaluation: 1.13s
[Query   80] Acc=0.9577  Loss(test MP=0.6491 MR=0.1472 avg=0.3982)  labeled=450080 (MP=1580, MR=448500)
  >> AUC snapshot at 80 queries: PR-AUC(trapz) = 0.1834; AP = 0.1849
  [GPU] Wasserstein coupling: pool_size=45000, selecting 10
  [Timing] Wasserstein plan build: 1.36s
  [Timing] wasserstein query selection: 1.36s
  [TrainWeights] class_balance=ratio mode=fixed target=10000 total=10000 MP=99.0099 MR=9900.99
/home/bgg7950/.local/lib/python3.10/site-packages/xgboost/training.py:200: UserWarning: [22:12:56] WARNING: /__w/xgboost/xgboost/src/learner.cc:782: 
Parameters: { "use_label_encoder" } are not used.

  bst.update(dtrain, iteration=i, fobj=obj)
  [Timing] Classifier train: 2.06s
  [Timing] Evaluation: 1.12s
[Query   90] Acc=0.9582  Loss(test MP=0.6555 MR=0.1457 avg=0.4006)  labeled=450090 (MP=1580, MR=448510)
  >> AUC snapshot at 90 queries: PR-AUC(trapz) = 0.1861; AP = 0.1875
  [GPU] Wasserstein coupling: pool_size=45000, selecting 10
  [Timing] Wasserstein plan build: 1.36s
  [Timing] wasserstein query selection: 1.36s
  [TrainWeights] class_balance=ratio mode=fixed target=10000 total=10000 MP=99.0099 MR=9900.99
/home/bgg7950/.local/lib/python3.10/site-packages/xgboost/training.py:200: UserWarning: [22:13:01] WARNING: /__w/xgboost/xgboost/src/learner.cc:782: 
Parameters: { "use_label_encoder" } are not used.

  bst.update(dtrain, iteration=i, fobj=obj)
  [Timing] Classifier train: 2.07s
  [Timing] Evaluation: 1.12s
[Query  100] Acc=0.9589  Loss(test MP=0.6521 MR=0.1474 avg=0.3997)  labeled=450100 (MP=1580, MR=448520)
  >> AUC snapshot at 100 queries: PR-AUC(trapz) = 0.1851; AP = 0.1865
  [GPU] Wasserstein coupling: pool_size=45000, selecting 10
  [Timing] Wasserstein plan build: 1.36s
  [Timing] wasserstein query selection: 1.36s
  [TrainWeights] class_balance=ratio mode=fixed target=10000 total=10000 MP=99.0099 MR=9900.99
/home/bgg7950/.local/lib/python3.10/site-packages/xgboost/training.py:200: UserWarning: [22:13:07] WARNING: /__w/xgboost/xgboost/src/learner.cc:782: 
Parameters: { "use_label_encoder" } are not used.

  bst.update(dtrain, iteration=i, fobj=obj)
  [Timing] Classifier train: 2.09s
  [Timing] Evaluation: 1.11s
[Query  110] Acc=0.9595  Loss(test MP=0.6689 MR=0.1471 avg=0.4080)  labeled=450110 (MP=1580, MR=448530)
  >> AUC snapshot at 110 queries: PR-AUC(trapz) = 0.1878; AP = 0.1893
  [GPU] Wasserstein coupling: pool_size=45000, selecting 10
  [Timing] Wasserstein plan build: 1.36s
  [Timing] wasserstein query selection: 1.36s
  [TrainWeights] class_balance=ratio mode=fixed target=10000 total=10000 MP=99.0099 MR=9900.99
/home/bgg7950/.local/lib/python3.10/site-packages/xgboost/training.py:200: UserWarning: [22:13:12] WARNING: /__w/xgboost/xgboost/src/learner.cc:782: 
Parameters: { "use_label_encoder" } are not used.

  bst.update(dtrain, iteration=i, fobj=obj)
  [Timing] Classifier train: 2.07s
  [Timing] Evaluation: 1.11s
[Query  120] Acc=0.9590  Loss(test MP=0.6534 MR=0.1468 avg=0.4001)  labeled=450120 (MP=1580, MR=448540)
  >> AUC snapshot at 120 queries: PR-AUC(trapz) = 0.1860; AP = 0.1874
  [GPU] Wasserstein coupling: pool_size=45000, selecting 10
  [Timing] Wasserstein plan build: 1.36s
  [Timing] wasserstein query selection: 1.36s
  [TrainWeights] class_balance=ratio mode=fixed target=10000 total=10000 MP=99.0099 MR=9900.99
/home/bgg7950/.local/lib/python3.10/site-packages/xgboost/training.py:200: UserWarning: [22:13:18] WARNING: /__w/xgboost/xgboost/src/learner.cc:782: 
Parameters: { "use_label_encoder" } are not used.

  bst.update(dtrain, iteration=i, fobj=obj)
  [Timing] Classifier train: 2.08s
  [Timing] Evaluation: 1.12s
[Query  130] Acc=0.9627  Loss(test MP=0.6703 MR=0.1377 avg=0.4040)  labeled=450130 (MP=1580, MR=448550)
  >> AUC snapshot at 130 queries: PR-AUC(trapz) = 0.1878; AP = 0.1892
  [GPU] Wasserstein coupling: pool_size=45000, selecting 10
  [Timing] Wasserstein plan build: 1.36s
  [Timing] wasserstein query selection: 1.36s
  [TrainWeights] class_balance=ratio mode=fixed target=10000 total=10000 MP=99.0099 MR=9900.99
/home/bgg7950/.local/lib/python3.10/site-packages/xgboost/training.py:200: UserWarning: [22:13:23] WARNING: /__w/xgboost/xgboost/src/learner.cc:782: 
Parameters: { "use_label_encoder" } are not used.

  bst.update(dtrain, iteration=i, fobj=obj)
  [Timing] Classifier train: 2.10s
  [Timing] Evaluation: 1.12s
[Query  140] Acc=0.9630  Loss(test MP=0.6767 MR=0.1389 avg=0.4078)  labeled=450140 (MP=1580, MR=448560)
  >> AUC snapshot at 140 queries: PR-AUC(trapz) = 0.1905; AP = 0.1920
  [GPU] Wasserstein coupling: pool_size=45000, selecting 10
  [Timing] Wasserstein plan build: 1.36s
  [Timing] wasserstein query selection: 1.36s
  [TrainWeights] class_balance=ratio mode=fixed target=10000 total=10000 MP=99.0099 MR=9900.99
/home/bgg7950/.local/lib/python3.10/site-packages/xgboost/training.py:200: UserWarning: [22:13:29] WARNING: /__w/xgboost/xgboost/src/learner.cc:782: 
Parameters: { "use_label_encoder" } are not used.

  bst.update(dtrain, iteration=i, fobj=obj)
  [Timing] Classifier train: 2.09s
  [Timing] Evaluation: 1.11s
[Query  150] Acc=0.9605  Loss(test MP=0.6589 MR=0.1422 avg=0.4006)  labeled=450150 (MP=1580, MR=448570)
  >> AUC snapshot at 150 queries: PR-AUC(trapz) = 0.1900; AP = 0.1914

============================================================
Trial 3 / 5  (seed=44)
============================================================
  [TrainWeights] class_balance=ratio mode=fixed target=10000 total=10000 MP=99.0099 MR=9900.99
/home/bgg7950/.local/lib/python3.10/site-packages/xgboost/training.py:200: UserWarning: [22:13:33] WARNING: /__w/xgboost/xgboost/src/learner.cc:782: 
Parameters: { "use_label_encoder" } are not used.

  bst.update(dtrain, iteration=i, fobj=obj)
  [Timing] Classifier train: 2.06s
  [Timing] Evaluation: 1.12s
[Query    0] Acc=0.9523  Loss(test MP=0.6411 MR=0.1583 avg=0.3997)  labeled=450000 (MP=1580, MR=448420)
  [GPU] Wasserstein coupling: pool_size=45000, selecting 10
  [Timing] Wasserstein plan build: 1.37s
  [Timing] wasserstein query selection: 1.38s
  [TrainWeights] class_balance=ratio mode=fixed target=10000 total=10000 MP=99.0099 MR=9900.99
/home/bgg7950/.local/lib/python3.10/site-packages/xgboost/training.py:200: UserWarning: [22:13:38] WARNING: /__w/xgboost/xgboost/src/learner.cc:782: 
Parameters: { "use_label_encoder" } are not used.

  bst.update(dtrain, iteration=i, fobj=obj)
  [Timing] Classifier train: 2.08s
  [Timing] Evaluation: 1.11s
[Query   10] Acc=0.9562  Loss(test MP=0.7031 MR=0.1506 avg=0.4268)  labeled=450010 (MP=1580, MR=448430)
  >> AUC snapshot at 10 queries: PR-AUC(trapz) = 0.1743; AP = 0.1757
  [GPU] Wasserstein coupling: pool_size=45000, selecting 10
  [Timing] Wasserstein plan build: 1.37s
  [Timing] wasserstein query selection: 1.38s
  [TrainWeights] class_balance=ratio mode=fixed target=10000 total=10000 MP=99.0099 MR=9900.99
/home/bgg7950/.local/lib/python3.10/site-packages/xgboost/training.py:200: UserWarning: [22:13:43] WARNING: /__w/xgboost/xgboost/src/learner.cc:782: 
Parameters: { "use_label_encoder" } are not used.

  bst.update(dtrain, iteration=i, fobj=obj)
  [Timing] Classifier train: 2.07s
  [Timing] Evaluation: 1.11s
[Query   20] Acc=0.9547  Loss(test MP=0.6900 MR=0.1525 avg=0.4212)  labeled=450020 (MP=1580, MR=448440)
  >> AUC snapshot at 20 queries: PR-AUC(trapz) = 0.1735; AP = 0.1749
  [GPU] Wasserstein coupling: pool_size=45000, selecting 10
  [Timing] Wasserstein plan build: 1.37s
  [Timing] wasserstein query selection: 1.38s
  [TrainWeights] class_balance=ratio mode=fixed target=10000 total=10000 MP=99.0099 MR=9900.99
/home/bgg7950/.local/lib/python3.10/site-packages/xgboost/training.py:200: UserWarning: [22:13:48] WARNING: /__w/xgboost/xgboost/src/learner.cc:782: 
Parameters: { "use_label_encoder" } are not used.

  bst.update(dtrain, iteration=i, fobj=obj)
  [Timing] Classifier train: 2.08s
  [Timing] Evaluation: 1.13s
[Query   30] Acc=0.9576  Loss(test MP=0.7130 MR=0.1495 avg=0.4312)  labeled=450030 (MP=1580, MR=448450)
  >> AUC snapshot at 30 queries: PR-AUC(trapz) = 0.1768; AP = 0.1783
  [GPU] Wasserstein coupling: pool_size=45000, selecting 10
  [Timing] Wasserstein plan build: 1.37s
  [Timing] wasserstein query selection: 1.38s
  [TrainWeights] class_balance=ratio mode=fixed target=10000 total=10000 MP=99.0099 MR=9900.99
/home/bgg7950/.local/lib/python3.10/site-packages/xgboost/training.py:200: UserWarning: [22:13:54] WARNING: /__w/xgboost/xgboost/src/learner.cc:782: 
Parameters: { "use_label_encoder" } are not used.

  bst.update(dtrain, iteration=i, fobj=obj)
  [Timing] Classifier train: 2.08s
  [Timing] Evaluation: 1.11s
[Query   40] Acc=0.9544  Loss(test MP=0.6423 MR=0.1557 avg=0.3990)  labeled=450040 (MP=1580, MR=448460)
  >> AUC snapshot at 40 queries: PR-AUC(trapz) = 0.1873; AP = 0.1888
  [GPU] Wasserstein coupling: pool_size=45000, selecting 10
  [Timing] Wasserstein plan build: 1.36s
  [Timing] wasserstein query selection: 1.37s
  [TrainWeights] class_balance=ratio mode=fixed target=10000 total=10000 MP=99.0099 MR=9900.99
/home/bgg7950/.local/lib/python3.10/site-packages/xgboost/training.py:200: UserWarning: [22:14:00] WARNING: /__w/xgboost/xgboost/src/learner.cc:782: 
Parameters: { "use_label_encoder" } are not used.

  bst.update(dtrain, iteration=i, fobj=obj)
  [Timing] Classifier train: 2.08s
  [Timing] Evaluation: 1.11s
[Query   50] Acc=0.9584  Loss(test MP=0.6955 MR=0.1470 avg=0.4212)  labeled=450050 (MP=1580, MR=448470)
  >> AUC snapshot at 50 queries: PR-AUC(trapz) = 0.1849; AP = 0.1863
  [GPU] Wasserstein coupling: pool_size=45000, selecting 10
  [Timing] Wasserstein plan build: 1.36s
  [Timing] wasserstein query selection: 1.37s
  [TrainWeights] class_balance=ratio mode=fixed target=10000 total=10000 MP=99.0099 MR=9900.99
/home/bgg7950/.local/lib/python3.10/site-packages/xgboost/training.py:200: UserWarning: [22:14:05] WARNING: /__w/xgboost/xgboost/src/learner.cc:782: 
Parameters: { "use_label_encoder" } are not used.

  bst.update(dtrain, iteration=i, fobj=obj)
  [Timing] Classifier train: 2.08s
  [Timing] Evaluation: 1.10s
[Query   60] Acc=0.9578  Loss(test MP=0.6687 MR=0.1484 avg=0.4085)  labeled=450060 (MP=1580, MR=448480)
  >> AUC snapshot at 60 queries: PR-AUC(trapz) = 0.1849; AP = 0.1863
  [GPU] Wasserstein coupling: pool_size=45000, selecting 10
  [Timing] Wasserstein plan build: 1.37s
  [Timing] wasserstein query selection: 1.38s
  [TrainWeights] class_balance=ratio mode=fixed target=10000 total=10000 MP=99.0099 MR=9900.99
/home/bgg7950/.local/lib/python3.10/site-packages/xgboost/training.py:200: UserWarning: [22:14:11] WARNING: /__w/xgboost/xgboost/src/learner.cc:782: 
Parameters: { "use_label_encoder" } are not used.

  bst.update(dtrain, iteration=i, fobj=obj)
  [Timing] Classifier train: 2.07s
  [Timing] Evaluation: 1.11s
[Query   70] Acc=0.9571  Loss(test MP=0.6881 MR=0.1495 avg=0.4188)  labeled=450070 (MP=1580, MR=448490)
  >> AUC snapshot at 70 queries: PR-AUC(trapz) = 0.1835; AP = 0.1849
  [GPU] Wasserstein coupling: pool_size=45000, selecting 10
  [Timing] Wasserstein plan build: 1.36s
  [Timing] wasserstein query selection: 1.37s
  [TrainWeights] class_balance=ratio mode=fixed target=10000 total=10000 MP=99.0099 MR=9900.99
/home/bgg7950/.local/lib/python3.10/site-packages/xgboost/training.py:200: UserWarning: [22:14:16] WARNING: /__w/xgboost/xgboost/src/learner.cc:782: 
Parameters: { "use_label_encoder" } are not used.

  bst.update(dtrain, iteration=i, fobj=obj)
  [Timing] Classifier train: 2.07s
  [Timing] Evaluation: 1.10s
[Query   80] Acc=0.9572  Loss(test MP=0.6843 MR=0.1514 avg=0.4179)  labeled=450080 (MP=1580, MR=448500)
  >> AUC snapshot at 80 queries: PR-AUC(trapz) = 0.1813; AP = 0.1827
  [GPU] Wasserstein coupling: pool_size=45000, selecting 10
  [Timing] Wasserstein plan build: 1.36s
  [Timing] wasserstein query selection: 1.36s
  [TrainWeights] class_balance=ratio mode=fixed target=10000 total=10000 MP=99.0099 MR=9900.99
/home/bgg7950/.local/lib/python3.10/site-packages/xgboost/training.py:200: UserWarning: [22:14:22] WARNING: /__w/xgboost/xgboost/src/learner.cc:782: 
Parameters: { "use_label_encoder" } are not used.

  bst.update(dtrain, iteration=i, fobj=obj)
  [Timing] Classifier train: 2.09s
  [Timing] Evaluation: 1.12s
[Query   90] Acc=0.9589  Loss(test MP=0.6969 MR=0.1473 avg=0.4221)  labeled=450090 (MP=1580, MR=448510)
  >> AUC snapshot at 90 queries: PR-AUC(trapz) = 0.1810; AP = 0.1824
  [GPU] Wasserstein coupling: pool_size=45000, selecting 10
  [Timing] Wasserstein plan build: 1.36s
  [Timing] wasserstein query selection: 1.37s
  [TrainWeights] class_balance=ratio mode=fixed target=10000 total=10000 MP=99.0099 MR=9900.99
/home/bgg7950/.local/lib/python3.10/site-packages/xgboost/training.py:200: UserWarning: [22:14:27] WARNING: /__w/xgboost/xgboost/src/learner.cc:782: 
Parameters: { "use_label_encoder" } are not used.

  bst.update(dtrain, iteration=i, fobj=obj)
  [Timing] Classifier train: 2.08s
  [Timing] Evaluation: 1.12s
[Query  100] Acc=0.9593  Loss(test MP=0.6942 MR=0.1459 avg=0.4200)  labeled=450100 (MP=1580, MR=448520)
  >> AUC snapshot at 100 queries: PR-AUC(trapz) = 0.1827; AP = 0.1841
  [GPU] Wasserstein coupling: pool_size=45000, selecting 10
  [Timing] Wasserstein plan build: 1.36s
  [Timing] wasserstein query selection: 1.36s
  [TrainWeights] class_balance=ratio mode=fixed target=10000 total=10000 MP=99.0099 MR=9900.99
/home/bgg7950/.local/lib/python3.10/site-packages/xgboost/training.py:200: UserWarning: [22:14:33] WARNING: /__w/xgboost/xgboost/src/learner.cc:782: 
Parameters: { "use_label_encoder" } are not used.

  bst.update(dtrain, iteration=i, fobj=obj)
  [Timing] Classifier train: 2.10s
  [Timing] Evaluation: 1.12s
[Query  110] Acc=0.9599  Loss(test MP=0.6888 MR=0.1441 avg=0.4164)  labeled=450110 (MP=1580, MR=448530)
  >> AUC snapshot at 110 queries: PR-AUC(trapz) = 0.1879; AP = 0.1893
  [GPU] Wasserstein coupling: pool_size=45000, selecting 10
  [Timing] Wasserstein plan build: 1.36s
  [Timing] wasserstein query selection: 1.36s
  [TrainWeights] class_balance=ratio mode=fixed target=10000 total=10000 MP=99.0099 MR=9900.99
/home/bgg7950/.local/lib/python3.10/site-packages/xgboost/training.py:200: UserWarning: [22:14:38] WARNING: /__w/xgboost/xgboost/src/learner.cc:782: 
Parameters: { "use_label_encoder" } are not used.

  bst.update(dtrain, iteration=i, fobj=obj)
  [Timing] Classifier train: 2.08s
  [Timing] Evaluation: 1.12s
[Query  120] Acc=0.9606  Loss(test MP=0.7025 MR=0.1418 avg=0.4222)  labeled=450120 (MP=1580, MR=448540)
  >> AUC snapshot at 120 queries: PR-AUC(trapz) = 0.1866; AP = 0.1880
  [GPU] Wasserstein coupling: pool_size=45000, selecting 10
  [Timing] Wasserstein plan build: 1.36s
  [Timing] wasserstein query selection: 1.36s
  [TrainWeights] class_balance=ratio mode=fixed target=10000 total=10000 MP=99.0099 MR=9900.99
/home/bgg7950/.local/lib/python3.10/site-packages/xgboost/training.py:200: UserWarning: [22:14:44] WARNING: /__w/xgboost/xgboost/src/learner.cc:782: 
Parameters: { "use_label_encoder" } are not used.

  bst.update(dtrain, iteration=i, fobj=obj)
  [Timing] Classifier train: 2.08s
  [Timing] Evaluation: 1.11s
[Query  130] Acc=0.9601  Loss(test MP=0.6799 MR=0.1450 avg=0.4124)  labeled=450130 (MP=1580, MR=448550)
  >> AUC snapshot at 130 queries: PR-AUC(trapz) = 0.1865; AP = 0.1879
  [GPU] Wasserstein coupling: pool_size=45000, selecting 10
  [Timing] Wasserstein plan build: 1.36s
  [Timing] wasserstein query selection: 1.36s
  [TrainWeights] class_balance=ratio mode=fixed target=10000 total=10000 MP=99.0099 MR=9900.99
/home/bgg7950/.local/lib/python3.10/site-packages/xgboost/training.py:200: UserWarning: [22:14:49] WARNING: /__w/xgboost/xgboost/src/learner.cc:782: 
Parameters: { "use_label_encoder" } are not used.

  bst.update(dtrain, iteration=i, fobj=obj)
  [Timing] Classifier train: 2.08s
  [Timing] Evaluation: 1.12s
[Query  140] Acc=0.9606  Loss(test MP=0.6957 MR=0.1428 avg=0.4193)  labeled=450140 (MP=1580, MR=448560)
  >> AUC snapshot at 140 queries: PR-AUC(trapz) = 0.1884; AP = 0.1898
  [GPU] Wasserstein coupling: pool_size=45000, selecting 10
  [Timing] Wasserstein plan build: 1.36s
  [Timing] wasserstein query selection: 1.36s
  [TrainWeights] class_balance=ratio mode=fixed target=10000 total=10000 MP=99.0099 MR=9900.99
/home/bgg7950/.local/lib/python3.10/site-packages/xgboost/training.py:200: UserWarning: [22:14:55] WARNING: /__w/xgboost/xgboost/src/learner.cc:782: 
Parameters: { "use_label_encoder" } are not used.

  bst.update(dtrain, iteration=i, fobj=obj)
  [Timing] Classifier train: 2.08s
  [Timing] Evaluation: 1.11s
[Query  150] Acc=0.9609  Loss(test MP=0.6945 MR=0.1432 avg=0.4189)  labeled=450150 (MP=1580, MR=448570)
  >> AUC snapshot at 150 queries: PR-AUC(trapz) = 0.1942; AP = 0.1956

============================================================
Trial 4 / 5  (seed=45)
============================================================
  [TrainWeights] class_balance=ratio mode=fixed target=10000 total=10000 MP=99.0099 MR=9900.99
/home/bgg7950/.local/lib/python3.10/site-packages/xgboost/training.py:200: UserWarning: [22:14:59] WARNING: /__w/xgboost/xgboost/src/learner.cc:782: 
Parameters: { "use_label_encoder" } are not used.

  bst.update(dtrain, iteration=i, fobj=obj)
  [Timing] Classifier train: 2.07s
  [Timing] Evaluation: 1.12s
[Query    0] Acc=0.9550  Loss(test MP=0.6921 MR=0.1523 avg=0.4222)  labeled=450000 (MP=1580, MR=448420)
  [GPU] Wasserstein coupling: pool_size=45000, selecting 10
  [Timing] Wasserstein plan build: 1.37s
  [Timing] wasserstein query selection: 1.38s
  [TrainWeights] class_balance=ratio mode=fixed target=10000 total=10000 MP=99.0099 MR=9900.99
/home/bgg7950/.local/lib/python3.10/site-packages/xgboost/training.py:200: UserWarning: [22:15:03] WARNING: /__w/xgboost/xgboost/src/learner.cc:782: 
Parameters: { "use_label_encoder" } are not used.

  bst.update(dtrain, iteration=i, fobj=obj)
  [Timing] Classifier train: 2.08s
  [Timing] Evaluation: 1.13s
[Query   10] Acc=0.9551  Loss(test MP=0.6954 MR=0.1512 avg=0.4233)  labeled=450010 (MP=1580, MR=448430)
  >> AUC snapshot at 10 queries: PR-AUC(trapz) = 0.1603; AP = 0.1617
  [GPU] Wasserstein coupling: pool_size=45000, selecting 10
  [Timing] Wasserstein plan build: 1.37s
  [Timing] wasserstein query selection: 1.37s
  [TrainWeights] class_balance=ratio mode=fixed target=10000 total=10000 MP=99.0099 MR=9900.99
/home/bgg7950/.local/lib/python3.10/site-packages/xgboost/training.py:200: UserWarning: [22:15:09] WARNING: /__w/xgboost/xgboost/src/learner.cc:782: 
Parameters: { "use_label_encoder" } are not used.

  bst.update(dtrain, iteration=i, fobj=obj)
  [Timing] Classifier train: 2.09s
  [Timing] Evaluation: 1.13s
[Query   20] Acc=0.9568  Loss(test MP=0.7024 MR=0.1465 avg=0.4244)  labeled=450020 (MP=1580, MR=448440)
  >> AUC snapshot at 20 queries: PR-AUC(trapz) = 0.1599; AP = 0.1613
  [GPU] Wasserstein coupling: pool_size=45000, selecting 10
  [Timing] Wasserstein plan build: 1.37s
  [Timing] wasserstein query selection: 1.38s
  [TrainWeights] class_balance=ratio mode=fixed target=10000 total=10000 MP=99.0099 MR=9900.99
/home/bgg7950/.local/lib/python3.10/site-packages/xgboost/training.py:200: UserWarning: [22:15:14] WARNING: /__w/xgboost/xgboost/src/learner.cc:782: 
Parameters: { "use_label_encoder" } are not used.

  bst.update(dtrain, iteration=i, fobj=obj)
  [Timing] Classifier train: 2.07s
  [Timing] Evaluation: 1.13s
[Query   30] Acc=0.9559  Loss(test MP=0.6939 MR=0.1485 avg=0.4212)  labeled=450030 (MP=1580, MR=448450)
  >> AUC snapshot at 30 queries: PR-AUC(trapz) = 0.1591; AP = 0.1605
  [GPU] Wasserstein coupling: pool_size=45000, selecting 10
  [Timing] Wasserstein plan build: 1.37s
  [Timing] wasserstein query selection: 1.38s
  [TrainWeights] class_balance=ratio mode=fixed target=10000 total=10000 MP=99.0099 MR=9900.99
/home/bgg7950/.local/lib/python3.10/site-packages/xgboost/training.py:200: UserWarning: [22:15:20] WARNING: /__w/xgboost/xgboost/src/learner.cc:782: 
Parameters: { "use_label_encoder" } are not used.

  bst.update(dtrain, iteration=i, fobj=obj)
  [Timing] Classifier train: 2.08s
  [Timing] Evaluation: 1.12s
[Query   40] Acc=0.9565  Loss(test MP=0.6780 MR=0.1503 avg=0.4142)  labeled=450040 (MP=1580, MR=448460)
  >> AUC snapshot at 40 queries: PR-AUC(trapz) = 0.1698; AP = 0.1712
  [GPU] Wasserstein coupling: pool_size=45000, selecting 10
  [Timing] Wasserstein plan build: 1.36s
  [Timing] wasserstein query selection: 1.37s
  [TrainWeights] class_balance=ratio mode=fixed target=10000 total=10000 MP=99.0099 MR=9900.99
/home/bgg7950/.local/lib/python3.10/site-packages/xgboost/training.py:200: UserWarning: [22:15:26] WARNING: /__w/xgboost/xgboost/src/learner.cc:782: 
Parameters: { "use_label_encoder" } are not used.

  bst.update(dtrain, iteration=i, fobj=obj)
  [Timing] Classifier train: 2.07s
  [Timing] Evaluation: 1.11s
[Query   50] Acc=0.9571  Loss(test MP=0.6876 MR=0.1486 avg=0.4181)  labeled=450050 (MP=1580, MR=448470)
  >> AUC snapshot at 50 queries: PR-AUC(trapz) = 0.1703; AP = 0.1718
  [GPU] Wasserstein coupling: pool_size=45000, selecting 10
  [Timing] Wasserstein plan build: 1.38s
  [Timing] wasserstein query selection: 1.38s
  [TrainWeights] class_balance=ratio mode=fixed target=10000 total=10000 MP=99.0099 MR=9900.99
/home/bgg7950/.local/lib/python3.10/site-packages/xgboost/training.py:200: UserWarning: [22:15:31] WARNING: /__w/xgboost/xgboost/src/learner.cc:782: 
Parameters: { "use_label_encoder" } are not used.

  bst.update(dtrain, iteration=i, fobj=obj)
  [Timing] Classifier train: 2.08s
  [Timing] Evaluation: 1.12s
[Query   60] Acc=0.9578  Loss(test MP=0.6868 MR=0.1495 avg=0.4181)  labeled=450060 (MP=1580, MR=448480)
  >> AUC snapshot at 60 queries: PR-AUC(trapz) = 0.1754; AP = 0.1769
  [GPU] Wasserstein coupling: pool_size=45000, selecting 10
  [Timing] Wasserstein plan build: 1.37s
  [Timing] wasserstein query selection: 1.38s
  [TrainWeights] class_balance=ratio mode=fixed target=10000 total=10000 MP=99.0099 MR=9900.99
/home/bgg7950/.local/lib/python3.10/site-packages/xgboost/training.py:200: UserWarning: [22:15:37] WARNING: /__w/xgboost/xgboost/src/learner.cc:782: 
Parameters: { "use_label_encoder" } are not used.

  bst.update(dtrain, iteration=i, fobj=obj)
  [Timing] Classifier train: 2.08s
  [Timing] Evaluation: 1.11s
[Query   70] Acc=0.9589  Loss(test MP=0.6958 MR=0.1432 avg=0.4195)  labeled=450070 (MP=1580, MR=448490)
  >> AUC snapshot at 70 queries: PR-AUC(trapz) = 0.1733; AP = 0.1747
  [GPU] Wasserstein coupling: pool_size=45000, selecting 10
  [Timing] Wasserstein plan build: 1.36s
  [Timing] wasserstein query selection: 1.37s
  [TrainWeights] class_balance=ratio mode=fixed target=10000 total=10000 MP=99.0099 MR=9900.99
/home/bgg7950/.local/lib/python3.10/site-packages/xgboost/training.py:200: UserWarning: [22:15:42] WARNING: /__w/xgboost/xgboost/src/learner.cc:782: 
Parameters: { "use_label_encoder" } are not used.

  bst.update(dtrain, iteration=i, fobj=obj)
  [Timing] Classifier train: 2.07s
  [Timing] Evaluation: 1.12s
[Query   80] Acc=0.9587  Loss(test MP=0.6859 MR=0.1459 avg=0.4159)  labeled=450080 (MP=1580, MR=448500)
  >> AUC snapshot at 80 queries: PR-AUC(trapz) = 0.1765; AP = 0.1779
  [GPU] Wasserstein coupling: pool_size=45000, selecting 10
  [Timing] Wasserstein plan build: 1.36s
  [Timing] wasserstein query selection: 1.37s
  [TrainWeights] class_balance=ratio mode=fixed target=10000 total=10000 MP=99.0099 MR=9900.99
/home/bgg7950/.local/lib/python3.10/site-packages/xgboost/training.py:200: UserWarning: [22:15:48] WARNING: /__w/xgboost/xgboost/src/learner.cc:782: 
Parameters: { "use_label_encoder" } are not used.

  bst.update(dtrain, iteration=i, fobj=obj)
  [Timing] Classifier train: 2.09s
  [Timing] Evaluation: 1.13s
[Query   90] Acc=0.9585  Loss(test MP=0.6839 MR=0.1449 avg=0.4144)  labeled=450090 (MP=1580, MR=448510)
  >> AUC snapshot at 90 queries: PR-AUC(trapz) = 0.1776; AP = 0.1790
  [GPU] Wasserstein coupling: pool_size=45000, selecting 10
  [Timing] Wasserstein plan build: 1.36s
  [Timing] wasserstein query selection: 1.37s
  [TrainWeights] class_balance=ratio mode=fixed target=10000 total=10000 MP=99.0099 MR=9900.99
/home/bgg7950/.local/lib/python3.10/site-packages/xgboost/training.py:200: UserWarning: [22:15:53] WARNING: /__w/xgboost/xgboost/src/learner.cc:782: 
Parameters: { "use_label_encoder" } are not used.

  bst.update(dtrain, iteration=i, fobj=obj)
  [Timing] Classifier train: 2.07s
  [Timing] Evaluation: 1.11s
[Query  100] Acc=0.9597  Loss(test MP=0.6853 MR=0.1439 avg=0.4146)  labeled=450100 (MP=1580, MR=448520)
  >> AUC snapshot at 100 queries: PR-AUC(trapz) = 0.1830; AP = 0.1844
  [GPU] Wasserstein coupling: pool_size=45000, selecting 10
  [Timing] Wasserstein plan build: 1.36s
  [Timing] wasserstein query selection: 1.36s
  [TrainWeights] class_balance=ratio mode=fixed target=10000 total=10000 MP=99.0099 MR=9900.99
/home/bgg7950/.local/lib/python3.10/site-packages/xgboost/training.py:200: UserWarning: [22:15:59] WARNING: /__w/xgboost/xgboost/src/learner.cc:782: 
Parameters: { "use_label_encoder" } are not used.

  bst.update(dtrain, iteration=i, fobj=obj)
  [Timing] Classifier train: 2.09s
  [Timing] Evaluation: 1.11s
[Query  110] Acc=0.9590  Loss(test MP=0.6719 MR=0.1445 avg=0.4082)  labeled=450110 (MP=1580, MR=448530)
  >> AUC snapshot at 110 queries: PR-AUC(trapz) = 0.1806; AP = 0.1820
  [GPU] Wasserstein coupling: pool_size=45000, selecting 10
  [Timing] Wasserstein plan build: 1.36s
  [Timing] wasserstein query selection: 1.36s
  [TrainWeights] class_balance=ratio mode=fixed target=10000 total=10000 MP=99.0099 MR=9900.99
/home/bgg7950/.local/lib/python3.10/site-packages/xgboost/training.py:200: UserWarning: [22:16:04] WARNING: /__w/xgboost/xgboost/src/learner.cc:782: 
Parameters: { "use_label_encoder" } are not used.

  bst.update(dtrain, iteration=i, fobj=obj)
  [Timing] Classifier train: 2.10s
  [Timing] Evaluation: 1.09s
[Query  120] Acc=0.9596  Loss(test MP=0.6997 MR=0.1438 avg=0.4217)  labeled=450120 (MP=1580, MR=448540)
  >> AUC snapshot at 120 queries: PR-AUC(trapz) = 0.1799; AP = 0.1813
  [GPU] Wasserstein coupling: pool_size=45000, selecting 10
  [Timing] Wasserstein plan build: 1.36s
  [Timing] wasserstein query selection: 1.36s
  [TrainWeights] class_balance=ratio mode=fixed target=10000 total=10000 MP=99.0099 MR=9900.99
/home/bgg7950/.local/lib/python3.10/site-packages/xgboost/training.py:200: UserWarning: [22:16:10] WARNING: /__w/xgboost/xgboost/src/learner.cc:782: 
Parameters: { "use_label_encoder" } are not used.

  bst.update(dtrain, iteration=i, fobj=obj)
  [Timing] Classifier train: 2.10s
  [Timing] Evaluation: 1.12s
[Query  130] Acc=0.9605  Loss(test MP=0.7107 MR=0.1426 avg=0.4266)  labeled=450130 (MP=1580, MR=448550)
  >> AUC snapshot at 130 queries: PR-AUC(trapz) = 0.1762; AP = 0.1777
  [GPU] Wasserstein coupling: pool_size=45000, selecting 10
  [Timing] Wasserstein plan build: 1.36s
  [Timing] wasserstein query selection: 1.36s
  [TrainWeights] class_balance=ratio mode=fixed target=10000 total=10000 MP=99.0099 MR=9900.99
/home/bgg7950/.local/lib/python3.10/site-packages/xgboost/training.py:200: UserWarning: [22:16:15] WARNING: /__w/xgboost/xgboost/src/learner.cc:782: 
Parameters: { "use_label_encoder" } are not used.

  bst.update(dtrain, iteration=i, fobj=obj)
  [Timing] Classifier train: 2.07s
  [Timing] Evaluation: 1.12s
[Query  140] Acc=0.9612  Loss(test MP=0.7049 MR=0.1412 avg=0.4231)  labeled=450140 (MP=1580, MR=448560)
  >> AUC snapshot at 140 queries: PR-AUC(trapz) = 0.1812; AP = 0.1827
  [GPU] Wasserstein coupling: pool_size=45000, selecting 10
  [Timing] Wasserstein plan build: 1.36s
  [Timing] wasserstein query selection: 1.36s
  [TrainWeights] class_balance=ratio mode=fixed target=10000 total=10000 MP=99.0099 MR=9900.99
/home/bgg7950/.local/lib/python3.10/site-packages/xgboost/training.py:200: UserWarning: [22:16:21] WARNING: /__w/xgboost/xgboost/src/learner.cc:782: 
Parameters: { "use_label_encoder" } are not used.

  bst.update(dtrain, iteration=i, fobj=obj)
  [Timing] Classifier train: 2.09s
  [Timing] Evaluation: 1.11s
[Query  150] Acc=0.9616  Loss(test MP=0.6929 MR=0.1411 avg=0.4170)  labeled=450150 (MP=1580, MR=448570)
  >> AUC snapshot at 150 queries: PR-AUC(trapz) = 0.1842; AP = 0.1856

============================================================
Trial 5 / 5  (seed=46)
============================================================
  [TrainWeights] class_balance=ratio mode=fixed target=10000 total=10000 MP=99.0099 MR=9900.99
/home/bgg7950/.local/lib/python3.10/site-packages/xgboost/training.py:200: UserWarning: [22:16:25] WARNING: /__w/xgboost/xgboost/src/learner.cc:782: 
Parameters: { "use_label_encoder" } are not used.

  bst.update(dtrain, iteration=i, fobj=obj)
  [Timing] Classifier train: 2.07s
  [Timing] Evaluation: 1.12s
[Query    0] Acc=0.9512  Loss(test MP=0.6542 MR=0.1644 avg=0.4093)  labeled=450000 (MP=1580, MR=448420)
  [GPU] Wasserstein coupling: pool_size=45000, selecting 10
  [Timing] Wasserstein plan build: 1.37s
  [Timing] wasserstein query selection: 1.38s
  [TrainWeights] class_balance=ratio mode=fixed target=10000 total=10000 MP=99.0099 MR=9900.99
/home/bgg7950/.local/lib/python3.10/site-packages/xgboost/training.py:200: UserWarning: [22:16:29] WARNING: /__w/xgboost/xgboost/src/learner.cc:782: 
Parameters: { "use_label_encoder" } are not used.

  bst.update(dtrain, iteration=i, fobj=obj)
  [Timing] Classifier train: 2.08s
  [Timing] Evaluation: 1.13s
[Query   10] Acc=0.9508  Loss(test MP=0.6877 MR=0.1636 avg=0.4257)  labeled=450010 (MP=1580, MR=448430)
  >> AUC snapshot at 10 queries: PR-AUC(trapz) = 0.1638; AP = 0.1653
  [GPU] Wasserstein coupling: pool_size=45000, selecting 10
  [Timing] Wasserstein plan build: 1.37s
  [Timing] wasserstein query selection: 1.38s
  [TrainWeights] class_balance=ratio mode=fixed target=10000 total=10000 MP=99.0099 MR=9900.99
/home/bgg7950/.local/lib/python3.10/site-packages/xgboost/training.py:200: UserWarning: [22:16:35] WARNING: /__w/xgboost/xgboost/src/learner.cc:782: 
Parameters: { "use_label_encoder" } are not used.

  bst.update(dtrain, iteration=i, fobj=obj)
  [Timing] Classifier train: 2.07s
  [Timing] Evaluation: 1.11s
[Query   20] Acc=0.9517  Loss(test MP=0.6780 MR=0.1619 avg=0.4200)  labeled=450020 (MP=1580, MR=448440)
  >> AUC snapshot at 20 queries: PR-AUC(trapz) = 0.1672; AP = 0.1686
  [GPU] Wasserstein coupling: pool_size=45000, selecting 10
  [Timing] Wasserstein plan build: 1.37s
  [Timing] wasserstein query selection: 1.37s
  [TrainWeights] class_balance=ratio mode=fixed target=10000 total=10000 MP=99.0099 MR=9900.99
/home/bgg7950/.local/lib/python3.10/site-packages/xgboost/training.py:200: UserWarning: [22:16:40] WARNING: /__w/xgboost/xgboost/src/learner.cc:782: 
Parameters: { "use_label_encoder" } are not used.

  bst.update(dtrain, iteration=i, fobj=obj)
  [Timing] Classifier train: 2.10s
  [Timing] Evaluation: 1.09s
[Query   30] Acc=0.9514  Loss(test MP=0.6802 MR=0.1624 avg=0.4213)  labeled=450030 (MP=1580, MR=448450)
  >> AUC snapshot at 30 queries: PR-AUC(trapz) = 0.1685; AP = 0.1700
  [GPU] Wasserstein coupling: pool_size=45000, selecting 10
  [Timing] Wasserstein plan build: 1.37s
  [Timing] wasserstein query selection: 1.38s
  [TrainWeights] class_balance=ratio mode=fixed target=10000 total=10000 MP=99.0099 MR=9900.99
/home/bgg7950/.local/lib/python3.10/site-packages/xgboost/training.py:200: UserWarning: [22:16:46] WARNING: /__w/xgboost/xgboost/src/learner.cc:782: 
Parameters: { "use_label_encoder" } are not used.

  bst.update(dtrain, iteration=i, fobj=obj)
  [Timing] Classifier train: 2.07s
  [Timing] Evaluation: 1.11s
[Query   40] Acc=0.9517  Loss(test MP=0.6622 MR=0.1601 avg=0.4111)  labeled=450040 (MP=1580, MR=448460)
  >> AUC snapshot at 40 queries: PR-AUC(trapz) = 0.1679; AP = 0.1694
  [GPU] Wasserstein coupling: pool_size=45000, selecting 10
  [Timing] Wasserstein plan build: 1.37s
  [Timing] wasserstein query selection: 1.37s
  [TrainWeights] class_balance=ratio mode=fixed target=10000 total=10000 MP=99.0099 MR=9900.99
/home/bgg7950/.local/lib/python3.10/site-packages/xgboost/training.py:200: UserWarning: [22:16:51] WARNING: /__w/xgboost/xgboost/src/learner.cc:782: 
Parameters: { "use_label_encoder" } are not used.

  bst.update(dtrain, iteration=i, fobj=obj)
  [Timing] Classifier train: 2.08s
  [Timing] Evaluation: 1.13s
[Query   50] Acc=0.9540  Loss(test MP=0.6905 MR=0.1596 avg=0.4250)  labeled=450050 (MP=1580, MR=448470)
  >> AUC snapshot at 50 queries: PR-AUC(trapz) = 0.1740; AP = 0.1754
  [GPU] Wasserstein coupling: pool_size=45000, selecting 10
  [Timing] Wasserstein plan build: 1.36s
  [Timing] wasserstein query selection: 1.37s
  [TrainWeights] class_balance=ratio mode=fixed target=10000 total=10000 MP=99.0099 MR=9900.99
/home/bgg7950/.local/lib/python3.10/site-packages/xgboost/training.py:200: UserWarning: [22:16:57] WARNING: /__w/xgboost/xgboost/src/learner.cc:782: 
Parameters: { "use_label_encoder" } are not used.

  bst.update(dtrain, iteration=i, fobj=obj)
  [Timing] Classifier train: 2.08s
  [Timing] Evaluation: 1.11s
[Query   60] Acc=0.9544  Loss(test MP=0.6804 MR=0.1573 avg=0.4189)  labeled=450060 (MP=1580, MR=448480)
  >> AUC snapshot at 60 queries: PR-AUC(trapz) = 0.1763; AP = 0.1778
  [GPU] Wasserstein coupling: pool_size=45000, selecting 10
  [Timing] Wasserstein plan build: 1.38s
  [Timing] wasserstein query selection: 1.38s
  [TrainWeights] class_balance=ratio mode=fixed target=10000 total=10000 MP=99.0099 MR=9900.99
/home/bgg7950/.local/lib/python3.10/site-packages/xgboost/training.py:200: UserWarning: [22:17:02] WARNING: /__w/xgboost/xgboost/src/learner.cc:782: 
Parameters: { "use_label_encoder" } are not used.

  bst.update(dtrain, iteration=i, fobj=obj)
  [Timing] Classifier train: 2.07s
  [Timing] Evaluation: 1.11s
[Query   70] Acc=0.9544  Loss(test MP=0.6825 MR=0.1585 avg=0.4205)  labeled=450070 (MP=1580, MR=448490)
  >> AUC snapshot at 70 queries: PR-AUC(trapz) = 0.1768; AP = 0.1782
  [GPU] Wasserstein coupling: pool_size=45000, selecting 10
  [Timing] Wasserstein plan build: 1.36s
  [Timing] wasserstein query selection: 1.36s
  [TrainWeights] class_balance=ratio mode=fixed target=10000 total=10000 MP=99.0099 MR=9900.99
/home/bgg7950/.local/lib/python3.10/site-packages/xgboost/training.py:200: UserWarning: [22:17:08] WARNING: /__w/xgboost/xgboost/src/learner.cc:782: 
Parameters: { "use_label_encoder" } are not used.

  bst.update(dtrain, iteration=i, fobj=obj)
  [Timing] Classifier train: 2.07s
  [Timing] Evaluation: 1.10s
[Query   80] Acc=0.9547  Loss(test MP=0.6921 MR=0.1546 avg=0.4233)  labeled=450080 (MP=1580, MR=448500)
  >> AUC snapshot at 80 queries: PR-AUC(trapz) = 0.1786; AP = 0.1800
  [GPU] Wasserstein coupling: pool_size=45000, selecting 10
  [Timing] Wasserstein plan build: 1.36s
  [Timing] wasserstein query selection: 1.36s
  [TrainWeights] class_balance=ratio mode=fixed target=10000 total=10000 MP=99.0099 MR=9900.99
/home/bgg7950/.local/lib/python3.10/site-packages/xgboost/training.py:200: UserWarning: [22:17:13] WARNING: /__w/xgboost/xgboost/src/learner.cc:782: 
Parameters: { "use_label_encoder" } are not used.

  bst.update(dtrain, iteration=i, fobj=obj)
  [Timing] Classifier train: 2.10s
  [Timing] Evaluation: 1.12s
[Query   90] Acc=0.9560  Loss(test MP=0.6821 MR=0.1555 avg=0.4188)  labeled=450090 (MP=1580, MR=448510)
  >> AUC snapshot at 90 queries: PR-AUC(trapz) = 0.1787; AP = 0.1802
  [GPU] Wasserstein coupling: pool_size=45000, selecting 10
  [Timing] Wasserstein plan build: 1.36s
  [Timing] wasserstein query selection: 1.36s
  [TrainWeights] class_balance=ratio mode=fixed target=10000 total=10000 MP=99.0099 MR=9900.99
/home/bgg7950/.local/lib/python3.10/site-packages/xgboost/training.py:200: UserWarning: [22:17:19] WARNING: /__w/xgboost/xgboost/src/learner.cc:782: 
Parameters: { "use_label_encoder" } are not used.

  bst.update(dtrain, iteration=i, fobj=obj)
  [Timing] Classifier train: 2.08s
  [Timing] Evaluation: 1.12s
[Query  100] Acc=0.9546  Loss(test MP=0.6617 MR=0.1562 avg=0.4090)  labeled=450100 (MP=1580, MR=448520)
  >> AUC snapshot at 100 queries: PR-AUC(trapz) = 0.1820; AP = 0.1835
  [GPU] Wasserstein coupling: pool_size=45000, selecting 10
  [Timing] Wasserstein plan build: 1.36s
  [Timing] wasserstein query selection: 1.36s
  [TrainWeights] class_balance=ratio mode=fixed target=10000 total=10000 MP=99.0099 MR=9900.99
/home/bgg7950/.local/lib/python3.10/site-packages/xgboost/training.py:200: UserWarning: [22:17:24] WARNING: /__w/xgboost/xgboost/src/learner.cc:782: 
Parameters: { "use_label_encoder" } are not used.

  bst.update(dtrain, iteration=i, fobj=obj)
  [Timing] Classifier train: 2.09s
  [Timing] Evaluation: 1.12s
[Query  110] Acc=0.9579  Loss(test MP=0.6672 MR=0.1510 avg=0.4091)  labeled=450110 (MP=1580, MR=448530)
  >> AUC snapshot at 110 queries: PR-AUC(trapz) = 0.1827; AP = 0.1841
  [GPU] Wasserstein coupling: pool_size=45000, selecting 10
  [Timing] Wasserstein plan build: 1.36s
  [Timing] wasserstein query selection: 1.36s
  [TrainWeights] class_balance=ratio mode=fixed target=10000 total=10000 MP=99.0099 MR=9900.99
/home/bgg7950/.local/lib/python3.10/site-packages/xgboost/training.py:200: UserWarning: [22:17:30] WARNING: /__w/xgboost/xgboost/src/learner.cc:782: 
Parameters: { "use_label_encoder" } are not used.

  bst.update(dtrain, iteration=i, fobj=obj)
  [Timing] Classifier train: 2.06s
  [Timing] Evaluation: 1.12s
[Query  120] Acc=0.9582  Loss(test MP=0.7056 MR=0.1492 avg=0.4274)  labeled=450120 (MP=1580, MR=448540)
  >> AUC snapshot at 120 queries: PR-AUC(trapz) = 0.1806; AP = 0.1820
  [GPU] Wasserstein coupling: pool_size=45000, selecting 10
  [Timing] Wasserstein plan build: 1.36s
  [Timing] wasserstein query selection: 1.36s
  [TrainWeights] class_balance=ratio mode=fixed target=10000 total=10000 MP=99.0099 MR=9900.99
/home/bgg7950/.local/lib/python3.10/site-packages/xgboost/training.py:200: UserWarning: [22:17:35] WARNING: /__w/xgboost/xgboost/src/learner.cc:782: 
Parameters: { "use_label_encoder" } are not used.

  bst.update(dtrain, iteration=i, fobj=obj)
  [Timing] Classifier train: 2.08s
  [Timing] Evaluation: 1.08s
[Query  130] Acc=0.9579  Loss(test MP=0.7056 MR=0.1524 avg=0.4290)  labeled=450130 (MP=1580, MR=448550)
  >> AUC snapshot at 130 queries: PR-AUC(trapz) = 0.1840; AP = 0.1854
  [GPU] Wasserstein coupling: pool_size=45000, selecting 10
  [Timing] Wasserstein plan build: 1.36s
  [Timing] wasserstein query selection: 1.36s
  [TrainWeights] class_balance=ratio mode=fixed target=10000 total=10000 MP=99.0099 MR=9900.99
/home/bgg7950/.local/lib/python3.10/site-packages/xgboost/training.py:200: UserWarning: [22:17:41] WARNING: /__w/xgboost/xgboost/src/learner.cc:782: 
Parameters: { "use_label_encoder" } are not used.

  bst.update(dtrain, iteration=i, fobj=obj)
  [Timing] Classifier train: 2.07s
  [Timing] Evaluation: 1.11s
[Query  140] Acc=0.9590  Loss(test MP=0.7038 MR=0.1489 avg=0.4263)  labeled=450140 (MP=1580, MR=448560)
  >> AUC snapshot at 140 queries: PR-AUC(trapz) = 0.1860; AP = 0.1874
  [GPU] Wasserstein coupling: pool_size=45000, selecting 10
  [Timing] Wasserstein plan build: 1.36s
  [Timing] wasserstein query selection: 1.36s
  [TrainWeights] class_balance=ratio mode=fixed target=10000 total=10000 MP=99.0099 MR=9900.99
/home/bgg7950/.local/lib/python3.10/site-packages/xgboost/training.py:200: UserWarning: [22:17:46] WARNING: /__w/xgboost/xgboost/src/learner.cc:782: 
Parameters: { "use_label_encoder" } are not used.

  bst.update(dtrain, iteration=i, fobj=obj)
  [Timing] Classifier train: 2.11s
  [Timing] Evaluation: 1.12s
[Query  150] Acc=0.9588  Loss(test MP=0.6923 MR=0.1463 avg=0.4193)  labeled=450150 (MP=1580, MR=448570)
  >> AUC snapshot at 150 queries: PR-AUC(trapz) = 0.1831; AP = 0.1845

Total runtime (5 trial(s)): 455.2s
Saved AUC trials plot to 0.01MP-weight/al_xgb_wasserstein_none_150_lambda_0_queryonly/auc_trials.png
Saved average-precision trials plot to 0.01MP-weight/al_xgb_wasserstein_none_150_lambda_0_queryonly/average_precision_trials.png
Saved MP fraction trials plot to 0.01MP-weight/al_xgb_wasserstein_none_150_lambda_0_queryonly/mp_fraction_trials.png
Saved MP test loss trials plot to 0.01MP-weight/al_xgb_wasserstein_none_150_lambda_0_queryonly/test_loss_MP_trials.png
Saved MR test loss trials plot to 0.01MP-weight/al_xgb_wasserstein_none_150_lambda_0_queryonly/test_loss_MR_trials.png
Saved weight-stat trials plot to 0.01MP-weight/al_xgb_wasserstein_none_150_lambda_0_queryonly/weight_l2_norm_trials.png
Saved weight-stat trials plot to 0.01MP-weight/al_xgb_wasserstein_none_150_lambda_0_queryonly/weight_l2_sq_trials.png
Saved weight-stat trials plot to 0.01MP-weight/al_xgb_wasserstein_none_150_lambda_0_queryonly/weight_effective_sample_size_trials.png

All outputs saved to 0.01MP-weight/al_xgb_wasserstein_none_150_lambda_0_queryonly/

============================================================
  Generating 0.01 MP-weight baseline comparison
============================================================

Experiment                          n_trials Final PR-AUC (trapz) Mean Final PR-AUC (trapz) Std
--------------------------------------------------------------------------
kmedian++ + L2 lambda=1e4                  5         0.2749        0.0049
Wasserstein-L2 greedy lambda=1e4           5         0.2601        0.0036
Wasserstein hard lambda=0                  5         0.0908        0.0137
random + no reweight                       5         0.1725        0.0036
Wasserstein query lambda=0 + no reweight        5         0.1875        0.0041

✓ Comparison plot saved to: 0.01MP-weight/xgb_0p01mp_weight_baselines_pr_auc_trapz.png

Experiment                          n_trials Final MP Count      Std
--------------------------------------------------------------------
kmedian++ + L2 lambda=1e4                  5           0.00     0.00
Wasserstein-L2 greedy lambda=1e4           5           0.20     0.40
Wasserstein hard lambda=0                  5           0.00     0.00
random + no reweight                       5           0.40     0.80
Wasserstein query lambda=0 + no reweight        5           0.00     0.00

✓ MP count plot saved to: 0.01MP-weight/xgb_0p01mp_weight_baselines_pr_auc_trapz_mp_count.png

Wasserstein query-only no-reweight baseline completed.
